SIZE: 16928
HEAD_SIZE:5248
Package Start-------------------------------------
Recv_Data:
file_index: 0
file_name: testfile!
file_size: 4096
package_size: 5248
total_size: 1852262
package_content: ÿØÿà
package End---------------------------------------
iPos: 5248
datakind: 0
iPos: 6288
datakind: 1
Package Start-------------------------------------
Recv_Data:
file_index: 1
file_name: testfile!
file_size: 4096
package_size: 5248
total_size: 1852262
package_content: çĞf¼, ¥úŸSÚksÏ´¿ìÛX£öP¬°¬yóııÀçOCï]¶“a¦éšüzÌ¥`»€/œ¿?9#»~bGCœ}	5­Î¨Ñ"h$RìHÊ€O`7zqšô+/íc;-¾Ÿä «D¿vYqÕ¯Ş©§ }+Ll¦ á{œµÛŠÒ7>äøIâ»OI'‚µùŞá&İ$Û“•e%V
package End---------------------------------------
iPos: 11536
datakind: 0
iPos: 12576
datakind: 1
iLastBufferSize: 4352

SIZE: 16060
HEAD_SIZE:5248
Package Start-------------------------------------
Recv_Data:
file_index: 2
file_name: testfile!
file_size: 4096
package_size: 5248
total_size: 1852262
package_content: ù-;åhÊÖş¬|ß¬ŞÁ¨Ï%Î|«†;çfl³îÔèN9«oc«êÑ¨²ù$”¼
package End---------------------------------------
iPos: 5248
datakind: 0
iPos: 6288
datakind: 1
Package Start-------------------------------------
Recv_Data:
file_index: 3
file_name: testfile!
file_size: 4096
package_size: 5248
total_size: 1852262
package_content: ğ
package End---------------------------------------
iPos: 11536
datakind: 0
iPos: 12576
datakind: 1
Package Start-------------------------------------
Recv_Data:
file_index: 4
file_name: testfile!
file_size: 4096
package_size: 5248
total_size: 1852262
package_content: z£ÖŠ¬SNŒãùÓw6sØ{Òò:Ğ±Áê
k}ì½zÒ†;ğyôâ”„SŸ^Ùë@\N	,ÇÙ§É\wõı(!ºŠ@F>ö7Z{WTäc¾ô ¶ÿ
package End---------------------------------------
iPos: 17824
datakind: 0
iPos: 18864
datakind: 1
iLastBufferSize: 1548

SIZE: 16060
HEAD_SIZE:5248
Package Start-------------------------------------
Recv_Data:
file_index: 5
file_name: testfile!
file_size: 4096
package_size: 5248
total_size: 1852262
package_content: qyrvÆàOSR¢›'­ˆn®'¸_-Pãægh¶Ãíw+ƒœF ÑÛ=ßÙ,âXÔŞEÆ©x-—!Sø€ãëZ>Ãf¦›n%‹ÏÎ]şï9"¯Ù¬VÇ,ä'·ALĞôá3˜CµxÏ¯½O}é7Øl#ı÷nƒÖ³ĞOEr=GWÂÖ‘ÉåÅÒM½ı«çS‚I>Ío’Š8ã“Z:µ—™“¸
package End---------------------------------------
iPos: 5248
datakind: 0
iPos: 6288
datakind: 1
Package Start-------------------------------------
Recv_Data:
file_index: 6
file_name: testfile!
file_size: 4096
package_size: 5248
total_size: 1852262
package_content: Î	ïÓ4à1øQßÒƒ‡òæ10yÏ~´£¯Z2sÔsAlĞ1§_z\ç¦	ö¤ ãpıh
package End---------------------------------------
iPos: 11536
datakind: 0
iPos: 12576
datakind: 1
iLastBufferSize: 5032

SIZE: 16060
HEAD_SIZE:5248
Package Start-------------------------------------
Recv_Data:
file_index: 7
file_name: testfile!
file_size: 4096
package_size: 5248
total_size: 1852262
package_content: ûäf”Œ
package End---------------------------------------
iPos: 5248
datakind: 0
iPos: 6288
datakind: 1
Package Start-------------------------------------
Recv_Data:
file_index: 8
file_name: testfile!
file_size: 4096
package_size: 5248
total_size: 1852262
package_content: j”÷&GÎHù@¨æºe@Šß7­uFŸ.Ä7sZİci7Êß(à(8ÏÖ´M´×ò$7åÆâ§¢­Uğµ’ÛÇı©x»Ùî‘¿jÜiWÚ„e` +œÉ&xÇ¥Kq‹Õ‰{Ìªo-å„ÚéñŠ0÷÷ª^Ô¯n3onòN>^?:ë<+àë{ÛÕ´óq
s<Íı+«Õ5BÒšŞÒÛËR
†ÛËõ«¦)B\°WfÑ—èyµ·ƒe{&¡/÷UGŞúJ’ãMŠ
îƒùšóÅkhÎ-Ğ4²727aQÚ´·Ì™,sÍm“Z³8JWÔ£éfLt<{{Ö®”ùŞ}Àc@=I¨…¼ÆI8?tU›fiœòÀpj©ÏX»èZÔ5ÑoÃ…û±(ÀÍW´i/‰¾»ÉÉÆOôªğÛ-íÆn	õ9ì*Ü·*“kØ8ÜkÜº!$ïrrã*n¦¦Ó"·´ŞÑBÌ¸ó[¢oñªb\ €~œU‹7SÕdÛf„®x8àÒšvÔÖQrV.ªÇi–·yr*¦º½+´8AÜôõµqáíÃzXºñ¡¹ó‘me˜ûú}k›Ô¼o&¹r-4Ûd·…FÔEtzûšÂ›çwŠ¿™ƒ‹ãï-NØß.£,Oõ¬k‹™¦¸Şr:g «“<pæÉç,Ìs“QÈÉ
äc¯šÙ;L”Ù˜¬ÃİL¿;çÌ¤
}€êj6idV¸ÈÉùS½hŸ"Æyr»˜©„w>¦ŸÂhšæMÍŒä‰'Lnè)Ešmù¹şB¦¹¹¼½¹ßpBŸîöĞSŞD†<ğæ¯™Ø|×eiU­¢-Ø§©èMV·\ÏûÆ8ÏúÕ‰g's¶qœz›N‚í‹Í˜úôZ¤ìµ¥ ’Û=Ú
package End---------------------------------------
iPos: 11536
datakind: 0
iPos: 12576
datakind: 1
Package Start-------------------------------------
Recv_Data:
file_index: 9
file_name: testfile!
file_size: 4096
package_size: 5248
total_size: 1852262
package_content: nÇ~9§±õõ¤8Îáôª'çç¸¦Ï§­JÃûŸN´„pF~”`~9¤ç;rêRxõ¦ì=×š
package End---------------------------------------
iPos: 17824
datakind: 0
iPos: 18864
datakind: 1
iLastBufferSize: 2228

SIZE: 16060
HEAD_SIZE:5248
Package Start-------------------------------------
Recv_Data:
file_index: 10
file_name: testfile!
file_size: 4096
package_size: 5248
total_size: 1852262
package_content: #ë• ò¹¤
sÈÔ
r®Xãh9[¨8ê
package End---------------------------------------
iPos: 5248
datakind: 0
iPos: 6288
datakind: 1
Package Start-------------------------------------
Recv_Data:
file_index: 11
file_name: testfile!
file_size: 4096
package_size: 5248
total_size: 1852262
package_content: 5§¦*Ä„È¼õ¦ÈVèe\iRãÏ”sèO5ºÌ%ÙåÏA[ÛoıáÏ¹5QK\]íµ‹
package End---------------------------------------
iPos: 11536
datakind: 0
iPos: 12576
datakind: 1
Package Start-------------------------------------
Recv_Data:
file_index: 12
file_name: testfile!
file_size: 4096
package_size: 5248
total_size: 1852262
package_content: I9Ÿzsqó7\Ò‘zqõ ²Ïqê:ÓsÆxàœÓŒ˜R
package End---------------------------------------
iPos: 17824
datakind: 0
iLastBufferSize: 464

SIZE: 16060
HEAD_SIZE:1040
iPos: 1040
datakind: 1
Package Start-------------------------------------
Recv_Data:
file_index: 13
file_name: testfile!
file_size: 4096
package_size: 5248
total_size: 1852262
package_content: VE¦ÓÇÒœ¶„”c£µ;
)
8ëèjÄK€1Ç4«n}>µ2BŞ½?ZWÓ@†îsJ5$àæš©ÀR?J–1óh[
package End---------------------------------------
iPos: 6288
datakind: 0
iPos: 7328
datakind: 1
Package Start-------------------------------------
Recv_Data:
file_index: 14
file_name: testfile!
file_size: 4096
package_size: 5248
total_size: 1852262
package_content: ræÊd ‘×·¥5íß8s×®+fãN¸’u1»Õ·áß‡Ò^±ŸQ‰Ì`g`ãwãZN­8+¶7$‘ÃM2ƒVt™¤¶”Lx' ®¿[ğªÏt-ÄqF«ÀŠ!Óêj$ğŞ›hDr0-ıÕ©UTÖ…(ó™Sj3^02ÍŞFçÀUË/·Y¡ıË6?Ï5¯¦išm¼şsÆ8íšĞ×.ôÛkæG€{/z¸BÆ¦¢ïs…¸»¼¼¹2˜È
zãŠ¹kcssšy;W¾Õa€^
package End---------------------------------------
iPos: 12576
datakind: 0
iPos: 13616
datakind: 1
iLastBufferSize: 2908

SIZE: 16060
HEAD_SIZE:5248
Package Start-------------------------------------
Recv_Data:
file_index: 15
file_name: testfile!
file_size: 4096
package_size: 5248
total_size: 1852262
package_content: Š‰ÁÎì~5+ú²ştÂ¬ß.xÍ-ˆ$Á=sš^8Õ3®®9¦:çæ‚Y^@sQ¸cœuaÓåÎ>™¨™9İ»·LĞ"¹Éë“ô¨ß
package End---------------------------------------
iPos: 5248
datakind: 0
iPos: 6288
datakind: 1
Package Start-------------------------------------
Recv_Data:
file_index: 16
file_name: testfile!
file_size: 4096
package_size: 5248
total_size: 1852262
package_content: ·Ÿû?ıjµ¨ÏÌ:ôæ§H1×=*ov2¼vÃ¦9÷©Ò<‘Ûó©õ"¤òÈê1íTqÄ`px"¥^NrOµxÀ=øõ¥Á×½
package End---------------------------------------
iPos: 11536
datakind: 0
iPos: 12576
datakind: 1
Package Start-------------------------------------
Recv_Data:
file_index: 17
file_name: testfile!
file_size: 4096
package_size: 5248
total_size: 1852262
package_content: .¥®ê‚48Hprzş½t‹àÈ£p¬Æ8Ç3;rÇØ
·iöUÆ‘¡Û^²6y>äÖŠ¤b­Õƒ‹°‘ÙYii»ídíòä÷úJY¥¶Ò gVßvGs”²é’,¾q¸·¾yü?Æ²¯.¡ĞÁpxv“íP•ö3IIêR½Ö"•ÍÅÔ†Iî'©÷ö¤´Ô’x–¢{†å™×;}…Hú=¡ Æ	b8DjøI§'”[ÊÈázŸÿ
package End---------------------------------------
iPos: 17824
datakind: 0
iPos: 18864
datakind: 1
iLastBufferSize: 104

SIZE: 16060
HEAD_SIZE:5248
Package Start-------------------------------------
Recv_Data:
file_index: 18
file_name: testfile!
file_size: 4096
package_size: 5248
total_size: 1852262
package_content: 'ŞëÛ¹¦–Ç4›‹~5Ihô¤8ZMÀœŸSMgİÏåL
package End---------------------------------------
iPos: 5248
datakind: 0
iPos: 6288
datakind: 1
Package Start-------------------------------------
Recv_Data:
file_index: 19
file_name: testfile!
file_size: 4096
package_size: 5248
total_size: 1852262
package_content: šÖå„8Èá¨»q,EÈ!wHÖ¯lÍÊÄ‡øO¿·½O}¢X_§9‘A3†êRşØ[8ÅŒ“H·@û;ŸCßëY:Š/Ş/•5tYLTey™©!¶WÊò:Œt>•‹¬ÛÜ¢Àî …Î²
package End---------------------------------------
iPos: 11536
datakind: 0
iPos: 12576
datakind: 1
iLastBufferSize: 3588

SIZE: 16060
HEAD_SIZE:5248
Package Start-------------------------------------
Recv_Data:
file_index: 20
file_name: testfile!
file_size: 4096
package_size: 5248
total_size: 1852262
package_content: P+`²Èjœ»ÔÉ¶õ{•o~×q6¥,»{GÒ›¤xwQ~ÓÔÏßÇõ­dh>Ç‹U%ş&Q“ïXúçˆµ¶Ÿç¨ ü)Æ2z"ù´45/MÒ•®u	ÒIö‘¡ÉçŞ³tÏ_=ÒYGHqòÛDysêÇÒ¯èÿ
package End---------------------------------------
iPos: 5248
datakind: 0
iPos: 6288
datakind: 1
Package Start-------------------------------------
Recv_Data:
file_index: 21
file_name: testfile!
file_size: 4096
package_size: 5248
total_size: 1852262
package_content: }iË"Šp¸^Õ›m‡3–ª=8§ˆThç“Ö”Ü¨ïS­Ä+F´ÖŒSMÅ5®
package End---------------------------------------
iPos: 11536
datakind: 0
iPos: 12576
datakind: 1
Package Start-------------------------------------
Recv_Data:
file_index: 22
file_name: testfile!
file_size: 4096
package_size: 5248
total_size: 1852262
package_content: ©¡sÔzÔNB¹Ï­J¥JíQI¢V‚4…›q8Çzjîg%‡Ó4¿98EİïLTåÛŸAK[Ù:Ûe<ço—©ÉëPÉ:îÚ§ŒÒ<¤ü›·{v¨ÜdÇ'ĞP‰mŠ]¸jÉ±‘!ó¤ùEVZ6Ü½}é'»vÁ•ˆ2i»#F
package End---------------------------------------
iPos: 17824
datakind: 0
iPos: 18864
datakind: 1
iLastBufferSize: 784

SIZE: 16060
HEAD_SIZE:5248
Package Start-------------------------------------
Recv_Data:
file_index: 23
file_name: testfile!
file_size: 4096
package_size: 5248
total_size: 1852262
package_content: üv«K¹ã5Ş‡ô¥Î9ÇôÇ#¯ë@ÄõÜ=ÅFøÁ-úÓ™€8S³Çô 8'-Ö¢|wEJÌ}qëš²NsV€‰×°èMFÃhíëS7·ÓZ2IR1Ï~ÔÀ”Ÿş¾)Œ§ÓéÅXò˜œt @qÇãM;U£wåGçLhr¸9ö«¾H{½2HW#'­>ft‘w<b«H„ò}+NX:àtêETÔ©,¼sÔSNàPq× ù¦9õÇ½YxÎ
package End---------------------------------------
iPos: 5248
datakind: 0
iPos: 6288
datakind: 1
Package Start-------------------------------------
Recv_Data:
file_index: 24
file_name: testfile!
file_size: 4096
package_size: 5248
total_size: 1852262
package_content: —˜&aµû'Ş²ŸE]O—L×VX¥™<Äù²îW kÓµ›Hïş4;¶ïhsœäk—¾ø`ê|§×šhQ‰Œrvç¨¬jA“8Yìy¾»á™n%HP¾èøf
package End---------------------------------------
iPos: 11536
datakind: 0
iPos: 12576
datakind: 1
iLastBufferSize: 4268

SIZE: 16060
HEAD_SIZE:5248
Package Start-------------------------------------
Recv_Data:
file_index: 25
file_name: testfile!
file_size: 4096
package_size: 5248
total_size: 1852262
package_content: ‘ÖhŞ!²ÒC]M
package End---------------------------------------
iPos: 5248
datakind: 0
iPos: 6288
datakind: 1
Package Start-------------------------------------
Recv_Data:
file_index: 26
file_name: testfile!
file_size: 4096
package_size: 5248
total_size: 1852262
package_content: FÜşt@)rq×¥;aÍ!\rNG¸ õ4o9ÔÒ§9¥<vü©[Pæ:rÉ“¿Ö¢ÇëN
IÈ=h²]ãgüiU¹éŞ˜y§ª‡"¡€ ñAúóŠP£¸¡‡8Çç@aÎOéQ²çŸz”zkûÓOP!aüYÍ0®O?ZÆO"šÃµX2ñëF8Á§²“Æ)I'"uÇ×µŞœW¥#/<Ğ1‡“ëMÏëOÚØéI°ç"€NEÙãÖŸ°ç¸¥1ù –µ"#ùR•$g&¥ò¹ë@' t ¢//Ò”'ãô©Œ]Í3sş4™N9şt¸Á©¼¼Œß4ã¡4ˆfyãÚ˜ã¾}zÔ¥qóÆ óš	#òùÁüèòÀ?-H=3õÅ	é@íãHWŒâ¦1Ç4¢<ö {2¹Œç#&šÈÃœ¶bŒ~´†şµ
package End---------------------------------------
iPos: 11536
datakind: 0
iPos: 12576
datakind: 1
Package Start-------------------------------------
Recv_Data:
file_index: 27
file_name: testfile!
file_size: 4096
package_size: 5248
total_size: 1852262
package_content: ^ <ù1F#·R‡ò‡/ƒõ¤¹Ö'»!pW…UÈo¿Ÿ¦k«ÔÏ˜³¥s)sÓ­VšgRÛ
I69$zÔÕv¸9ªH–É³*/ÌF=1Mó™›( ÔrÌíÁoÂ™æ8¬ÄNÅ›™Xö¢¢]ÄgŞŠ| F¹ÎH²
package End---------------------------------------
iPos: 17824
datakind: 0
iPos: 18864
datakind: 1
iLastBufferSize: 1464

SIZE: 16060
HEAD_SIZE:5248
Package Start-------------------------------------
Recv_Data:
file_index: 28
file_name: testfile!
file_size: 4096
package_size: 5248
total_size: 1852262
package_content: ¤ä½{P
package End---------------------------------------
iPos: 5248
datakind: 0
iPos: 6288
datakind: 1
Package Start-------------------------------------
Recv_Data:
file_index: 29
file_name: testfile!
file_size: 4096
package_size: 5248
total_size: 1852262
package_content: šõ¥Ì¶úMÊ<JKÃp€å½±×ë\lÚ{ø”èáŠ=É†œ²/¦GC™ï[A¶í4Jn£Qz;ZÖ›uàã
package End---------------------------------------
iPos: 11536
datakind: 0
iPos: 12576
datakind: 1
iLastBufferSize: 4948

SIZE: 16060
HEAD_SIZE:5248
Package Start-------------------------------------
Recv_Data:
file_index: 30
file_name: testfile!
file_size: 4096
package_size: 5248
total_size: 1852262
package_content: Õ´·*íå?İV$ÜÕä¼K]Gi¶´§å\òEgO¬a<dõn•’Ké£W?"ıÑYÊÀ¥f^Ó-mntöù:àV~§£ÛÆ­²7g†ïVL­n§
package End---------------------------------------
iPos: 5248
datakind: 0
iPos: 6288
datakind: 1
Package Start-------------------------------------
Recv_Data:
file_index: 31
file_name: testfile!
file_size: 4096
package_size: 5248
total_size: 1852262
package_content: Ü/z¹ê?Š±•À‘,cşí§FyÀ§­×LV¸¨nW¤ºl=©Üi±öò­)$'š‰ÆşµjM‰q¥#Jƒûªõö­ï#-È§¥°¥_´h/c?¡ÇîêÄ>‡©OÒ·¢€Õ:"ŠN´»™˜Iá8
package End---------------------------------------
iPos: 11536
datakind: 0
iPos: 12576
datakind: 1
Package Start-------------------------------------
Recv_Data:
file_index: 32
file_name: testfile!
file_size: 4096
package_size: 5248
total_size: 1852262
package_content: ®;×E§AäÁ“Ä™÷ŸZÂ»ÔÎJçC¤Ã§hÚ¿¸œ	¤â1éY/3oiÆWqà·V¥¼½·»<Dc
1ø
c¤×MµdÇÏÒ¹¡­î\oË`şØA‰•ŸÔƒüª—Ù®o®ÍÄve¹ÂƒÚ¶£Ò,tÛu7”òA4åÖ¢Dµ´·Ú¿òÑäÿ
package End---------------------------------------
iPos: 17824
datakind: 0
iPos: 18864
datakind: 1
iLastBufferSize: 2144

SIZE: 16060
HEAD_SIZE:5248
Package Start-------------------------------------
Recv_Data:
file_index: 33
file_name: testfile!
file_size: 4096
package_size: 5248
total_size: 1852262
package_content: Aü¨öˆwì'öy=« }3V£m?¯ËŠ= FÄô Ò}‡¶3[McÔÆµÇAUÎ9±=qúP,Hvµ¾ËƒÒ²œğ(ç‘•ö:
p²ĞV ´Ï8ı(c=:ÑÎ†e›6ì?Ji²=ÖµşËÆH¦µ¨í£’lÏ÷:O±ãµj›]Í’¿Z‰ÏÜÍ>`±––g<Š+Rz
Ğ[/j™,ñÎ)9E-€íS%¿v®‹PGJpƒj˜Z?‡ò¦<'®+@Áè)­oê)s03ZQ<=x­Fµè1­;íüéó’Öíœm¨Şİ³•®Öc®?cÙÿ
package End---------------------------------------
iPos: 5248
datakind: 0
iPos: 6288
datakind: 1
Package Start-------------------------------------
Recv_Data:
file_index: 34
file_name: testfile!
file_size: 4096
package_size: 5248
total_size: 1852262
package_content: <[Mê¬ŞtÈK›º
ÑAB6H¥&tĞ­ÔĞ‡•ü´œUxB5Ù&¤äš§&¿öİy¦Fèt–iwæP“ÉLa­ËÜØcC2È8Z­+œÀ÷«vz$f:[Œ»”öÑôÛe3\j«7OlU*´Ó°İH”\Aky®~µY.mn¥à7’§–=ÅUÔ¾Ï-ÛyQİºUyä{TåÈáA¦í lí|9â»Å¸HĞíb·…ÎØ÷I%uÚÊè>³]GÅ—¡\®v»nÈW’è+¿Ñ¦µœ+ÆW‚««ë×úåÑ»Ôo­ĞÂ¹çEJw:aYF-=MŸx—MñStm[Ás+ãsûûW(t`À-ì*ü3;õœg ïN{µ†"‚“Ñ©úš¸ûŠÈç©7RZXÙÆ’†rxç­Hµtù9=…b=á‘ö‡ÀÏAŞ¦‚IÑDˆ Ğµhˆ»µ‘¶ú­²G¸ÈqôÆh¬9d»¸È-é‘ERhjm#÷š6-Ëg¥Iõ-ÈéZŠ0@àZ“€=:×é¥+$ñ×54mƒ€¼ıjº¯ş©—àƒéV¬Z'F$z9ã¥>6oN½ªÉêy'Ö¥Üvçôö¦’Dµbtl0sR¤„rqÏµW\ãvFF?•sœ÷ïEhX‰ÁëÏ~•*¹Î2j²°ÈÉI`ûtÉ4Ùm]şëœòjT~ã'P9ÈàsÀ*1Ï“ZÜ¤îZ_áÉüêXå<nãÖ©«ÔŠ™X`'\Jc-,¤Œ“×Õ"ËÇËÎ}ª g¸éÅ=Xç=>”
åÅ
rÌò:ÕXØçw©Ï¤V8å€Ï¿ZXI2GÍÔpsÍ;ÌAcÚ ƒ¸ùÔƒ€N=¨`øöçšx|xäÔ	œ¼´õ÷?ŸJ
package End---------------------------------------
iPos: 11536
datakind: 0
iPos: 12576
datakind: 1
Package Start-------------------------------------
Recv_Data:
file_index: 35
file_name: testfile!
file_size: 4096
package_size: 5248
total_size: 1852262
package_content: ÚËoq^sñËZ¶¼!ôøÄL8Á<{ÖeïÆoß~ê•Œ`’Ñ¯?­3¤•ìØ}Z¥ÏVkêHúúS~ÈÂ‘şãÇÄßß6-PÄp§;GÔÕ[‹.²œy—ÛŠ»\}ãÖ—ö”_ÙÃMn{sYÃ½'Ø”ßä±ü|ñ”Éå[–İÈoOJÓãõÔ:‰¹Õ-cXÂcbI5ªÌ)½Ó'ØLõ?²`ò)E¯b?!\~ĞÚ(!M‹ów=jêüwĞe‹ÌŠ$c]¡Üe3µKlãS%¯<ƒ\„_¼6Çæ|1VâøÍáƒ7”¸ı3G×°ÿ
package End---------------------------------------
iPos: 17824
datakind: 0
iLastBufferSize: 380

SIZE: 16060
HEAD_SIZE:1040
iPos: 1040
datakind: 1
Package Start-------------------------------------
Recv_Data:
file_index: 36
file_name: testfile!
file_size: 4096
package_size: 5248
total_size: 1852262
package_content: ’Æ	8Ï½J¸9wæ¢‹ØïR¦Tç¦zAdª	ùC`§4õé¿•FœôëşsS Ï#¡ ]GªäzñëO\ŸÊš‹’?ız•TŸZppNiÊ¼ŒR¨ç’8Šz¦{ô=èÅ	•ïR*±à®=x¤Œdr>µ"—çÀçÖ€l9È¸ÍH‘Ş€wÅFrÍš‘P’1@İ ™
package End---------------------------------------
iPos: 6288
datakind: 0
iPos: 7328
datakind: 1
Package Start-------------------------------------
Recv_Data:
file_index: 37
file_name: testfile!
file_size: 4096
package_size: 5248
total_size: 1852262
package_content: Ù¹'­:ßV´‰HÜÏ¸Œdã‹Ôp"‡
package End---------------------------------------
iPos: 12576
datakind: 0
iPos: 13616
datakind: 1
iLastBufferSize: 2824

SIZE: 16060
HEAD_SIZE:5248
Package Start-------------------------------------
Recv_Data:
file_index: 38
file_name: testfile!
file_size: 4096
package_size: 5248
total_size: 1852262
package_content: ØØ'?Îœ$ß9àĞ¬Ó…ØŒ@¤‚	'"÷4æeÅ"Nñ6àHúRô¢Ò<7¦"ƒ}p^CÉOO¯¥l-¶‹aldy#U*¥»ÿ
package End---------------------------------------
iPos: 5248
datakind: 0
iPos: 6288
datakind: 1
Package Start-------------------------------------
Recv_Data:
file_index: 39
file_name: testfile!
file_size: 4096
package_size: 5248
total_size: 1852262
package_content: Ç^7Kç&ÖÙ<Ùû¯ş|ÕÔ«^QvVó&Hª–r¹ëZ·ˆoµuşÖ½ÔV#Óå™‡ÔóSèÖIsfÍgl¸?3’y¬™5K+`A%”q·¢Œöª×Ğ‹;%|Ç^£7-.Íít³MäB‹ã¦E+İïYQ¹=K˜ö¬8> \ÜÄëˆà6ÒycíPÍâ‹Å¹T¹T	œ8 ûUrVì)JOK-¶£Zæ}ÅsÇ¿aQX@­åò$Ğüô®KVÕ–5ïmœ®ÀK«É¹¸ÎJûJç­­µ¯ú“)¶‰’KYˆ$˜ûÈ{tÅtRÃ9+ÉÙS„äNO’iˆ–©«Ü$2Ÿ,ÇëÓ=*ÄŸLÖ¦êÕ„ÕY_ô¯#ÔüâOí–šÃTƒû=ÌD¼Ï†AAÏ¦:×G¢ü1¿Òlg]Vÿ
package End---------------------------------------
iPos: 11536
datakind: 0
iPos: 12576
datakind: 1
Package Start-------------------------------------
Recv_Data:
file_index: 40
file_name: testfile!
file_size: 4096
package_size: 5248
total_size: 1852262
package_content: c©ÊC
package End---------------------------------------
iPos: 17824
datakind: 0
iPos: 18864
datakind: 1
iLastBufferSize: 20

SIZE: 16060
HEAD_SIZE:5248
Package Start-------------------------------------
Recv_Data:
file_index: 41
file_name: testfile!
file_size: 4096
package_size: 5248
total_size: 1852262
package_content: g4d’ ç­léÚŸÙLw°‘ÓiÛ÷~¾Æºš¹µ7¥äÖ)”l|°
package End---------------------------------------
iPos: 5248
datakind: 0
iPos: 6288
datakind: 1
Package Start-------------------------------------
Recv_Data:
file_index: 42
file_name: testfile!
file_size: 4096
package_size: 5248
total_size: 1852262
package_content: }®LÊÃ †¥Šä£iärJõ¬«xdkpñÂ¶XñëëVašKiÂÎ2Å:ààVrµ4‘t-”¹—{o*C`jˆ´¡VHN	êXğ*9%Œ9ß.Ö
package End---------------------------------------
iPos: 11536
datakind: 0
iPos: 12576
datakind: 1
iLastBufferSize: 3504

SIZE: 16060
HEAD_SIZE:5248
Package Start-------------------------------------
Recv_Data:
file_index: 43
file_name: testfile!
file_size: 4096
package_size: 5248
total_size: 1852262
package_content: 3Ù³'#<µW´»…Ì;­>k¼»8‘URÒîà†‘ÔµoÉ£ËrHŠÍfİXÜÙ¸1
package End---------------------------------------
iPos: 5248
datakind: 0
iPos: 6288
datakind: 1
Package Start-------------------------------------
Recv_Data:
file_index: 44
file_name: testfile!
file_size: 4096
package_size: 5248
total_size: 1852262
package_content: $íŠ›1§*ñŸZ­=\ãŠ@>•x9Óbsšu
package End---------------------------------------
iPos: 11536
datakind: 0
iPos: 12576
datakind: 1
Package Start-------------------------------------
Recv_Data:
file_index: 45
file_name: testfile!
file_size: 4096
package_size: 5248
total_size: 1852262
package_content: ¢íBÏÈÁ²]i×?o†åUK#&6qjy'/z.åÕğåì÷Ì¤+@%ùr~jÊÕü}ºššÉ¾dÛÜô?çµ^µñ-Ä3ÄÎŞ@ë÷‚¿…hr+ˆ™­ço&7ÿ
package End---------------------------------------
iPos: 17824
datakind: 0
iPos: 18864
datakind: 1
iLastBufferSize: 700

SIZE: 16060
HEAD_SIZE:5248
Package Start-------------------------------------
Recv_Data:
file_index: 46
file_name: testfile!
file_size: 4096
package_size: 5248
total_size: 1852262
package_content: vÓMmæÉÓ§¡ŸX™WBTjœš—šß) ¤U>kXNÖ7ÏŠ.Êù'rW·ãLoÀé$s÷V°o.U“o>¹è*;häÚfoÔóR©Å¡94¬lO®Ç8;Ğ@*"v&İO?f™ŒReŸ½liZìvªUëÖ‡-JïSgF¶¹·
.®DC?31æ¤¿ñ&™c(ÒÈÌ3ó;}ãYo¹Ô	Ÿa¬{š’(¼˜üù;9È<šåœUîÅ=b]ºø…ªŞ¢ÛišbÂ‹Æ{ŸsïQÁâ[»k¡{«, ÿ
package End---------------------------------------
iPos: 5248
datakind: 0
iPos: 6288
datakind: 1
Package Start-------------------------------------
Recv_Data:
file_index: 47
file_name: testfile!
file_size: 4096
package_size: 5248
total_size: 1852262
package_content: ª=KW;âŒ?|m-Æ¿âk[)²É0Š¥Kd+£¦šòŞİöO(_—vXñŒâ¤Ü1Ã¹¯ş?ÁJ~éÑÅÃøúæ97ó”…`Fr?^eâ/ø*—î.¥±Ó,-à¶³¿FÏpQYÕ«‡¢½ù¤ûntÃ	ˆ¨¯Ë÷è}óâØøZãOkÛ˜R»ák+ÈøØÌßÌŒ~5Ìø·ö¡øà‹»;ÄŸ4»[›e&[ynÔ8ÀÏJüÈø¥ûu|RñÌw.³â…­Ã+,qÅ€6¶AÔ0õ¯
package End---------------------------------------
iPos: 11536
datakind: 0
iPos: 12576
datakind: 1
iLastBufferSize: 4184

SIZE: 16060
HEAD_SIZE:5248
Package Start-------------------------------------
Recv_Data:
file_index: 48
file_name: testfile!
file_size: 4096
package_size: 5248
total_size: 1852262
package_content: p 7IË2®óŞˆõu»º[x•”ÈÄô…o¾¤¹İš°n[rŞ2¼|‚ÇƒRê¶‰îD¡>xº~µV1?Ê_2n<ı*Ê,M(Šá[iFŒJ¸É«juB£¶ç?s§\ÚHDÖ¤C|«£Şª…¼–?7È‚vê·pï]ÄQË“ærüïØ…f>cö­ŸÙRÊÊ3ˆÓ=p}s]p©?x¹äï}s,q[ÚsÕÂr?>àÔj;†xf™xù‹ôãëùWIöËV-íÌ,ÈCy¬[hè1T™b1[ÍˆÃ*üÌ~†½*2£%fK¾èe¼ZÔ‡°¹X¼ĞÌR
package End---------------------------------------
iPos: 5248
datakind: 0
iPos: 6288
datakind: 1
Package Start-------------------------------------
Recv_Data:
file_index: 49
file_name: testfile!
file_size: 4096
package_size: 5248
total_size: 1852262
package_content: ;|°ûSæ•ôrZ\Ø¸kuØ£¿cëYšˆ†H[ìğ
package End---------------------------------------
iPos: 11536
datakind: 0
iPos: 12576
datakind: 1
Package Start-------------------------------------
Recv_Data:
file_index: 50
file_name: testfile!
file_size: 4096
package_size: 5248
total_size: 1852262
package_content: ÏC£a#\êR<oûw
wò
package End---------------------------------------
iPos: 17824
datakind: 0
iPos: 18864
datakind: 1
iLastBufferSize: 1380

SIZE: 16060
HEAD_SIZE:5248
Package Start-------------------------------------
Recv_Data:
file_index: 51
file_name: testfile!
file_size: 4096
package_size: 5248
total_size: 1852262
package_content: ´¨waÿ
package End---------------------------------------
iPos: 5248
datakind: 0
iPos: 6288
datakind: 1
Package Start-------------------------------------
Recv_Data:
file_index: 52
file_name: testfile!
file_size: 4096
package_size: 5248
total_size: 1852262
package_content: ¤W4—3ê—&_,•
package End---------------------------------------
iPos: 11536
datakind: 0
iPos: 12576
datakind: 1
iLastBufferSize: 4864

SIZE: 16060
HEAD_SIZE:5248
Package Start-------------------------------------
Recv_Data:
file_index: 53
file_name: testfile!
file_size: 4096
package_size: 5248
total_size: 1852262
package_content: 0
òóH
package End---------------------------------------
iPos: 5248
datakind: 0
iPos: 6288
datakind: 1
Package Start-------------------------------------
Recv_Data:
file_index: 54
file_name: testfile!
file_size: 4096
package_size: 5248
total_size: 1852262
package_content: “ëGŒt?ˆ~%¸k;»[UÚe’\`<ÕKoëšOˆín.d†M=bwºya¥?Æ{{LW¡N0kßi³GO[²ì­/Œt¢ºÕœĞ£( ´Ä¤z`Öe•¦œ!mÃÑ_Ço—É»(oBO~zù¨õhÆ—¨¾¦º•åÂ\ã1¼‹öx=p>bs:¥õÖ—©yĞæ1ÿ
package End---------------------------------------
iPos: 11536
datakind: 0
iPos: 12576
datakind: 1
Package Start-------------------------------------
Recv_Data:
file_index: 55
file_name: testfile!
file_size: 4096
package_size: 5248
total_size: 1852262
package_content: cş5¢j7ÀZÛ î±îyê})<õycCd8Ò¤¼ã‹m½Ód2ÿ
package End---------------------------------------
iPos: 17824
datakind: 0
iPos: 18864
datakind: 1
iLastBufferSize: 2060

SIZE: 16060
HEAD_SIZE:5248
Package Start-------------------------------------
Recv_Data:
file_index: 56
file_name: testfile!
file_size: 4096
package_size: 5248
total_size: 1852262
package_content: $66“½Ô³ÉùË}ÑğçƒïÈ¯{Ô9İ¨Æw±Óßê>’9oï®î­šåÉm=~-ûc {ÖåÅ­û¦Ÿ{¨¸¸ŒnILjÅHéŸöMi\jšM†±ÿ
package End---------------------------------------
iPos: 5248
datakind: 0
iPos: 6288
datakind: 1
Package Start-------------------------------------
Recv_Data:
file_index: 57
file_name: testfile!
file_size: 4096
package_size: 5248
total_size: 1852262
package_content: 5Í;Sex­omm£FÃC~ó
package End---------------------------------------
iPos: 11536
datakind: 0
iPos: 12576
datakind: 1
Package Start-------------------------------------
Recv_Data:
file_index: 58
file_name: testfile!
file_size: 4096
package_size: 5248
total_size: 1852262
package_content: ”N…§B›©[ëñ8Ó"Üç’®Û{ö5«,q…¾Ğå_‚âMÊ÷ë.ÄiÖq"[]¤1/ÄŠIÅiXİ\Û¡Ä!íG.íÈ?Oz®T›²Ğ…¾„–b»¡Óíî]•p³>HnsúU×¶²hˆ½¶x·YÚŠÚÎt’d¦;{ñÛÛ‹¹‘)øÕÛ?g8NZ¤c/uØÓşÎŠâ?-#Y#nG<j®¶2Ál£Nµíæy£HÆL{·jOµjGu¥Ü«9Îõ^_Â¡^ö¸Ú°ñå(K¨F }àØâöÄ…üÈäOİeÁ-UE—Ûâ¹°–%Ps$ddÜ­sv˜_Şîóƒô5\¨–¬Z¼½HÛÍ¸ú«`j}½ì2D“–çq‘ŸJ¡ğ\ÊRsÎÓœŠ³ocå([u'-ÃÔì¶’-ı¶”À¬7À÷©bvœ0•ÈÀäšË¹V±•.%‹vâFä<ñV­õ9#••ØºOó¡ÓêâO“6øæ9'‘´Š³bñ<›L	¸/,O8>ÕKXÖ!I&é$\àê*Ô&Yä€—8sşqIÅ¢lÓ/N‘y[–7éò°^µ›{*°+,/:1Á«2k¯0*ÎŠ1Âªò2ë[¦Ì×1’:œşTàº…Ü´Ex"(9·•ˆ9É8$0M3–™±‘»zLÕ©í"½?ºº
package End---------------------------------------
iPos: 17824
datakind: 0
iLastBufferSize: 296

SIZE: 16060
HEAD_SIZE:1040
iPos: 1040
datakind: 1
Package Start-------------------------------------
Recv_Data:
file_index: 59
file_name: testfile!
file_size: 4096
package_size: 5248
total_size: 1852262
package_content: ™›y§ı†áåâ–a’³Št—¶Ò.ËuÉn'õ¬ÉX,™~OrÜÓUÁ`È«ŠqVb½m6r·A„„â¥Ôì.uKÖ–Ä±àU]=gT.
€GV5Òi—7Ib~Ë(_FUË7øTTml	½‘—„-¬¬Ìº•ÑóHå
package End---------------------------------------
iPos: 6288
datakind: 0
iPos: 7328
datakind: 1
Package Start-------------------------------------
Recv_Data:
file_index: 60
file_name: testfile!
file_size: 4096
package_size: 5248
total_size: 1852262
package_content: xÕPğ2OsÖ¤ªv:Æ›©[-Ş™r·1¿)$'rqÖ¦k™¸Ù÷Í`Ó¹çY“SœÓ#bË–\zØ¤!Õ Æ8¨éÁÆ;Ğ‰Ó5"kÄ2ğç…m÷_Õ¡¶O-,€W|\ÿ
package End---------------------------------------
iPos: 12576
datakind: 0
iPos: 13616
datakind: 1
iLastBufferSize: 2740

SIZE: 16060
HEAD_SIZE:5248
Package Start-------------------------------------
Recv_Data:
file_index: 61
file_name: testfile!
file_size: 4096
package_size: 5248
total_size: 1852262
package_content: ‘/ÚHê¥ÖWKÒfœM=ä’aŒñrÄg¨
package End---------------------------------------
iPos: 5248
datakind: 0
iPos: 6288
datakind: 1
Package Start-------------------------------------
Recv_Data:
file_index: 62
file_name: testfile!
file_size: 4096
package_size: 5248
total_size: 1852262
package_content: 6[ËoïuúÓ’[U,Î¸Âã­W¸º™2Éû¿EíP™~Ñ'-ß c¥+r±—ÄrŒŒpqŸJymØª¡Ç®GJdp	ˆX›,Ç±æ£ºŠ[9r8%>SÍg9İX¶ÕŠwÂ5$Ùê;
Ì(vFEàıæıkJæQ¹‡bòÜã¹úÖUÓdì	÷z¸}«8œòVeÙÖ†)îéÕN=a²=º0ôÇSVîd/0CIè*—Ø$gù•rO«´ZÔ‹"™RWiV5öã×1­ªùƒ``q´ri›pìc$ÔåsøTÓÙ¢F¡Ôgû½Ee7XiÛb5¼HŒåd<=…DÚu«‘2#z=h‚ÆI.”79ëÇ
package End---------------------------------------
iPos: 11536
datakind: 0
iPos: 12576
datakind: 1
Package Start-------------------------------------
Recv_Data:
file_index: 63
file_name: testfile!
file_size: 4096
package_size: 5248
total_size: 1852262
package_content: tÎDÁ^¡ïÖ±ì~%M«êÚQ–°‘ƒÙÏ^FT×=yå^YÁw1Ë$o‘#!c·ı£¾+kHÿ
package End---------------------------------------
iPos: 17824
datakind: 0
iLastBufferSize: 976

SIZE: 16060
HEAD_SIZE:1040
iPos: 1040
datakind: 1
Package Start-------------------------------------
Recv_Data:
file_index: 64
file_name: testfile!
file_size: 4096
package_size: 5248
total_size: 1852262
package_content: ˜.0HQÔ‚9Zë ø© Í®.‚4|€ï¶('Ã·Ô
ç¼Xú-Š%Õ®’«±’`U.«×<uSıÚââ¾…¨Ç¢i{v<PÍ¸FO¦HäÕ#ïËm7Kİ¹ïXhVÀKar"g.ªÉ”ló–SÀçŠåí4RÛÄ¿mñf¹b–ærbµŠàñÆ{qúWŸèü_ˆF­/‡¥†ÄÊ¬FWÔ•=Aé]ï‹4Mrg†ãBhÑJ»3GòÈzå}:t®Â­/™Ó.f”ßWñ4—Ç¬6·6‹‚h–Ü	q
¯V¢¹O¶‡â-/NÖ4{«y'
lo\2’	Ã!öôÏÒ¢Óµ?S… ÒšÚŞ9,Êÿ
package End---------------------------------------
iPos: 6288
datakind: 0
iPos: 7328
datakind: 1
Package Start-------------------------------------
Recv_Data:
file_index: 65
file_name: testfile!
file_size: 4096
package_size: 5248
total_size: 1852262
package_content: êİó\¾³ã»í92Éj¬”PøÉÁâ±´_ëZ‰¹ñ²Mgo&ÿ
package End---------------------------------------
iPos: 12576
datakind: 0
iPos: 13616
datakind: 1
iLastBufferSize: 3420

SIZE: 16060
HEAD_SIZE:5248
Package Start-------------------------------------
Recv_Data:
file_index: 66
file_name: testfile!
file_size: 4096
package_size: 5248
total_size: 1852262
package_content: .“;}éÉò’ÕÙ“ıœºl„ysFømñò=ñSÛ^Ûê.—„ŒßÅ+/,}}«GÄ¶òÈ%½kµÏ<Æ[‰åôÀàT×^-ğî—áÛkmİEç&`y?ğ#ı+)7%¢¸§K–F|ú…m­¾Ñx^à&V^ı…súÅ¶£yj¯tUx:øU«ıFòø¶¡½<Áóg°©íÚmJÀMy1cıæãŒV”ã(êİÉµ‘‚šy5İ–cİ»Uí;G½…Eíêyq=XÕ«U·‚èI'ÌTå?›Qc-ÚÎe’Pü>êûV““è9ë	!Eº–ÚøyÇïü¸X×ük,Úˆİ‚Ü,®IÃzÓäÓîewvvUêÊ´×Ha¶ó’•ásŞ¢úî(¦¶,Û_ÄÊÖŸå£¡>æ³µ©-f"=6Ë{³}ñÂªı*9®î5stÿ
package End---------------------------------------
iPos: 5248
datakind: 0
iPos: 6288
datakind: 1
Package Start-------------------------------------
Recv_Data:
file_index: 67
file_name: testfile!
file_size: 4096
package_size: 5248
total_size: 1852262
package_content: BP¶æI0z~µ‡ã™!—Äxfİk¬B²	a\õVê:Ög‡¼O¯èW2Ãe`Ñ´L=Ë¹\âœé7ª<ª±•9µØíï|}k6 óElñJk…ŸÍBİ:c¥Eu-µÖš–ş%Ó$œ\>á<`/Ôt®MñÍ¥q$©©›+ó/Üku	¼õİéšŞğÔ÷~SE©j6‚Õ3ö»¡8“Ø7"¢+Ò|ÑĞÅNqwêyÿ
package End---------------------------------------
iPos: 11536
datakind: 0
iPos: 12576
datakind: 1
Package Start-------------------------------------
Recv_Data:
file_index: 68
file_name: testfile!
file_size: 4096
package_size: 5248
total_size: 1852262
package_content: ÙFÌ§ìù””lgÍokèya!ä‘\¤pçÊ$õ5~t5ËYÙ\É²Qİ H9æ¬jzJÏaçÏ–pI(ÏÌKHyíéU4û¯i¨×Igs)‰Ø¬ÓHO~„u8æ“jPR“wìk(ßwbÃkÖpËºtY#´ª1%œ~a["®Û_øbÁûP€,³ DYØç±+Ôœô®gXñ¿öõÛGaoöBˆ7íUB3Û§Z›ÂÖµÁ¹Õµyí|ÛtV´U“qÆy-×¸’‘’NRmW‰<Ulº»ÆâIö
package End---------------------------------------
iPos: 17824
datakind: 0
iPos: 18864
datakind: 1
iLastBufferSize: 616

SIZE: 16060
HEAD_SIZE:5248
Package Start-------------------------------------
Recv_Data:
file_index: 69
file_name: testfile!
file_size: 4096
package_size: 5248
total_size: 1852262
package_content: XS¿jä4Idº›Î‘‰Ïzí<;Õ‚‰¤´½bbÓ-7#$ÖV¯âb€¨ÀUëk
˜Õ«±7Æ¦¨”ÎZ”a}Xš¹ÙxzIg®&n¹5»s
package End---------------------------------------
iPos: 5248
datakind: 0
iPos: 6288
datakind: 1
Package Start-------------------------------------
Recv_Data:
file_index: 70
file_name: testfile!
file_size: 4096
package_size: 5248
total_size: 1852262
package_content: Sª’²8Í7Á&·RúÙQHä±àUÿ
package End---------------------------------------
iPos: 11536
datakind: 0
iPos: 12576
datakind: 1
iLastBufferSize: 4100

SIZE: 16060
HEAD_SIZE:5248
Package Start-------------------------------------
Recv_Data:
file_index: 71
file_name: testfile!
file_size: 4096
package_size: 5248
total_size: 1852262
package_content: ²”÷;p6 ëĞã§5Åèÿ
package End---------------------------------------
iPos: 5248
datakind: 0
iPos: 6288
datakind: 1
Package Start-------------------------------------
Recv_Data:
file_index: 72
file_name: testfile!
file_size: 4096
package_size: 5248
total_size: 1852262
package_content: <ÁÃ¦Ë…‡Ì±÷Á÷®ßcÏ7)|Šä»¹êÖˆ—ÍcvÏ4oå±iPù~Ryõük]ğ}ª\SO»äÄ°´¹UİÎiúG‰nâ»„3ÆËJÀÏ_\ßZĞÓ5/ê?fF–+yQDhŒ™¸'.O§AøVq£R”¯êS‹¬‡^A¥¤wqj‹+ù…	nSjã;É'¹ã×Še·‰íìmV4‚)SÎî=½&·áÛ‰ö]êº”ŠdùŸe·Ê)=0s×=}*mAhÿ
package End---------------------------------------
iPos: 11536
datakind: 0
iPos: 12576
datakind: 1
Package Start-------------------------------------
Recv_Data:
file_index: 73
file_name: testfile!
file_size: 4096
package_size: 5248
total_size: 1852262
package_content: *Å‡‡/59R8#$±è4Ae$³¨ŸQšôß
package End---------------------------------------
iPos: 17824
datakind: 0
iPos: 18864
datakind: 1
iLastBufferSize: 1296

SIZE: 16060
HEAD_SIZE:5248
Package Start-------------------------------------
Recv_Data:
file_index: 74
file_name: testfile!
file_size: 4096
package_size: 5248
total_size: 1852262
package_content:  İ¢ÿ
package End---------------------------------------
iPos: 5248
datakind: 0
iPos: 6288
datakind: 1
Package Start-------------------------------------
Recv_Data:
file_index: 75
file_name: testfile!
file_size: 4096
package_size: 5248
total_size: 1852262
package_content: w»¿àch^ø³¥ÜÜxÏÎ’îchæMñ’­Œäôô5­ğ‡áÇ†~j×·~î3¨ Šyî§YD[A yRs“Š~‹ğSÃúeújz~­uw{«L˜9'+E_—ƒnæÔ¼Õ0)iİ3'ÎOR¿˜2ÄQ”eRmv:}¶IÍ=v:[ß|AM0ø}E¥Ü—ìëöÍ>ıX$jA¿ºÜõÄ^ü=ÔtÙ?²õOµ²LX›…RÅObI÷æ­ø‹âi†"¾‘®äˆ»ù
baÎNí£ƒííF™ñG\ky«_^ù™U1K•
1ò‘È?ızXYâ(FéY…«RsÖë¥ú×~É6‹o¥ézŒ{nr«{p
package End---------------------------------------
iPos: 11536
datakind: 0
iPos: 12576
datakind: 1
iLastBufferSize: 4780

SIZE: 16060
HEAD_SIZE:5248
Package Start-------------------------------------
Recv_Data:
file_index: 76
file_name: testfile!
file_size: 4096
package_size: 5248
total_size: 1852262
package_content: }¼(Ú¼Œc «ğßJ¦ÿ
package End---------------------------------------
iPos: 5248
datakind: 0
iPos: 6288
datakind: 1
Package Start-------------------------------------
Recv_Data:
file_index: 77
file_name: testfile!
file_size: 4096
package_size: 5248
total_size: 1852262
package_content: º9è+œñ…ô‰¨ÃáíÙ)ïQëpkšRÁ`ñ4×€'O®*9g5¬­~…>iÉ+Ùnkø¿Ä
package End---------------------------------------
iPos: 11536
datakind: 0
iPos: 12576
datakind: 1
Package Start-------------------------------------
Recv_Data:
file_index: 78
file_name: testfile!
file_size: 4096
package_size: 5248
total_size: 1852262
package_content: ÇáUSà7­tHît¯Á=«‚Ë1½Œ1U'’¬sùWE,tU5hÈš©8Ìà®ä¶¿¾j*ÿ
package End---------------------------------------
iPos: 17824
datakind: 0
iPos: 18864
datakind: 1
iLastBufferSize: 1976

SIZE: 16060
HEAD_SIZE:5248
Package Start-------------------------------------
Recv_Data:
file_index: 79
file_name: testfile!
file_size: 4096
package_size: 5248
total_size: 1852262
package_content: ZµğËâ†µa«Ûi~(¶IáYÚ(¾Í¹šBxAç¥EªC¥ø·ZóI×åo“$ÇVEw|¾˜kGÃÚõ†»éšTßjØ¡$P¬-Õ‡Ş=·q_I*ê·–ö¿¡0¢´ksÔuü?«xy4/Š:b¼NäÚòšsÎS$in¾è–ş“â5î‡46.âÖÖ[«òÑ>Fü(=xêØê=kÅ>,Ë¯X_ÙÜO­Í$’3K$!7Ë)îrx=0OQ+ÙşxªÖ/F¾-»;ocI‘qu$‘Àã!Xà‘Á{kÃ¯ôé©©îöÿ
package End---------------------------------------
iPos: 5248
datakind: 0
iPos: 6288
datakind: 1
Package Start-------------------------------------
Recv_Data:
file_index: 80
file_name: testfile!
file_size: 4096
package_size: 5248
total_size: 1852262
package_content: µ®Yp{õÇzÍÜ
ŒNzU›xDÒ#
package End---------------------------------------
iPos: 11536
datakind: 0
iPos: 12576
datakind: 1
Package Start-------------------------------------
Recv_Data:
file_index: 81
file_name: testfile!
file_size: 4096
package_size: 5248
total_size: 1852262
package_content: 2pVšW¹ÃXi¶ò)”‚3×ñÍjA¥ÉæG,-ÊŸá]-¿‡´¨Nmã
´ºQÆ]#Ş8^µ/}×‘RŞŞŞ8Á%7c¢¯CSYZEÛ„b4cS<qWí,í?{lTtÃ.«Öz-•â”K€¬9Úx®9Õ{–¡7-‰|?~.İ°I¨<oükD¹–æ[í=ãt8h‡R}=A«Id!´1ÈQ)$¸İƒíEgXë6S|–÷Ñ‹”ÎØ²ÊÊ}çŞ¸ëboHÚñ‚J÷Q‚íâ°ğì—l;–RN{n½*m&×O¹u¼»·–Şd!¼‘*O¶}}+.ëÅ~(¼i Ô´ä³˜¯îîRpÛ±ê„uútº×Š¢°¶_ì´a6=ä’Ú=GcÍs¦çÓñ3½IÃcwY¿+¸AÒ"µQßïØÇğ ş”É4‹º’ğÜ£³§î¦Œèúõ%¼Z¦©¦C}%”W­í¸‹wÎG¨"—T“ÃÏ§©°I¬®áá’@Uı½A­aE5¦çD!m™Íëzä©ŸR3E(;¢2P¿#ßËáıYe0ı–Aûåg,> ûV‰|Q§}·ì/*†b$Y[*¸È|Ycákè-!+$³®&€êñœõÒ£7%Ë;£¡ñ~‡Í„O¦]À-å]ìÊŠ§êtükÕ|%-íáÒ›ÄæŞ%ä
ÇÔ”8ÏçNÕ¼iw¾{ì†‘ $o>‡n@Ï¯JÌÑµÿ
package End---------------------------------------
iPos: 17824
datakind: 0
iLastBufferSize: 212

SIZE: 16060
HEAD_SIZE:1040
iPos: 1040
datakind: 1
Package Start-------------------------------------
Recv_Data:
file_index: 82
file_name: testfile!
file_size: 4096
package_size: 5248
total_size: 1852262
package_content: •£NõÛN¥*z˜P¡R3ŒîK¡k7±èrÎÔ³Æ Y#~~fnã‚»]#KÔüijl?µš	­B¾ËAå¡QÉ>¿Zë¬>x?Ãzi¿›ÄÏp o&ÎTUóü.GSß=gXx3]ºšI4‹˜mÊÂ¾YG\d:QÇSå›‹Õõg¥Nt§9$ÌƒàoZX­®Ÿ}urÑ£ºß¯Xùù‘²;v5ÊßøëD¸:Îûùmî
–O8î•Éù˜÷Ö½ÖÎïÅZzÂ¿Ú°ÛÛÅne@Ìã·©éR7…4}cm$®B)ó
…}«?í¥i«šU–ZCSÅüğ¾ON²ßiÎ°EóG9 ¨=ó]Gˆ~ZÍ©Á=²ñÄßj>^
package End---------------------------------------
iPos: 6288
datakind: 0
iPos: 7328
datakind: 1
Package Start-------------------------------------
Recv_Data:
file_index: 83
file_name: testfile!
file_size: 4096
package_size: 5248
total_size: 1852262
package_content: ­¼b2è@’QÆàs÷±×ğ©´?Úiºÿ
package End---------------------------------------
iPos: 12576
datakind: 0
iPos: 13616
datakind: 1
iLastBufferSize: 2656

SIZE: 16060
HEAD_SIZE:5248
Package Start-------------------------------------
Recv_Data:
file_index: 84
file_name: testfile!
file_size: 4096
package_size: 5248
total_size: 1852262
package_content: —~5ø‘àíFïF¸»I.¥O"†tQéÏËX—^$ñÖ»¨=ş£¬=Ãğ°Ú³| ı+zXJµ-ï+3)Ñ>‡ªh<Ynå¹›N·ŠÑd$\LNç>Â¬\üpğm´²3\™åíØŞÂ¼Ş+ıKQmswÅÌÃ˜Ï">+m2öúY­§’}é@ÀÍw}J8Zæ²¡N”[‹zÅ ükøhñO©Ş0¹œ}Ø™ŠÄo­QŸUÕü$·Ñ¤fæ)Ú
package End---------------------------------------
iPos: 5248
datakind: 0
iPos: 6288
datakind: 1
Package Start-------------------------------------
Recv_Data:
file_index: 85
file_name: testfile!
file_size: 4096
package_size: 5248
total_size: 1852262
package_content: 7†m®S¬UFî¦ÛÅÖ“öÏéöºuø¸0XŞiöşo‘7=‘HLãÇ¯<Sã˜o¼M©ê2HÓ®Ø´Şj¹c[r€8È8Wyã1âÉu[fË_ºie|M%ÈS Ï,ÙùIÇ¨®=şC­jòZiú•ÕÃÄÒÈ—g-×¨àÏ5êa)CÍRMë÷#J»w{/ëş©e¬[_ÜGòs¼†€>½ëCZñõÓH!²¸Ûob6‚0O¨=OÖ±5;7Á“O¦]”
package End---------------------------------------
iPos: 11536
datakind: 0
iPos: 12576
datakind: 1
Package Start-------------------------------------
Recv_Data:
file_index: 86
file_name: testfile!
file_size: 4096
package_size: 5248
total_size: 1852262
package_content: Î¡uÅ¢Höêß¼™ñ†¼ÖÆ¤xVÎi¦¾bÊJÆQOËïŠêP“•Á)^í’xƒâ\ö6‘éˆå¸ÓÙ„¢ÕFÒY˜†ßô«Ş‡Ç¾'ğòÿ
package End---------------------------------------
iPos: 17824
datakind: 0
iLastBufferSize: 892

SIZE: 16060
HEAD_SIZE:1040
iPos: 1040
datakind: 1
Package Start-------------------------------------
Recv_Data:
file_index: 87
file_name: testfile!
file_size: 4096
package_size: 5248
total_size: 1852262
package_content: ¸©%-­¾ÉæŒ.á‘—f=ÉòCN½m6tÑ%³û0n›æLõ¯!A
package End---------------------------------------
iPos: 6288
datakind: 0
iPos: 7328
datakind: 1
Package Start-------------------------------------
Recv_Data:
file_index: 88
file_name: testfile!
file_size: 4096
package_size: 5248
total_size: 1852262
package_content: Iß†Ê°ìš(¢ÜeŸ›ÓÁê^!ñˆ4ÅƒQ»™­í×ÄI
*Ï…t-^CªL…a~KŸÂ°/zoä‹Q„b´:_xE5	gÖµÈV$Ã0P‹ïLÒt½Ô$dÜ$}î}2j[=F6v~`fş•¦¥>„\Y0%²pÜ‚kyÇİ4Œª8]#Oşı5\ù­™ÏÉº²%¿OÔ¤.ê‚³¦Ño™äÕ¯îŸ,wŒ’
package End---------------------------------------
iPos: 12576
datakind: 0
iPos: 13616
datakind: 1
iLastBufferSize: 3336

SIZE: 16060
HEAD_SIZE:5248
Package Start-------------------------------------
Recv_Data:
file_index: 89
file_name: testfile!
file_size: 4096
package_size: 5248
total_size: 1852262
package_content: ÿ
package End---------------------------------------
iPos: 5248
datakind: 0
iPos: 6288
datakind: 1
Package Start-------------------------------------
Recv_Data:
file_index: 90
file_name: testfile!
file_size: 4096
package_size: 5248
total_size: 1852262
package_content: JÎ!V;DN-œ
package End---------------------------------------
iPos: 11536
datakind: 0
iPos: 12576
datakind: 1
Package Start-------------------------------------
Recv_Data:
file_index: 91
file_name: testfile!
file_size: 4096
package_size: 5248
total_size: 1852262
package_content: Z ı*K‡­P¾!¸ıÓsÖ¸jS$Ç<œú×aâkŒ:W¨ÌÜ½kzkA=Œ«Ü’F{r*Ây#>•rè$®2z­’_ºŸJÔ#¢$µŒ_­vÓÚi„¸Zäì"ß(
s^“à›&Ô9œıØƒÔŞQ²?Â ¹n==*Ä§oRáÀR3\èf}ónÈÆj¬C/“ëSŞy¨­Æy#ô«·ƒüë>sósĞÕÛ³øÿ
package End---------------------------------------
iPos: 17824
datakind: 0
iPos: 18864
datakind: 1
iLastBufferSize: 532

SIZE: 16060
HEAD_SIZE:5248
Package Start-------------------------------------
Recv_Data:
file_index: 92
file_name: testfile!
file_size: 4096
package_size: 5248
total_size: 1852262
package_content: ëI›m~àQÏãZPxWÄ×P‰/B aòùŒ¿£A¬è(Éwj»ˆù8ük~jTãhÙ´r×ÄFVäE‹Õ­4±§Éi“°¥İ£µ.‹k{rl¦Ô‘}â„±'Òµ§½¾x™m”Çæw<Ÿşµ`İn´rZ5y®×Àéû×eBIÁ"Vğ]›8-Pƒƒ€Hãü*…Ö¦½û°T’OÖµ`ÖH²eŠì2Ä.Iük›–şçYÕZkœmŒár+H9·®Ã”£Ë¡{Rñeß”#uq{~‘£s<›el=ST®î/¯õ
Í¾Nk¶°ğ…æ¤%Ü³Ù[»µ1½Ûë[JQ‚W.
SvFn›hé ûLáwuÜ3Åi»Ä%2ŒªŠ·g¦ÚÀ¢mTmä|±Ç'ÿ
package End---------------------------------------
iPos: 5248
datakind: 0
iPos: 6288
datakind: 1
Package Start-------------------------------------
Recv_Data:
file_index: 93
file_name: testfile!
file_size: 4096
package_size: 5248
total_size: 1852262
package_content: Œùw9ãéô©´oˆş ğN³%ï„u›k{ÈÊ5´LTIìÃ£şU…¦}š;¹,¯&1íŞ#>ÄwúÔñGyë#åÚ–íò¹ê+ŠT•Ú0©IoĞë#½½¿‚ßZÓ`yLæ,ÄAO`{VŞ‘âè–Âåf·†CÄy½z‘è+Îì<m¨iZ‘|ÒÏoò¬r\‡ê+^ÇûxŞIwxòQÎê ŸcÚ°•×+Øº1M¥/‘»ÄMSÃ²'L„F>C°–Vqjé?5½fõìu](Fòñ&İ±ù˜À$úVeä¾Ò¤ìIVéíQÍÛÏNG<zÕ)d‰å[FÙœ¨2FÄsÔtã½
)GcyÒGÎ·=ãÅúı‰±Ñ Õ,.wîŠÓ%“œ“İ}«_Ã^+Õï&ÚÚH#txm‚­IÅô®N_éâ(¬e|¨àšRLAº0>ŸuŞñMæªFÿ
package End---------------------------------------
iPos: 11536
datakind: 0
iPos: 12576
datakind: 1
iLastBufferSize: 4016

SIZE: 16060
HEAD_SIZE:5248
Package Start-------------------------------------
Recv_Data:
file_index: 94
file_name: testfile!
file_size: 4096
package_size: 5248
total_size: 1852262
package_content: #!B1İœ‘Óèjkÿ
package End---------------------------------------
iPos: 5248
datakind: 0
iPos: 6288
datakind: 1
Package Start-------------------------------------
Recv_Data:
file_index: 95
file_name: testfile!
file_size: 4096
package_size: 5248
total_size: 1852262
package_content: {³…ÈëŠÆ½;ªÓÔhÍ¸?1~œÖv¨Åa=+JlHÀ¬]zR°ãÚµZ°¹Ãø–`Ò0Sßk—½ÆH#‘×&ºr]îÏ’x>µÍİ•ÜK*¥±êPº²3õïTeVy:}]†ì€}{ÕI›<úT	êT¸Rœ)ü»Š­(R›HÈïŸZ³rNÜ¶q_z‚Uòò=ë9\Œ¤éµ	äzçÖ«³ª¡~½±•j`Œ¬¨Ç'•Reê8f	\¥w3ÌÅ8ç9ëP22œ(å½ªá‹r–ÛÔäûÕK¹<¦ù=xæ“Z°øb8’1»øXõ¨®®I˜$k·Öç©%	'9Ï"™y£|Ã©ïŠÅüE-ŠÓÂ¡ÌÒÉ×¯?Ê¢tó¸ÂöúR2os#¹ÏM§Ò‘
ÅüÄ²„ç"œ•Ğ‡¬©%¿¨2zæ³¯mh
package End---------------------------------------
iPos: 11536
datakind: 0
iPos: 12576
datakind: 1
Package Start-------------------------------------
Recv_Data:
file_index: 96
file_name: testfile!
file_size: 4096
package_size: 5248
total_size: 1852262
package_content: áh’{—„È{²Ålh^ñÌBãOğşôo»=ÅÇoP9â¶§ğÃOòõ«Äkƒ“‡’?ÀWLL¸Ú·œe9s;™ğkÑÍ§ı³PñÏ ºµy5ğÍaøƒÄ'Ôncè~lFŠ0£ñ§KáÃ2µÎ•§ßê·$’ó$x‰?Ÿ­VÔ>-ÛÃ,ZchĞ¨‹ıi$]©'ïSWõÓğ*J¶›±ÛxnmZK$°Öõµ6‰×ëş$Õ­OÇóø6É¢_ˆyçv>¸¯6ñí
package End---------------------------------------
iPos: 17824
datakind: 0
iPos: 18864
datakind: 1
iLastBufferSize: 1212

SIZE: 16060
HEAD_SIZE:5248
Package Start-------------------------------------
Recv_Data:
file_index: 97
file_name: testfile!
file_size: 4096
package_size: 5248
total_size: 1852262
package_content: uo¤²Â—Å f\¢qó{6=k†¯,Ó‹Z”cõx¦•Û=¾ÃÆ³iz³}Nad!fİ¹ÆXò€sÁÂkëPÑ5(Ì«««Z¤a[ìƒnóÛp<†ƒ×ÕæZo¼Aipšf‘s<ˆ²å.%p© 2k¤ÕôjújàónX¬ìcb¥WÓ#ƒÍyïg½š“©Z‡o¢ŞøsÃtúV·¾iW®±„ô!úğúõn]øfæK¿İ­ìÊ®°£e$b¿7#;9ï^%{eã_êvs\YDmß¾yY>l:ôÇç]&‰ñûUYçĞ­ˆÜy€Bô z’=+§êŠæŸİĞó_¶æWZ®Ç¹x~-+Ç7n,¼>`¹h7Û¬»_•Ş?‹Ò¥²ø9áíJYîµ'ÊKùÈëÈ5Êø+_ŸÂóÛÍ¦ZË#.òÈ­¶nr7MŞçÙê_tÏéñiêifh§š8XÉnFïUŒTĞÄÕ‹jNË¹Şı*i·«ĞÃ{ı?ÃW‘éZ„…¤Ná#•@lÿ
package End---------------------------------------
iPos: 5248
datakind: 0
iPos: 6288
datakind: 1
Package Start-------------------------------------
Recv_Data:
file_index: 98
file_name: testfile!
file_size: 4096
package_size: 5248
total_size: 1852262
package_content: ¼58—Ïğ½¾|Ÿ³¤qÈOÜbË•$gÓ½WÄ]{ÀšÄ—‡†-~Ç2}’"U%SŒ‚¾İ·gÖºdéÆ?»Nş¶üMiÖœ,­£üÒÏSm-n,´›Û»[»—i
package End---------------------------------------
iPos: 11536
datakind: 0
iPos: 12576
datakind: 1
iLastBufferSize: 4696

SIZE: 16060
HEAD_SIZE:5248
Package Start-------------------------------------
Recv_Data:
file_index: 99
file_name: testfile!
file_size: 4096
package_size: 5248
total_size: 1852262
package_content: =qÇJ-b•Š[v¾İØ ô¦æŠ–ÔÓæòår …^äö¨å¢“°=ûÔÈHoÙ‹6öÊs‘ÇJmÜyŒ")Æ9©ÛS·XŠ±Øõ^k£,eÏ\à“\ï›¨Ş¥eU…wú÷¨e%³(±‚3Šµå$ñĞQpb¶„70è1Ş±mÜw3vÆPÆz‘À5ØöïÅ:æQ
, 9n[5V;µyÜëè+6›Dës7UEóü¬dçŠÌ½²a’ƒó­«Æ)?É ËOÿ
package End---------------------------------------
iPos: 5248
datakind: 0
iPos: 6288
datakind: 1
Package Start-------------------------------------
Recv_Data:
file_index: 100
file_name: testfile!
file_size: 4096
package_size: 5248
total_size: 1852262
package_content: GCUï$pÓ®ëWé*ùyF>Ç·Ò²ï®uİâóûN$ˆÿ
package End---------------------------------------
iPos: 11536
datakind: 0
iPos: 12576
datakind: 1
Package Start-------------------------------------
Recv_Data:
file_index: 101
file_name: testfile!
file_size: 4096
package_size: 5248
total_size: 1852262
package_content: İ£_Ş&ìã°8ë_3\ïñdş(Hİ¬±+¤R„~`5Úü7Ö¼nš¬z\ºÚ[Âò‡Y#L‰‘†ïLã«8§MZ'e':I&®¥çÔô;ä»°¸§İ°Ìº=Eb¥µ“ë‘ßÇLŒ­¾7m¹8dnÿ
package End---------------------------------------
iPos: 17824
datakind: 0
iPos: 18864
datakind: 1
iLastBufferSize: 1892

SIZE: 16060
HEAD_SIZE:5248
Package Start-------------------------------------
Recv_Data:
file_index: 102
file_name: testfile!
file_size: 4096
package_size: 5248
total_size: 1852262
package_content: î*rÜ‰ÕvĞô	>2ÚÚjvVÒ¿r¥3O†“pÎ[<›šØ—Æ~×oe½b°¶òêß»wá†ÜuAÏWhşµ¸¶×%ËîíÙÚå·töÇÖºÂÓLµşË–]–óÇûëtù‘¾>PßìµË,7EØÎRE½ÇJÑ.|Y„òk¶³C-ÜéQ¶÷?9V'œã·AŠöøiì`Õ­u&’ş<¼J"Æ8ÎqÛ©æ¼[Lğ•ö—=ÃXxm’D™dY`FnŒ}Ì‘Éõ¯yøO¨7…şÏ®;–’ÁrmşO0®<²q×tS¦èÒåLêÃE'f‹6Ö¯e*]É$4‘¼©„[–u'•H<õÏAQ]CİÅ®£¨[¬~o-fXÛ¨Ï%½ãqîi!—_ºÓLot¡$-Ï–T/·QÆCâS}¥‘),±mÉF'ï/ONNxù,ïs¯™ò˜~(½²°9¼'kpóBÃåÁ;ÄôxşUÕøSÄº$º:Ûİ•ˆ`s…ery#9Üzò+&‚OI1Xn‡İòRA˜Ø÷ˆœñTôH¦K‹{(ØBßuáÉO_¨5Pf2ºg}¯¥æ“¨?Oñi¾İZØ¾ÖO-$0½ê¦eÔ¬…®¯Ê…7
:°äzsV¯¼?¢iğGs¡j­W¾l0"†Œ‘ß7lŒcß ¬Ø¯µ¹eD»ÓÊ‚Q^¡ËHIÏ)Ğ¶2>µ£jãZÒ<54mt––ñÜÛMò´rü¤å(zqŒ{×â½¶®ºxÔYaº˜İ¶Ózí>ƒßÖ½B®5†İ2p¹¦Àğy\µÇüAÒ,­õqe{o5ÂGóTI'öÇ5-»XRIRèriÌ«f<åPğ8”giá@ÿ
package End---------------------------------------
iPos: 5248
datakind: 0
iPos: 6288
datakind: 1
Package Start-------------------------------------
Recv_Data:
file_index: 103
file_name: testfile!
file_size: 4096
package_size: 5248
total_size: 1852262
package_content: ÿ
package End---------------------------------------
iPos: 11536
datakind: 0
iPos: 12576
datakind: 1
Package Start-------------------------------------
Recv_Data:
file_index: 104
file_name: testfile!
file_size: 4096
package_size: 5248
total_size: 1852262
package_content: é¢Õt‰.&Ÿ¢ï_N¿Î™m¢İß¿ŸâM2ŞÊ1æÏÏ±×5³É”MQ.§©ê771¿#[')±Ø’3íÔTç€o<J‰}g$Àı×ŞÉ‡>•×éZ'ôÈ…Œ>$
%‡tNHğé]?…t˜míZê	¶ğíHUÔôç}É«^Ãú»”Zlà´‡·ÚOW¾šÖG·,·–ªC^Î3Îk6ÏÃ–ö¶÷ÛyR3;4QªÊ1ÈúW®ŞéëcÇ¤D8_7ÖélÄ rW×JËÓ<'eu;›Xã’Õâ*pÃå|pÙÀÏ¡«nP\éê¦Ûn;Øå´SPñmÅ­–Ÿ§I%âÚÊB0v½ù5¿ãg ü:ƒD–Ò”\3¬–ÓnWÿ
package End---------------------------------------
iPos: 17824
datakind: 0
iLastBufferSize: 128

SIZE: 16060
HEAD_SIZE:1040
iPos: 1040
datakind: 1
Package Start-------------------------------------
Recv_Data:
file_index: 105
file_name: testfile!
file_size: 4096
package_size: 5248
total_size: 1852262
package_content: ×ïáMRÖÓXÒ™¿–X&ï13ÓNµé>Òµ>Â;Qu‘.Ù¾à.£¦Czv®š˜œ><ÒzêF“nLo‡´Ÿø\Ë¦iö(Ë,¾b	Ÿ¦{cœRêß4_j)©K¡,!0smgÇRW¥oZxjÎ{¦‡NùŸ'2¢`ƒéMm?X·½•g¹•]2QrØãù×[5ö’µ7b!M«3šĞ¾	ø¿ûGI°˜ÚM—uW;º}qŸÊ»{6ÖyÄQé2t~TÙfç§¡ã¯¦*OèºÄmuªj“4K9
¬¸Pznî>• İ¦Ö£¸šr“eÂÆK€z€ozò«Ö•ZíÉœU¿‹ ıı*’=8¬.£Ëa¸?=AÏ^j¶§¯ê\Y.9ÉëÏáVó]'7=°2€¢|•uéÏ§±¨5õ>;M²ŠX¿$9,}A?ä×#S”ôÜ¯g>[" ñ…­aMQ
&ºmñ¼Q`à‡úQ³ h±Øˆæ¸idÌE#'p=@#Ğö¦ÛY&½z—úœBIFÈcêTq‘Ú®ÚéğYÄæïGØb±”XØnqU7xûÍ²ù%Éï2)µuûBXÙ¤¨’gÌ—îŒãH¨nÒÎkfÇï¤^d=qyíïW%A=ÊG©7PeğÍïš{³¸d¶W$`1äyäö¬–š™Ùj‘Éj:}¼or÷Ú wFÜg$Ê Ó<6÷:ÛM¿™ÁV6”‚¬AøÍv	«Mot¶W:m¼áS÷fx~_¡ãõ£a²C)R¨±¯!sĞgš¥U¥ª!F2İ\æî#°¸•#Ôtø‘ĞŸ*¾}Ø€OLÿ
package End---------------------------------------
iPos: 6288
datakind: 0
iPos: 7328
datakind: 1
Package Start-------------------------------------
Recv_Data:
file_index: 106
file_name: testfile!
file_size: 4096
package_size: 5248
total_size: 1852262
package_content: ™W·È;p=«”:6§áËñ¬J¶÷k†7(Ñ+ñüX9ê?•tú?Â4ñãÉªkZíí´b\˜-—i‘Ê†ô­=SàW³®§c|ñÃj0-îáŞ„ÿ
package End---------------------------------------
iPos: 12576
datakind: 0
iPos: 13616
datakind: 1
iLastBufferSize: 2572

SIZE: 16060
HEAD_SIZE:5248
Package Start-------------------------------------
Recv_Data:
file_index: 107
file_name: testfile!
file_size: 4096
package_size: 5248
total_size: 1852262
package_content: LÑŞIoåcõÍ?Jøñ.ÿ
package End---------------------------------------
iPos: 5248
datakind: 0
iPos: 6288
datakind: 1
Package Start-------------------------------------
Recv_Data:
file_index: 108
file_name: testfile!
file_size: 4096
package_size: 5248
total_size: 1852262
package_content: Ú†¬şPLÏ.­£¶Gµdø#ÃÖòx¶ÀÖÖ7~ı·Ø§Ó9ÀÍPğf·u¢jâÚDºÄWipÚÇ^k×<yû?Zê¶qx¥"•mÇúÙWlƒ¿:èJUW2ÖÅÂ.©¿õÿ
package End---------------------------------------
iPos: 11536
datakind: 0
iPos: 12576
datakind: 1
Package Start-------------------------------------
Recv_Data:
file_index: 109
file_name: testfile!
file_size: 4096
package_size: 5248
total_size: 1852262
package_content: »—S•šF?gÌ€vôæ°|Uå>öÓ.$YåP¶ªà4åA<ŸA×°­0t”êÙšBšW6GôJh´ÍßË¹8šP%ÚFI û9âº.8/V_í)$’@¹,cÜG_Ëõ®Cá?†õ=J/kşM¼2¡¬„j]ˆ<}«¶—WÒ–õÿ
package End---------------------------------------
iPos: 17824
datakind: 0
iLastBufferSize: 808

SIZE: 16060
HEAD_SIZE:1040
iPos: 1040
datakind: 1
Package Start-------------------------------------
Recv_Data:
file_index: 110
file_name: testfile!
file_size: 4096
package_size: 5248
total_size: 1852262
package_content: ·W‹,Ò
package End---------------------------------------
iPos: 6288
datakind: 0
iPos: 7328
datakind: 1
Package Start-------------------------------------
Recv_Data:
file_index: 111
file_name: testfile!
file_size: 4096
package_size: 5248
total_size: 1852262
package_content: »Ã­.­á á—q²4^’œ3ı
package End---------------------------------------
iPos: 12576
datakind: 0
iPos: 13616
datakind: 1
iLastBufferSize: 3252

SIZE: 16060
HEAD_SIZE:5248
Package Start-------------------------------------
Recv_Data:
file_index: 112
file_name: testfile!
file_size: 4096
package_size: 5248
total_size: 1852262
package_content: ¿NØ­-7Ç‘ÁÚbßºE<e&‹ÊR$_C‘ŸËšætÛ‹[ts+qùU¹¦ĞeŒËâÆàä™&¸Ü.ÎˆÎVÜÚ²ñÓîçLºxÚ)>By«^,šÏÅ…<R’yw®Ë¨BcÍŸê+‘‚şÂYğ.$}½Ê×Eá]*ç\{™`‘š8"ó%QË2ôàVs¥ï-Ë•NxûÛ#"ÿ
package End---------------------------------------
iPos: 5248
datakind: 0
iPos: 6288
datakind: 1
Package Start-------------------------------------
Recv_Data:
file_index: 113
file_name: testfile!
file_size: 4096
package_size: 5248
total_size: 1852262
package_content: Ôô}&ÇP·“I¶íáv`¯ ¸‰¸Á`‹À9ÉÎLV®‡à†š—‡ ‡^³‘Şé'-ü¹6@}»Û©|)áïìmKÊÕnmí‚ù—AF°İ÷”t –ÎOÖ¾·oğÖ×ÃvÖç^Õï5x¢9.'µıÀ`	8çÃ½iñG–úüñûÏ>ñ§€<7á=Ş)ÒüW0·HÒ+{_,/#«1ä3Øc¥nøOâ·€¡Ó&ğe—Œåµ¶¿Òâ†Y¤Q†Á8usÊz¨ÇA\gÄÜøªâ_û]­Ü“/Ù…³3Çr¢ÿ
package End---------------------------------------
iPos: 11536
datakind: 0
iPos: 12576
datakind: 1
Package Start-------------------------------------
Recv_Data:
file_index: 114
file_name: testfile!
file_size: 4096
package_size: 5248
total_size: 1852262
package_content: 9ö­MÅº\×-İ/˜ùÁ'
}éÊ5NZØÆTå&ˆµİòö,.¯£ŠŞ7V‚YäÀàıjŞ°/Ù´õÓe¸{Í¼²"¢«‘pìç$Õkvvö‡P–ãåO—åaÃzÖ<%·Ô¾Á3¡·”î?1Ècèİ±ÇJÕBs…¬aUNèí ñóé7—Ik^l±(y-&ÁOİüzúU½3SX°º°ğğˆo–[«¥*w‚Ğ¼ş†¼ú?®­„üEáVhâ°å²{ç]ÆâoÉÚXºÜ"Í#8FOŞ*8'±éXU£ìõŠ0•9¦µ!K«6ˆjVî]GMp[§ùÅK4’"ù«v¥0@.rIƒúÖdzü7v6–IfÁÎO§µšuû-3íy	˜H›P‡åôlzÿ
package End---------------------------------------
iPos: 17824
datakind: 0
iPos: 18864
datakind: 1
iLastBufferSize: 448

SIZE: 16060
HEAD_SIZE:5248
Package Start-------------------------------------
Recv_Data:
file_index: 115
file_name: testfile!
file_size: 4096
package_size: 5248
total_size: 1852262
package_content: üAfDó'îŸvJëØVÑ©$h­N²‹Øójß\S¹”ê°8S“4³fükõÁ¡+ı±Ó·1¤j0½zWŒüáVĞb³ĞÊ²DÙšìDKÈı€=+‹‹áß•ö›¦xÙ¤ıÚÎ@,;Úğå¼‹­§ë©SşOcÕßˆ¦´@G•ältªŸğ¶<{u?öeº›æVàÃl]Ø}q]×Â}Jú5Y¦ey/ ÏÕ±à-;KømâHµ=6iw*şû>¤~•û<âÜb›3³r´¶2¼2|Sâtg¹³M=¨2³Ÿ¡ïS]éòCsö+‹I['*Ëë]ïˆ>&Øj3ëSÄŠ#ùa‡fFõ®E>"h7÷ñZi 8ÆI®Z2©vù,„´w¾Åk‹K»« H,©wPšçì ‚-HE,lù~9%òÅw¾!d5õ½»ÚÅÁK‡[şÚ¹#Æ¨OØtí2vÍ0ƒëZÓ©Z¢wFr‹„ú¤–V¾Šï2.bùGâk?X·Ó#T—ÌFY”‘œöã­ijÚ¿ˆ%¹å ¸Û.’ ùO­e³jìm4öÆŞXÆ…ãó­éAÓC‚V&Ñ¯bÓš4ñ±ä7V”6UÔüÍQI‰P«pkšÒ|®5ãjÒæUFÏÊ2kCVÄ´RØâÜBˆƒ‘·êk{kdiÉQê–†Ş£qåİ
package End---------------------------------------
iPos: 5248
datakind: 0
iPos: 6288
datakind: 1
Package Start-------------------------------------
Recv_Data:
file_index: 116
file_name: testfile!
file_size: 4096
package_size: 5248
total_size: 1852262
package_content: Bóôf‹hAÙÃÜ×¦øTMUô¸üAk”¾bİ-Ç¸è}kzç²wEeu¡éß‹µÁ°/†ï…ôpÜïk]Kı|+v°9"³#ñ×„<Ed«qmi$MÑu“ûËÏÅ\øÙnt#£5œRÎe`.R5Áç¸=kÓì–+–‚K²àÜ©È÷Íu{M.f[¯'Q´´v=¯Hñ$¾_í¦ñ´¶ì"Ù
package End---------------------------------------
iPos: 11536
datakind: 0
iPos: 12576
datakind: 1
iLastBufferSize: 3932

SIZE: 16060
HEAD_SIZE:5248
Package Start-------------------------------------
Recv_Data:
file_index: 117
file_name: testfile!
file_size: 4096
package_size: 5248
total_size: 1852262
package_content: ô©àéÑ»–§Kshª1ğ®àÄOxe.u)ˆ6e?•¤rI’kšÕüQo«İG&™áø­ãŒ“šKï|÷ÏjØñ·À?ÙÁı¡mum©G¢†)3$Q‚Êq¾ñ^¡~–°M
÷nS¸v9éÏjÉF–š™F¥FìÍÑ¯hğM«â-Öc9<ÂÃıQ—P§½^*¼wÖo.®Æ ˆ‰ŞÜÀ¬:¨ÙÏãZi_ÙV6‰¨i7IrŒÍ8›iF9Ç±¦_¥ÌÖcNµHdF‘ÌXVû4c¸ÇEn½Ío¡n6Õ³ˆÕuÜ\.ÓY*“]îXVp Ÿát^£¦º}#Ã&ÕìWLºÕâxq%¼"RÏqœü£<oëÁüë6?„z­{ı¯ı»:K¼Lq¡‡ğç¨Jèl>ë(Öº–«!u™›tS;¤xür*e%î5s‘ÓÅ'x™öš…¶¥1:»ZIm×¤;Ñ”á›ùíÚŸ>£m¨l¿ÕMÁ–\™g8Ì­Üã°ãµz5†•o`Í­£Û]\I‘<ÑÄzpxúãš´<%à8e[oèó=¾ÒÌ4á¶|7$Œà8Ç½ª¦½å¯–§CçŒo#Ò5~Ëq©ûD"u™NŞv5.‡®hÖ-#kz„ò£)UhœoÈà¹â¯„ß›ß	ƒNŸ%¿}òE£Üô=zŠÂÖşjW¿¹Ğ´$.Ä›{ƒ&Ò¸8Áëè=jTı¬9Ó²ü#QrŞÅG_’;£%„¾@hÃ‰#p ¸z Ô^—BÕY´÷ºìÅUüÍàÌSøV£ài¾&ºÒí4»U—0üÑ¢íî:uÆ9ìk£øIğOWñE¼A¨}Wµ‘¥Ó2²Fãœ
package End---------------------------------------
iPos: 5248
datakind: 0
iPos: 6288
datakind: 1
Package Start-------------------------------------
Recv_Data:
file_index: 118
file_name: testfile!
file_size: 4096
package_size: 5248
total_size: 1852262
package_content: h<°ÉĞäãëT,<âI™'K»}î7`ÉÉ<Ÿ§8¢g×D^Tó6#R®Ÿ{Ô½•¶g,eiÍ¨ÙéºQfO¸¡z­d½Õî·j-mñÏNG¾k&öÓ^yÄwJ¥
package End---------------------------------------
iPos: 11536
datakind: 0
iPos: 12576
datakind: 1
Package Start-------------------------------------
Recv_Data:
file_index: 119
file_name: testfile!
file_size: 4096
package_size: 5248
total_size: 1852262
package_content: ~÷-/Œ­n¼‘Ğn'oáZ.šjÙ5Ï‡u
package End---------------------------------------
iPos: 17824
datakind: 0
iPos: 18864
datakind: 1
iLastBufferSize: 1128

SIZE: 16060
HEAD_SIZE:5248
Package Start-------------------------------------
Recv_Data:
file_index: 120
file_name: testfile!
file_size: 4096
package_size: 5248
total_size: 1852262
package_content: ½OEø‡ñ|o¤ØÇ&"•m¼›ó
package End---------------------------------------
iPos: 5248
datakind: 0
iPos: 6288
datakind: 1
Package Start-------------------------------------
Recv_Data:
file_index: 121
file_name: testfile!
file_size: 4096
package_size: 5248
total_size: 1852262
package_content: X"îÀp'“Œóá^Q²[?×êÓª¹vD?ô§×nxu„pdb<ÆÚIQó!'·Ív²øRßS‘5+½>'1
package End---------------------------------------
iPos: 11536
datakind: 0
iPos: 12576
datakind: 1
iLastBufferSize: 4612

SIZE: 16060
HEAD_SIZE:5248
Package Start-------------------------------------
Recv_Data:
file_index: 122
file_name: testfile!
file_size: 4096
package_size: 5248
total_size: 1852262
package_content: óëR¤÷ãr³ßA‘¨_9‘¸ÇnGµjAs)²Evîu? ªÓKùHdãbòK‹xH„2îä¥)>d'ïj^²†Kbí!.KßäÑuok{pKıÀ»Fş	5
L%·3´Ã“òŒj½öªşÇm2–8å{{TÇ™½];“ÛCn›¡°AÃƒ?B)¢%ä@ûÀ~
package End---------------------------------------
iPos: 5248
datakind: 0
iPos: 6288
datakind: 1
Package Start-------------------------------------
Recv_Data:
file_index: 123
file_name: testfile!
file_size: 4096
package_size: 5248
total_size: 1852262
package_content: «¡ğwÄ>óV?Ñ|û0
«ÍòÔú€&ª×DÓ•ãÉ'¡øòïX¿MÃú)ó$}°ÛÛ¦ö#è9ÍOic©[j7š¶ŸsEÄ‘Mò°>ü×AcãİÃzªÜ|<[;k‰qsvbs!ëŒıÚÑøåá_‡xrß^ğÇŠdkË…İ4fbIcÕ±¿Z‰BbŞ“Œ’–«_+w¬Ë ÛIömGdLÇ;Q†êÑğß†|ªêé†¨c€e’YsjÍøwğ]ñİô¡ÂÈGi¹˜*¨íÉş•Õkí¾jÖ²^ÜY\Ê>Uƒ =y“å‡SQ›‡?E¹Îx÷XƒIÕ&Ğb¸Iíp²}›,çØôâ²4M¹X´¨¬´ná^äœ°÷À¯Cø¹«ÛøŞÚí½VÈ41‚>Ô Ïs^s‹$WÑÛÚÃåîâ9¥U}ıªıÖm^4ù×³ØôKŸCa¦!ğwŠ%Öw¦n^km‹c\£é~QšïZX!s±L€³Üâ“[¶ŸÁÇöÏ%óÉÏ•ap\'×5Ï_kŸÚ€S9mÃ4œ[•ÊªÛŠ‹VhÙ’ÜF#¶€xujìQ­Û¤“^ìçI®~ß\y–ÂÚÁĞ[
package End---------------------------------------
iPos: 11536
datakind: 0
iPos: 12576
datakind: 1
Package Start-------------------------------------
Recv_Data:
file_index: 124
file_name: testfile!
file_size: 4096
package_size: 5248
total_size: 1852262
package_content: şì«muOâ¹á¯„–šû­šê:_Ë!5''¼[«§›âo‡¾ÕFâ’Bà¬wQ.LmŞ3ÏğØøÊ·%‡‡¬ÛqµÑƒk{ L“x3ÄW®ê´yÉÇÔõi<)áÏ¸¾ğåùs(Hæ!ÓiôÅQ¹Ñ®5;Õí•Âƒç\:Ä7Zë<ğÃL¶Ó£Ö/u'r’üÑ‚§Ñ‡oÆ½Uæv:Te'oÄå'·’ŞëåÔ!071©ŒğcüªÎ‹âOì¼½OY¼m û™°Ë	' =Gò®ƒÆ^İ§¾©¤Nâfi"
package End---------------------------------------
iPos: 17824
datakind: 0
iPos: 18864
datakind: 1
iLastBufferSize: 1808

SIZE: 16060
HEAD_SIZE:5248
Package Start-------------------------------------
Recv_Data:
file_index: 125
file_name: testfile!
file_size: 4096
package_size: 5248
total_size: 1852262
package_content: 6Æ@%r	cŸNk¸ğO‡,¡Ôäø¯o~«
package End---------------------------------------
iPos: 5248
datakind: 0
iPos: 6288
datakind: 1
Package Start-------------------------------------
Recv_Data:
file_index: 126
file_name: testfile!
file_size: 4096
package_size: 5248
total_size: 1852262
package_content: 7¨$’£¥z‡„7”]àœÕæ~…ÖtŠ6!Ræ½OÂ*Ä¤z×dU‘VIe¨&<€jM‡#ëŞ›lËÚß•H‹–™&ß‡â ?
ŞácÀô¬,¨lv­‰îóíÖ±¤æN{Õ¨ÿ
package End---------------------------------------
iPos: 11536
datakind: 0
iPos: 12576
datakind: 1
Package Start-------------------------------------
Recv_Data:
file_index: 127
file_name: testfile!
file_size: 4096
package_size: 5248
total_size: 1852262
package_content: Ö'Å¿Şi~${8üQ6©
·Ép ®ãıjß€>,ø]õ_?]Ğá†@¸…İ2AíÃêjÅj(×Ì°ëë$FAœ\v@§ï'f)´°òMjtß¾økÅš|W¾,ñeÅ”…qÖìÀZO|ºÓt›İcO¿G†Ä,×;ZOM©Ô×-á_øçYEÓìõ	ndİµ#„äãĞWQ­x'âw‡íÓ]ñB%|aä4ª=qÛó¡ÅÜÚ‹§É¤9š<æïÂ~7³‹í»Ê~Y%T¯›Ä°¯ØM¯‘µ~ê ¯Hñ'Š×W¶²Òt‹éæ`J³ÊdÁÅ6‡¾=×ÄÆËFy!_õ×(;òOSUÍ¡.œd½ÄÛ8OÚ¦ˆÍ¨øŠP£2I'?@+X|HğÚœÙ›™Ù`vÓu¯] kMZÉ+à9?^+.?¥ñeÓ­ËGUÆãíYNê;Èçtg}V¥Ø¼G}«k«&¤pÏ…çÚµ_Ãv²Î'¾ºWRÌ‘.UG ¨4è–Ë4èÊÏüsïZñÛNQæIl	ù¶™ª4R´tGFK™™öŸowözØÇ]Ä1Œş5IôoÚX4ä8áÎZº[{!vŒƒQ#®3øu5Éx¯O¹–ä£O²o˜}ĞßZÒ;Øéœ¡vŠ>dZ%ÂÍeâü¥Æ
package End---------------------------------------
iPos: 17824
datakind: 0
iLastBufferSize: 44

SIZE: 16060
HEAD_SIZE:1040
iPos: 1040
datakind: 1
Package Start-------------------------------------
Recv_Data:
file_index: 128
file_name: testfile!
file_size: 4096
package_size: 5248
total_size: 1852262
package_content: \p”W¼8S””6àßj'ÓÌ“KfWv$škŸ ôÎsÎOjŞ›Ãz’ŸfÕî ‹í®±,ñ"2IÁ:å4išuª}£Ã©{D„xgsæs»®…|`&ŠHì>ÅÀÇìğlàr{í]”±§/yhmJµ^{µî™ú…„Ú5ÒFc+£÷™BŞ±µøjöêoî’)cº¡|Ã+‚;~•ØYx’ÊKK}'PŠF+¾2fMÛPyüyö®'Æ>{ºİÙÅ.Ğû0 Å"Ÿ”ƒèk¹Ê.GMYÂJÑgâ¿Zhš¢i·ËqÕÀ[+èH*	`»Ñ²yğ¯gÙSÀŞ	ğSê:ö¹;Ü-©•¥–ë`N;/LÖ¸×ƒXñ„–÷0ÇÂÂÂSÀ“Y»â®kpkŸoÒ÷âG…¢¢ítÅ“î¢€Äg®3Ïç^uoj£ÍeÖÚÜä÷éÓ_Ìy­²êÑ*›«B-¼Ç1Ù'#æúÕƒ<	p“X&v$åH'hÏı+ÒõÏ‡ZFûÅÈ„óÉ¼‘õ¨"ğ~¡¡ÛB(€ZVa·
package End---------------------------------------
iPos: 6288
datakind: 0
iPos: 7328
datakind: 1
Package Start-------------------------------------
Recv_Data:
file_index: 129
file_name: testfile!
file_size: 4096
package_size: 5248
total_size: 1852262
package_content: î»Û?/óg£Íìé¸MY÷2~&xCáÂıD”ø~ ¾gŠÁ¢í~p!XMr2§‚A‘ak©ßG¥h–†ÒhÑ¡g”ùŠÊ·
Ä”ôã¸éŠô¯ˆş5ğ§ˆuk#Á¶’É|»¹Şú(>ÍføÄ‚+æ1m 1#"mûÆ¸It©´§º×çšmFêáñ{y÷%À€0x<ßyœıš“nûêyY–•)®I]}æ—aã9|?¼­êú®Ÿ1êÅè0Oæ#àÅ(ÇIséÔƒ[^µÖ¼(­®›%Ä"4–(¬œ4€s—ù°[$u'µ‹ãO‰ş'ğÎ½‡´èØN^8Í­¡:D]Í~óÉËÇÒ½cáî­â?x
oj^Ñ$¿pÔ41jî÷Œ?‚P8+‚@-Ğ`q[Ö­Z8ÊKİ—S–¬ª_eŞÛ™ò|EµÕtÔÕ¼M ŞØ˜ãóï"X•Á„Ÿ•äÁ;F¬=ÅSØx¾­xq¡²6¬ñÃc6é¤Œ«mcœíSÁÈëë]Ç…~xÃÅş4Ó¬üGãIm¥ƒÈ—J´·d1Ş’‰3ÉŒ)OA´ã­ñ3özÖ¼âh®´k•Ô4eüËè@f2 ù·
package End---------------------------------------
iPos: 12576
datakind: 0
iPos: 13616
datakind: 1
iLastBufferSize: 2488

SIZE: 16060
HEAD_SIZE:5248
Package Start-------------------------------------
Recv_Data:
file_index: 130
file_name: testfile!
file_size: 4096
package_size: 5248
total_size: 1852262
package_content: '§<f²îá0™mÀî(:„óŞb]€`Oµ7k¢9=Q½¥Í?—±[8èG$óÓÚ¦}]b_!œe‡*zU4¹‰SjHN~`94Ÿak˜LòA–9ˆ8³vOR¡,Èµ-ZI˜E ÇnwdwS8TVŒäú
Õ³Òìæ	lĞíb +À>Üõ©ßNµˆ¬+1á@#?ĞÖÑÄ(+$ku±›w¥À‹„üøùÃ~5vËK3@ªväŒäuö¨ï-®g•b}ÅĞ|ÀàmªÚ_Ïe;HŸxôº×DyªÓVz—¥Í°JH‰HÊ9Ç¿Ö§±ÒóæI€­‘ÇZ}¥Âà*Œ¹luü*İ©W"6LOoÆ”g$C—c_Ã:{[ÈòGğ‘^™áH
Äç¥yï…ß'9°éÍz7‡ìÈÍuÅ¶‰½ÑÒ[ñ^;ÔÖèQ™¨ rcÔöc|ÀiÙ¡&Ô´gËúÕM%1íŠ¹qòÂ±{K“ñüªÔ
package End---------------------------------------
iPos: 5248
datakind: 0
iPos: 6288
datakind: 1
Package Start-------------------------------------
Recv_Data:
file_index: 131
file_name: testfile!
file_size: 4096
package_size: 5248
total_size: 1852262
package_content: áäcÆk¶8j–È¿r(³{ñ_P¹Ò²ÚÂ(²»D‹ÉúÖ·Âß
package End---------------------------------------
iPos: 11536
datakind: 0
iPos: 12576
datakind: 1
Package Start-------------------------------------
Recv_Data:
file_index: 132
file_name: testfile!
file_size: 4096
package_size: 5248
total_size: 1852262
package_content: <Â™ãê*ê^ÚÜéì¶rR3´œséY…’éÅ…’!fôê+(Kİp’ĞÖî2æFÎ®×ÌS„–+¸?ÕÜËıÒ;ş5èß	|AuªxXÚj4ÇO”´{øÁB¾ã¥yèŞ"Ñ.£‰ãVIH1œ|¯ƒó/±Åz/Â¦Ôô‰Ûï½«J%òä~]qŒdûÿ
package End---------------------------------------
iPos: 17824
datakind: 0
iLastBufferSize: 724

SIZE: 16060
HEAD_SIZE:1040
iPos: 1040
datakind: 1
Package Start-------------------------------------
Recv_Data:
file_index: 133
file_name: testfile!
file_size: 4096
package_size: 5248
total_size: 1852262
package_content: æµıû_·ğÌ6¨&Ş›MÄ%Dù~›~òô'=+kÁ¿k×u?íø•­/c³†ÊŞÓp/½/÷U#8äíW¾3x.k½>Ùµ;[­FÔ‰¦¸Ó¥iÖĞe±ÀÆsõ*¢x¢å/môİî;y¶;«ËoûŸ0©ƒ—ã'½sÙU¢œu}Ìfş­(ß^åÍbçÅ:Š®­4ÂĞÄd–ÙíîA‚ï±¾H*Äqß•±¤|?×|ñwˆõØYoÏ†2„
package End---------------------------------------
iPos: 6288
datakind: 0
iPos: 7328
datakind: 1
Package Start-------------------------------------
Recv_Data:
file_index: 134
file_name: testfile!
file_size: 4096
package_size: 5248
total_size: 1852262
package_content: È1‘t3’
package End---------------------------------------
iPos: 12576
datakind: 0
iPos: 13616
datakind: 1
iLastBufferSize: 3168

SIZE: 8760
HEAD_SIZE:5248
Package Start-------------------------------------
Recv_Data:
file_index: 135
file_name: testfile!
file_size: 4096
package_size: 5248
total_size: 1852262
package_content: g™kvº|1¢iöìÛWåi,½ŠŸGÔ ÛÚ\Ş`oÔ¦qùñUu¤Õ/5;‹û Œ	,aW&—OğÏü$z[İ=òÇ¶Y1É>˜Ï5Ñî(Ù³/gy4µ;»‰t-oH{æØs9•˜ú±éø
ózÏâuî®©iO%£ÑÆ¼&3ÜWCáé/tmR-JºF·~<Í›FkwÆiâ-Ş9&¾óTô	œb¹éÒtj9hÓîciY»~’×T¶6ºMµ¸Œ|ÑÆ~µ­ Ãj×2ZiÚxòÀıëÂıkÓÄZ%Ó”Ô'D,x8ô¨¯|Usk
package End---------------------------------------
iPos: 5248
datakind: 0
iPos: 6288
datakind: 1
Package Start-------------------------------------
Recv_Data:
file_index: 136
file_name: testfile!
file_size: 4096
package_size: 5248
total_size: 1852262
package_content: \,lØ úÖ>—áYu-ZåõIÚ
package End---------------------------------------
iPos: 11536
datakind: 0
iLastBufferSize: 392

SIZE: 16060
HEAD_SIZE:1040
iPos: 1040
datakind: 1
Package Start-------------------------------------
Recv_Data:
file_index: 137
file_name: testfile!
file_size: 4096
package_size: 5248
total_size: 1852262
package_content: §)sXæØj³éğiŞÑÊZ3–6€°t€x$œæ®i?µ[©5-HŞ]ñFñ+Op1Ğäô>•ÔiZf˜©Õ•ŞÙT)PJ«x+¸äş5ÑÛjĞèÂ(g±,Èß3&
package End---------------------------------------
iPos: 6288
datakind: 0
iPos: 7328
datakind: 1
Package Start-------------------------------------
Recv_Data:
file_index: 138
file_name: testfile!
file_size: 4096
package_size: 5248
total_size: 1852262
package_content: ˆõ÷®Jµ(Õ’·AT‡³Z›Ş‚ßÃwÑ¦§ª\=„Dù³Hs…!Ç§süéú´Ó]_İÜiÓHb[XÃM,¡c}Ä€IÇ¯Ëé\ëêÖ	nëæùqÊâ9R$+0^0ÙÀ@;\Qv5[It­'Ä!—åàZ6ã¶Nr;WT%	ÅG©	[Ş¶…ÛíeÌşrêqOHVâdH“ª<RDÃìrŞ_ÀÂĞ	f”usĞ¨ïÏèk;Ağ¬º}¥õşª×^5xRÖ
package End---------------------------------------
iPos: 12576
datakind: 0
iPos: 13616
datakind: 1
iLastBufferSize: 2836

SIZE: 14600
HEAD_SIZE:5248
Package Start-------------------------------------
Recv_Data:
file_index: 139
file_name: testfile!
file_size: 4096
package_size: 5248
total_size: 1852262
package_content: <~-Óní¦ƒFÚ“—›íıóôïT#ñÌ’}£SÕ5ƒsuw&åFØ¿Ù¥r×ÀÕSR•´íÜë”jR„ZêoÔl¼Yk3ê-«ÛÄ$ˆlØ*˜är8&³5ŸímgIš×Rñwó:A$J©ûqŒûÖ%ş¡ªCáM;Qñeä6‚éAŒ#—ã± òax«ÅšF›á–¾ÔµX`YdÛöˆ§Úÿ
package End---------------------------------------
iPos: 5248
datakind: 0
iPos: 6288
datakind: 1
Package Start-------------------------------------
Recv_Data:
file_index: 140
file_name: testfile!
file_size: 4096
package_size: 5248
total_size: 1852262
package_content: )®T¢öv._ê_…­§Ó®,,öKa'`ÑÙ#½s)ysu¸K²)ÿ
package End---------------------------------------
iPos: 11536
datakind: 0
iPos: 12576
datakind: 1
iLastBufferSize: 4860

SIZE: 16060
HEAD_SIZE:5248
Package Start-------------------------------------
Recv_Data:
file_index: 141
file_name: testfile!
file_size: 4096
package_size: 5248
total_size: 1852262
package_content: uÛKhR+«X¡‘ãYJ6â$Gå”6y<gT-µÈîíÖŞx- Œ±¶H•Oˆ$ç$ài8F1”Ò&µ%Üu¿ôÎîËH½¹³„hZ­šG4J¬²’;—wİÈÜsÒ»o‡vş-Ğo¢Ô¼6«§b];6P•ã¨=úW’ø.ôï*ÙÅ97ˆ'êFÃ–‚IÀÛ€W¼× h*šÇÄ—Õo@Û…I'Ê—älá1ÇQNô©Ö¹]Öú]œ+«‡³üz|ÏQ¾¹Ò®îïo5mZY^óÜD$êp·Ö³5{Km3Mİ¥êW!£]ÊÑÆ0®9ôöæ¨êWšN¡¥%·ˆ5ÉdYíÜ“'$r;öÅ7ûAĞ­ôíQµ‰æF($†GŒuÜ­Øäg•ú×5JÕg.j’mß±İíçËyìm<I¬¢jZÍ´;¥W\Z3ĞnÏ õæ´5-7J7OåÄfY&ß4ªå2½xÁéŠm…®¥â¿µ#²Xì®•ŒKYd*HÆsŒzqGöáŞ{ˆie•g†ùs’¼ôÏJçœ›z~r›©ÔŞµ¼OÑ.-ÑtåHm×÷ì¬²ª0OV
package End---------------------------------------
iPos: 5248
datakind: 0
iPos: 6288
datakind: 1
Package Start-------------------------------------
Recv_Data:
file_index: 142
file_name: testfile!
file_size: 4096
package_size: 5248
total_size: 1852262
package_content: ÉEXda$qÆ ƒ¹§5×ß|JĞ5[dğ×€tû»´Rb¶6ØSÉ,àdõ,GøV§…|ÿ
package End---------------------------------------
iPos: 11536
datakind: 0
iPos: 12576
datakind: 1
Package Start-------------------------------------
Recv_Data:
file_index: 143
file_name: testfile!
file_size: 4096
package_size: 5248
total_size: 1852262
package_content: ¹pG¹ ^£®x‹â£q9´Ôµ;-8Aö(#²Ìq¦@ä¬İÆ+——T‚æŒı{~o.Œ)ûMÑÙxïÁÏà‹ä·]bÕµMB&Ê¹E,¹9
package End---------------------------------------
iPos: 17824
datakind: 0
iPos: 18864
datakind: 1
iLastBufferSize: 2056

SIZE: 16060
HEAD_SIZE:5248
Package Start-------------------------------------
Recv_Data:
file_index: 144
file_name: testfile!
file_size: 4096
package_size: 5248
total_size: 1852262
package_content: fâõÃ?çK§F.m<‰#%
package End---------------------------------------
iPos: 5248
datakind: 0
iPos: 6288
datakind: 1
Package Start-------------------------------------
Recv_Data:
file_index: 145
file_name: testfile!
file_size: 4096
package_size: 5248
total_size: 1852262
package_content: ‘ï\ïÆ¯ê^ñE¯ÆŞÉö–Ÿ%ï”oR¹Á8Îjè‹•KÃ©Ó‡NO–ûİ|÷_yè>x#âW„"ñm…­¼2ƒ:C}h
package End---------------------------------------
iPos: 11536
datakind: 0
iPos: 12576
datakind: 1
Package Start-------------------------------------
Recv_Data:
file_index: 146
file_name: testfile!
file_size: 4096
package_size: 5248
total_size: 1852262
package_content: q¤{#–\æ6zn:úUë{¨4Éµ-Z]FâhPÉm„±O™Ÿ
package End---------------------------------------
iPos: 17824
datakind: 0
iLastBufferSize: 292

SIZE: 16060
HEAD_SIZE:1040
iPos: 1040
datakind: 1
Package Start-------------------------------------
Recv_Data:
file_index: 147
file_name: testfile!
file_size: 4096
package_size: 5248
total_size: 1852262
package_content: ¹cœWC¦Mk{8½¾Óî£Èù>ÒÀ¹^ îéU/5-*]Q£‚Şå¢pZAÛæ{}=ø¬#7R¬U­æV½‹ò2µTğÆ½k¨ßiÁ£´ˆ¬qÅ,²c%Ø}ĞyÍeØüeñ„uI„Zu–¯i>MŞ›"7Ù=s‚sœc<×C¨iš~¹¡Ïâ;ë×4›bi¶i™#QÀÉän>¦¹Xt¯A¯•âH­Ë/‘oy:y¸8Á$qÖº+Ju=Ô¯c§‰Vá—R?jŞ;m^óâ>¼#†ÊÑHµ³´FHö‘ÄJ?¹¾µèZ_‰âÔ%²k]/K¶dY.gºp¬‘çÉ ŸcY'Ö<=«ø{½CÄx­z¶Q=¤JD.>P‹õ×õæó.±qú¦¬,ö:É;=£Dß(à#¯­\)Â¬--3‚ö³–§YâÏj7Ô'¿Ğ¤MKì’3ÛÉ4Á$ íÚØÈˆëVôßøJöü]øÏOÔ%¾¶Ó–Q•X|ÍØ€¼šá,uø|ôñ`–©¾;‘×¶z|ßN´ïüAñï-§¼[«ÊD×p)^O—’GO¥néW-ed¾óÓ¡N·›ÿ
package End---------------------------------------
iPos: 6288
datakind: 0
iPos: 7328
datakind: 1
Package Start-------------------------------------
Recv_Data:
file_index: 148
file_name: testfile!
file_size: 4096
package_size: 5248
total_size: 1852262
package_content: ±ª/¯Ü:ìBÀ“Â¹¬™5@°·,Øå‰=j•Ö ÷QXÂxÚzÕFœ®-N¢RFui¦à÷5vßPµ•iŒ>NI®NÊæ+K|Ì…¤ÏBÇ­ZŞ›¤Â•rzÖ0Ô…9EØë¬ïk-åÀÏğšjI.ô‰Ûoë\õ®¬¶”™L÷jÿ
package End---------------------------------------
iPos: 12576
datakind: 0
iPos: 13616
datakind: 1
iLastBufferSize: 2736

SIZE: 16060
HEAD_SIZE:5248
Package Start-------------------------------------
Recv_Data:
file_index: 149
file_name: testfile!
file_size: 4096
package_size: 5248
total_size: 1852262
package_content: #‰üèò?Ù ûTšå›>± Ò72J?t· Ï|öÍsş*ğÁÑÄ“jZx†fn.d;şÑI¤™Ç*j^ì¿Â<k¬ø«N_ÖƒØM:¤ñGò¤}k×ş=é–º†•i©Û0@±üÄ8Œ©ı+å/"êïPx.Ú
package End---------------------------------------
iPos: 5248
datakind: 0
iPos: 6288
datakind: 1
Package Start-------------------------------------
Recv_Data:
file_index: 150
file_name: testfile!
file_size: 4096
package_size: 5248
total_size: 1852262
package_content: fÁ<tªşû6‰«jzÍŞ§%ÜÉ;ÛE¬#C#ğ±°
package End---------------------------------------
iPos: 11536
datakind: 0
iPos: 12576
datakind: 1
Package Start-------------------------------------
Recv_Data:
file_index: 151
file_name: testfile!
file_size: 4096
package_size: 5248
total_size: 1852262
package_content: 9©ä ‡$àÔçãó4îéùš‚P¹ÆxíS?€Ã?•E#18&€ pNyïÆA6@' rqSÉÜŒy¨&ßÀıjZ¼„ÁÏ¡<Õy{àÜûÕ‰NgğTàçµ A.zç¯Oj…ò£'½Xtb:çµ]Î[åzÕÈ%mŞØæ«>Óß¯¿Z–ù[Y11‘†ïÅU°˜MfªÜP®¤?Æ¢RW°t".Åİ!°:ñT5•Ô#µÙÈ©<x8‘8úVîõ8´±Üòº|‰"•Tw?^•È_x’çXÕŞĞ+H»rv§÷I?Jù¬ápNQ}RQ§fÄûUí•×Ú IgQæFªX“æ3ùS®ï5kµ[X,J´‘ü»ş_3ñ5V[ıi#óôˆ¡{…‹+œ€ß9<¯9¬‹­OÇz”Í8Ñd{B>ÓdêYN9+»¯=…~oÏñxêœ·´_KlñræºØç<Q¬îÔ$Ó´Ÿ_^ê	ˆ^ö›xä<£±=óÆ3Åy®õ»	`µ×]ÏÙwµFXÒ6ÏÍ¹ÉÏsÉö¯Z·Œiòİ[izôv×·æGÃ|Æb1–Ï
package End---------------------------------------
iPos: 17824
datakind: 0
iLastBufferSize: 972

SIZE: 5840
HEAD_SIZE:1040
iPos: 1040
datakind: 1
Package Start-------------------------------------
Recv_Data:
file_index: 152
file_name: testfile!
file_size: 4096
package_size: 5248
total_size: 1852262
package_content: kNÒâè³I,‘}ëS^¥I=„ÔP–½IôÅK[;‹{ˆÒL!ù€ÈoJf‘uqÉ,p€ßóÌ`Æ’Êä,3Iq1ò×ï^iÖöúf©jÓYİ£®p~m¤¥qJO‘™sK¹uî­ŞR“ÛÃ“ÿ
package End---------------------------------------
iPos: 6288
datakind: 0
iLastBufferSize: 524

SIZE: 8760
HEAD_SIZE:1040
iPos: 1040
datakind: 1
Package Start-------------------------------------
Recv_Data:
file_index: 153
file_name: testfile!
file_size: 4096
package_size: 5248
total_size: 1852262
package_content: üø¦¥üV&fÒíY6Y¼À
¯qô¦©4î…XÏ™”~
package End---------------------------------------
iPos: 6288
datakind: 0
iPos: 7328
datakind: 1
iLastBufferSize: 1956

SIZE: 14600
HEAD_SIZE:5248
Package Start-------------------------------------
Recv_Data:
file_index: 154
file_name: testfile!
file_size: 4096
package_size: 5248
total_size: 1852262
package_content: à=;ÂÚ–¥ˆ-®a}öóÚ– §*f#ååH]ÙêGj•ÅôZ47¢(o¡‹}‘°¶>XÆìœ¶Àî9ÖsxªöîÖox‚ÌËss¤vöò¤“eP  'æ'¿l¹ÍL=¬¦šz/Äâ•MıHôX4OÚºGâ=='š@†;Ù¶Ì#;åF}€äö®_â
package End---------------------------------------
iPos: 5248
datakind: 0
iPos: 6288
datakind: 1
Package Start-------------------------------------
Recv_Data:
file_index: 155
file_name: testfile!
file_size: 4096
package_size: 5248
total_size: 1852262
package_content: %;IÌñUäl0Éüºb¦”`n¢¡+’};f€!”n$çñ¨àçS»g=xéPJìäã¡ dw'b¡0:
A‚wsš…óFF};Ğyx%½¹¨Jî‡;à68ëÔğj'¯n2(´˜'8>ç5‡ÈÇ®FjÄªŞõ¨d ƒƒÔô¤İ…tÊ“zwïš†@;ãÚ­J¤€r;æ ”<cœ·J•å°¼lsP>üÃšL×·¥Q¼»E™`„‡šW‘ï
3ÏRzzæÅâğø*­i(Åw"SQÕ…ÆrÒ`õJÁ¿Ô­ì.XæViXŒİ=+œñVMDéÂgóâûD\ŸºqÛµÊø¯Ç·Ğ*Ç¤êP‹‰.L˜ í·ŒãšüÏ8ãbäèa—ó1NwP6<cãïiò/ö¸"X]öıœI$îŸë^u­üMñÕÍÍ—FĞ¦õÕföHù–5%G7sTµnßÅZí–³mk4²»¬‘«åqØ
package End---------------------------------------
iPos: 11536
datakind: 0
iPos: 12576
datakind: 1
iLastBufferSize: 3980

SIZE: 8760
HEAD_SIZE:5248
Package Start-------------------------------------
Recv_Data:
file_index: 156
file_name: testfile!
file_size: 4096
package_size: 5248
total_size: 1852262
package_content: ˜d"¿AøÔ©´µĞnqå¿ÚenÏÀö–/c’Ys×YNánt˜Ø°ÇÌĞO ´V2Ûë÷ Ü8Ã<|ñëW|=ğ¿Gµ´€w^¼Ê
package End---------------------------------------
iPos: 5248
datakind: 0
iPos: 6288
datakind: 1
Package Start-------------------------------------
Recv_Data:
file_index: 157
file_name: testfile!
file_size: 4096
package_size: 5248
total_size: 1852262
package_content: ‰-ÆŒ–Q]B“y…P•Ï×vF+“ñ}¶·4fÍn¢hŠŒ¤œİ»dV%‡†õÙ’[V‡ÉºQ¾9B‡¹şµM&îŒÕZ”ÛŠZ÷®µò-[W˜˜î²²B0ãH;×=®\hvÉn–š´	pê^A½9ÿ
package End---------------------------------------
iPos: 11536
datakind: 0
iPos: 12576
datakind: 1
iLastBufferSize: 164

SIZE: 16060
HEAD_SIZE:5248
Package Start-------------------------------------
Recv_Data:
file_index: 158
file_name: testfile!
file_size: 4096
package_size: 5248
total_size: 1852262
package_content: 7Ìs±š{f¹Ö ŠMHC#Ï$öÄ¨ÏËƒõüúÑ«&„.æ{ëè$İÉÍÌ¡FBœœmú`öºÜ—WÚìÚ´SvC\˜Â¸`HãŠåî×Ay£y´ùbØÁg…/K¬„¹##Òº•J“{ÙvGÒB)¤Ú=cL]=-lfÑ55´¿YZâÖkHB:3F8 ä>™5~[­_LÑçñF·m{¨,r¬w÷²ÄkÅ7c«78
package End---------------------------------------
iPos: 5248
datakind: 0
iPos: 6288
datakind: 1
Package Start-------------------------------------
Recv_Data:
file_index: 159
file_name: testfile!
file_size: 4096
package_size: 5248
total_size: 1852262
package_content: ¦<‘µNfûö«ˆîHÁïëYz‹ğy5¥rF
ŸLk#Sl)íéZDÎkN[w9ôæ¹EÉ$•u®ƒZ|–×ŠæµbXíà“Ö¨pI$“ĞÕ†êJ·tGSœÕ)›®¯z
package End---------------------------------------
iPos: 11536
datakind: 0
iPos: 12576
datakind: 1
iLastBufferSize: 3648

SIZE: 5840
HEAD_SIZE:5248
Package Start-------------------------------------
Recv_Data:
file_index: 160
file_name: testfile!
file_size: 4096
package_size: 5248
total_size: 1852262
package_content: Ãj¶V÷²2)ÏïP~M\Ót{}*Õeµ°Š[Œıù›‘[px^MjÏË½¼
¬sµ¥áOá\Õk«ê[ƒœüˆáÓlì ¤¼vdç(¡³øÖİ“Ù´Bá¥t,8’*¼:$ †âttş©jzÍ¦‘íä(çãçšä›æ:!Ñ«q*h|ÍÇoÊÀàâ°¯VÕ¤ÃA¡±ñë_ÿ
package End---------------------------------------
iPos: 5248
datakind: 0
iPos: 6288
datakind: 1
iLastBufferSize: 3200

SIZE: 13140
HEAD_SIZE:5248
Package Start-------------------------------------
Recv_Data:
file_index: 161
file_name: testfile!
file_size: 4096
package_size: 5248
total_size: 1852262
package_content: Àb¡G‘Uì	ªvz¾§j/eÓ£VrDo#,}	éÇ½5v´3¨¤åî³KÁV:Ü?ÚBbŸ É*0›Áª­â²Ô’hå¶+$D¸Îï?E««h÷°Ãsk‘V$Ø
package End---------------------------------------
iPos: 5248
datakind: 0
iPos: 6288
datakind: 1
Package Start-------------------------------------
Recv_Data:
file_index: 162
file_name: testfile!
file_size: 4096
package_size: 5248
total_size: 1852262
package_content: VkÀÎâÎgD
¬
package End---------------------------------------
iPos: 11536
datakind: 0
iPos: 12576
datakind: 1
iLastBufferSize: 3764

SIZE: 16060
HEAD_SIZE:5248
Package Start-------------------------------------
Recv_Data:
file_index: 163
file_name: testfile!
file_size: 4096
package_size: 5248
total_size: 1852262
package_content: ıh9Oâ«NXätÏcV&'¦*©79Éë@¦9b­S™‰$æ¬ÎOãŞ©ÌIÖ«p+ÈàúUIØ‘ò€
³3u<U9ÉäUVé†Óü«UlŒ’q™éZ÷­ëXÃãvT@ç5—ùOùÍs·ø%†zğkoV”îc¸ç¶kí²Jî$j€Ï¹a’GCU&uÁõÇj³tä“†Á÷5NfPI8äPõ>•¤ç‚’~s×=sPH{ç¶h7Éà·CØóP>
package End---------------------------------------
iPos: 5248
datakind: 0
iPos: 6288
datakind: 1
Package Start-------------------------------------
Recv_Data:
file_index: 164
file_name: testfile!
file_size: 4096
package_size: 5248
total_size: 1852262
package_content: ­SğİÖ½4Ó·†#ÇòÅ+µ~§®k¡·{kŒEql˜É¢£P—/QÆ2z‰¥i“´jÚ…ÒË.ì¨Pr¡ÍoÅ¦Á‘”.õæ™¤Ïh–şfFCŒóïU¯®¥rí¾Zœ€IÅbåÍ¡ßN6¥MKWH·ióÚÌboâ*…Á‚)7G+¼Ds“Eñº0V)üR—
¿5©1´ÿ
package End---------------------------------------
iPos: 11536
datakind: 0
iPos: 12576
datakind: 1
Package Start-------------------------------------
Recv_Data:
file_index: 165
file_name: testfile!
file_size: 4096
package_size: 5248
total_size: 1852262
package_content: Ë¦èÚ˜ñ½‰'Ì’/×³/LVg‹|k¦.¤×ZuÑ’)Ï˜O=øÿ
package End---------------------------------------
iPos: 17824
datakind: 0
iPos: 18864
datakind: 1
iLastBufferSize: 960

SIZE: 16060
HEAD_SIZE:5248
Package Start-------------------------------------
Recv_Data:
file_index: 166
file_name: testfile!
file_size: 4096
package_size: 5248
total_size: 1852262
package_content: ÅliŞ;ğo€lF¡u2=-$ºÜ<¶ÄÈà¤tïQ&êPö”ã¯ABRÕ»¶Q×4«Mx;‹m2ô4{ii(i
package End---------------------------------------
iPos: 5248
datakind: 0
iPos: 6288
datakind: 1
Package Start-------------------------------------
Recv_Data:
file_index: 167
file_name: testfile!
file_size: 4096
package_size: 5248
total_size: 1852262
package_content: áU¤÷«/Ó#½V|óŒæ¥#9&œ	ûØüéR9üh~U`2á¸íY—ßwƒõÍi\.zÖeğ8$S[‘yÎsÎ ¶\¿¦Ny©îÍøõË4>g<zV—Ğı0sí[‘ôÍdi…µã
package End---------------------------------------
iPos: 11536
datakind: 0
iPos: 12576
datakind: 1
iLastBufferSize: 4444

SIZE: 7300
HEAD_SIZE:5248
Package Start-------------------------------------
Recv_Data:
file_index: 168
file_name: testfile!
file_size: 4096
package_size: 5248
total_size: 1852262
package_content: ¦ğ×Š[Y’W´c™İµ%{“Z·ş#yo~×|JEJ9üzÖ·’šdéó^İŒŸøNKE†­©D–ó)Íœ’u÷¬¿iS@¢ÓGÒã¶¶ş9à9Èõ5/‰/gk†¼º°–$|m“qô>ÔÛMnóìJ¿e‘ÃıÒÈ1V£/ˆÉ¨ªçwÔ’yV~t±†Æç »Ğu°À_H"ˆó„çğ¯E—WXcYnôB±Æß¼Ú˜gúV•ÄMT±{(48 u?¹Œ¦æ#×5£©4¯c{t8¯	xJŞÎ#}ö1æ
ï$ñêki<5wöƒs9•”Œª*â´×U2[éºY{ƒş´«ô¤ºÕ/eÔBAnTãkÆ\7#¹¬•Ysjkñks¡øg¬,+-„ºlPòqææ»XtûO³{HX¾\CùúW¡]Ck<–´ËÓËPqøŠßÏ¨F»-AƒåIü«ÍÄQç©Íºšô5Òw„6ØÃ.ÜmVÁ®{_D»vqs$>Yù£äâ[X´EIÆ®ËÏ+´îÏáToµx¤ŒL—K0Æ+†ÅgNfêÉ‘ÁªİÉ‘Kz²Æ€•V9éÛ³dšMAL–ª'ıZñÂ¡t‚ewû;„9Ü¡ò*±¼òÄ–iº6à“.ÒuÅFÅ¨¦†\jWq²İ@£€¸ÃSXlƒäÔ­d„±ÊpIÃí¥^ı¶ênY÷k µ½}ê®³©j7ÚƒêwOæ•9"Û´})İl5Ëmw+ê&ÁFÖ~Tä«>3NQpª²Àå
package End---------------------------------------
iPos: 5248
datakind: 0
iPos: 6288
datakind: 1
Package Start-------------------------------------
Recv_Data:
file_index: 169
file_name: testfile!
file_size: 4096
package_size: 5248
total_size: 1852262
package_content: ëÁ‰zZo1nL¥'‰ÇMŒ8ëVï¾!k÷÷ñ]x’à¨‚›ßyB{À‚}ë›‡Eñßµ¥0ÿ
package End---------------------------------------
iPos: 11536
datakind: 0
iLastBufferSize: 208

SIZE: 16060
HEAD_SIZE:1040
iPos: 1040
datakind: 1
Package Start-------------------------------------
Recv_Data:
file_index: 170
file_name: testfile!
file_size: 4096
package_size: 5248
total_size: 1852262
package_content: g <éU5¿x—YÖSNµ×ÚÒÂ@<¸•—UéÎyÏ¥Má[—ÒLš}Öµm%¬¬^"“ì	&1ÈcŒÖ¦(S¢Òİıû›*Q³kKXx’äÚKn’yn­\9ÂğüõéŸNi·>0ğ‡­âÓµmVyãŠp–—ĞÖÁ²÷j9\kÑ<Aáë£>£ŠÓíRÁa}†[9#¹Îê>)Óü)­Ê/%†ögËªÙÆY£Ê
òG¿¹¾¬«^‘?,´v¹Ğ|Bºğî¥vcøu-ñµˆ“6¥sÁ!#k"Û„yş÷Ó5gÁRÿ
package End---------------------------------------
iPos: 6288
datakind: 0
iPos: 7328
datakind: 1
Package Start-------------------------------------
Recv_Data:
file_index: 171
file_name: testfile!
file_size: 4096
package_size: 5248
total_size: 1852262
package_content: îôé§™vÆPúàÕºm«
ÈÚÇËëÇcW ·F$®2zçÖ¨BÒä0Ûô÷«ö©#g|n€b®7&ÌètD*T¸ï]Ç‡€
¤W¡¦œ¸®ß@@ÛZ=„ÕÏFˆ­ûNƒ5£}À@­ûLã-éé\òØD’“œşu]Ç$œñSÈsßòªòu4–À4ÿ
package End---------------------------------------
iPos: 12576
datakind: 0
iPos: 13616
datakind: 1
iLastBufferSize: 2652

SIZE: 14600
HEAD_SIZE:5248
Package Start-------------------------------------
Recv_Data:
file_index: 172
file_name: testfile!
file_size: 4096
package_size: 5248
total_size: 1852262
package_content: :¯3Ğ|áH‘ä»×´¹ãÓa
package End---------------------------------------
iPos: 5248
datakind: 0
iPos: 6288
datakind: 1
Package Start-------------------------------------
Recv_Data:
file_index: 173
file_name: testfile!
file_size: 4096
package_size: 5248
total_size: 1852262
package_content: â+båêDıÜgç¹ú
¡ªh$ğıÔú&·æ¤É9	¡<0SÎò5ÓJ¼¥W‘Êï·SGRœ¬hßÿ
package End---------------------------------------
iPos: 11536
datakind: 0
iPos: 12576
datakind: 1
iLastBufferSize: 4676

SIZE: 8760
HEAD_SIZE:5248
Package Start-------------------------------------
Recv_Data:
file_index: 174
file_name: testfile!
file_size: 4096
package_size: 5248
total_size: 1852262
package_content: Â¨ìÑüÛVRú+dş9­T¶ÑÁ¶û‡!³’Xv4¢¨X²H‚Ä$œŒ}«™³ÃZd­¦ı¡ğ‘íær6wÎ¥xªÛÚÖĞòù¤äôØ‡X)¡AsçÉæİ@[.œü¿$c¿Ry®.÷ÂŞ)ÕH—QÕYD¿¼Ù	!ã<úâ½UÔ-H··¼}ĞÀí!	¸D„“ÔŒ–<uÍr®Û=¤šM´ğ9Tl‰	éÉäyÅ^»=5:¨Y­NB/Gg#ÜÜ½É‰åÚ‡íÊWŒ¾==}uQ	áÑ`³µ…a˜ôw¹RNÒ¼{g¶*ëC«Åm–Î8Ûj‘s
ïÙ‚8-ôÙ<O=½ñK4¸ºˆ9xá¾òçÔ×L¦ê“R¹›'ƒõËhÖú{«Û‹ß•’,hSn~½k7S±º°¾0A+ÚùE]^ÙİÔ“×êkĞ,eñW‰‹ßZéó¸­$VìDN¼·?Åı)uÙÜj±i…ô¢-:²”øŒg<UÒÄF÷ƒ™&™™ğïÇ:·ölÚ^LnÚRtR|¦$nÜ0sÛJô[ë^h5¤GÛä.æXÔû=ëÌuÿ
package End---------------------------------------
iPos: 5248
datakind: 0
iPos: 6288
datakind: 1
Package Start-------------------------------------
Recv_Data:
file_index: 175
file_name: testfile!
file_size: 4096
package_size: 5248
total_size: 1852262
package_content: ±Ñ¾àcšŞ¶Ê¯^ƒÖ°´nÖå±ù=«!òN3Q?9©eÿ
package End---------------------------------------
iPos: 11536
datakind: 0
iPos: 12576
datakind: 1
iLastBufferSize: 860

SIZE: 16060
HEAD_SIZE:5248
Package Start-------------------------------------
Recv_Data:
file_index: 176
file_name: testfile!
file_size: 4096
package_size: 5248
total_size: 1852262
package_content: îÁŸ÷á„÷Ñæ½2io ½ŸÄ	5-ª»Z(#HÖN}WœW‡V¤á;Æ|×ÓOò7§5Ë©ä±øKY‡^’şÚ±…‰ê¬[oÔqT¼W¦ê:¤±5…¼‚br‰5Ûx£KƒW™4ÏÉŸo8ï.%!€ô_SZ¾ømaàÄšxã,.grÊN;fºªceN*£w}Í^u=Ôyv‘ñ^ğŞ¤4\Ù®ÎW@döŠê5/i·ğÁsµ§Û]Œd6C¿ä*¯ÄE¬ø¶>šà6IÜsÔö«!ğ/‡|Wck¢Iâ§¹?ë¡·ÎÓï]©‡ª£&¬ŞşFq·´öWÑ’ßxëG·	ı¹âY!Yn=ÌG¨é|!×µyãÖ<c¨Mev»ÚæKPGs»­ŸşÏ–ßõ1©xÓB>=Òd‹ş?­!`ök×8-Ëò¯FúGŠ| <7¥xÃYĞôxh-|Ÿ,môbì{TWÄıVjzu}>íÏS€Š\µ6íßµÇ„øíÚ\òÙI¤ U°qºªøgM-ÖyVHRVû²!İœõ»½á}Ÿˆ®n“LÕ!um±Ülb_Xæ²¼aà½[@ÔÍŒ÷Æh@8•à+¹W¤ıËêÃ5v–„ó-–‘¤QF—(fùàk“›V†DyĞ†İóo…J\$ì¤yŠ
]ğÄÔÓÈ²´`åNXşu
<ÚŠ§÷¯¯C1¼–á„?ÃÀ…!¸ŸÊC1^¬Û±Zúˆ‚æßı'÷KÙ˜ùzÖÌPÉ:Å§¢ÊW’ª£?MkQ›–¦l‘Ü]ÌXLC·Aå“Å>-6fÛ<7eş)…ÏãRjCUKÅkfEèÁ½W7?Ò®A;²zÕ=#a‘Z^NÆ56²ª±ÎS'ğ¶W2é‚Iy	
*0«Ë=àfo³ãïyDfJØ¾ÏQˆ9ÀåN7zzõ%ß¡¥.Ÿg~u+dS Ê"
package End---------------------------------------
iPos: 5248
datakind: 0
iPos: 6288
datakind: 1
Package Start-------------------------------------
Recv_Data:
file_index: 177
file_name: testfile!
file_size: 4096
package_size: 5248
total_size: 1852262
package_content: Ìy8ŞçŞ½wãÏ‡“á‚íôOü]º¸'–ŞóNŠãpk†}øocøH!³µà–ÚÔ:oÈ°'™·&Ojõò¥Îå]«İé¥´0IJ«ÏNğŞ¯i¡µ²³7—q,å·bqÔzW@5é5+…Ón,äÌP|úmÃ¡lBGãÁÎ+Ï´CPÛÍáÈ¤‘â>îËyj:–î)ºïŠmdÒÒ8oZëS@TÉnáQ0pC†İèkÕ’¬¤ûÔ¥M$®îmê¾ÑüY£yö7÷n¶—;d!?ˆıÓÎN:U¿‡ŞğMœ×Ú– –·Vù1™®L~ªxÇÒ¸i¼Mãİ:ŞNMJâ+xãÙŒ±Iúuÿ
package End---------------------------------------
iPos: 11536
datakind: 0
iPos: 12576
datakind: 1
iLastBufferSize: 4344

SIZE: 16060
HEAD_SIZE:5248
Package Start-------------------------------------
Recv_Data:
file_index: 178
file_name: testfile!
file_size: 4096
package_size: 5248
total_size: 1852262
package_content: 6é~^Xô_S^Å'‡§¾ğåÊX#7—ÑTà¯p}ñŞ¼–÷W}&çí37ïJüŒ:`vëĞt¯C
ÕhI#HS†ÈÛÔ×ZÕµ›KÉŒV‰&;Kwå©şÙÇ?­k\i62èz†-»Z¶™>ë©å‹.Íá¦:T/áÉlìe¹¸Ş{›É"ÛöiÃˆ×
package End---------------------------------------
iPos: 5248
datakind: 0
iPos: 6288
datakind: 1
Package Start-------------------------------------
Recv_Data:
file_index: 179
file_name: testfile!
file_size: 4096
package_size: 5248
total_size: 1852262
package_content: lœgéZ-€É¼vj„Ã×êsÖ­İxô<â¨ÌÀdâ¤
ò’I]Ã>¢«ÌsÔòsÉ©åÚFìõãš‚CÆ}¨w
ğ:P1;·t8üêY¹Èaš…º†ßô4’~`:ÇµC!z{š–C»£cÔúÔÜ“Ÿj
package End---------------------------------------
iPos: 11536
datakind: 0
iPos: 12576
datakind: 1
Package Start-------------------------------------
Recv_Data:
file_index: 180
file_name: testfile!
file_size: 4096
package_size: 5248
total_size: 1852262
package_content: B=µ§˜ÀeŒŒHJÅ†ÖÊ7óç³íÈÂŒn?ZéîdÔ„›$‡8fL`ŠÉ½Ñfk‹Wb¤óqSÏî´Ì-©Í_[Ç:4–ÆhÈl³»qùŠ®&Óšfß&îÀ?Ö¥¿·Ôìo$Mø\ü¨FEQû(78šÕcŸ¼všÖåÜÑß¡bêÁn-ƒÙye³œ·'oF¼EÛÏoµÉûûª˜ŠM6ò4eù8±…j\irÌÃû>&mÉ#Š¶ô·rbÚe]An<Ò†ïÌR~B˜Èª·Î¬¯;¨1“ÔŸ¥$“Â.>Ç}Ù3Ëc½>ïË¿YùÕr›TSZ3Xé¡\j7J±•<3õ`Íq©¸”Ù0ù]U#šu†ùÚ0$!7q]î•áEà™õ»m:à\À¹óŞç
package End---------------------------------------
iPos: 17824
datakind: 0
iPos: 18864
datakind: 1
iLastBufferSize: 1540

SIZE: 10220
HEAD_SIZE:5248
Package Start-------------------------------------
Recv_Data:
file_index: 181
file_name: testfile!
file_size: 4096
package_size: 5248
total_size: 1852262
package_content: ÚÆY,~éÎóV¤Ó¥·´kÙåÂs’§‘Q^4È%¹GXc9»‰İY÷WX}™.79a»úU6­aİ$t¿,­f»–ïí<´ùT¦Y³×Š©«i:~›¬Ko	Ì2|ìcÊç8¬+_ŞiÀıfİ´óp?*­«k7:Ù»fÒ£‘ó0•H´‘ÒÚŞX¨š.9Óåd_™úõ•402? ¯JÆ[¹ã“Ìvê¦.e”å§b{î5J6!Í3ZËJ[…óV@í™<ı+e.›LÓÚò@6 ç‘ÁíÒ¸Ç¹‘$˜ôcÖ–kë»”IpÅs’	àŸZ'IMj5Q%¢/Oâ'ºÉól†QŠ±­x¶îæD[)ÈŒ/]¼‚zŠÅ‘´*‚Ü~µ\±[¹É«µäì?y+6OsÒ‘/n"}Ë!É¨ÌLztïŠ¼t¢Š¯
nb3´õÅ¤O1­£]#JˆÙzÊÑÙ@ˆsHíPiòÜÛÜf(Àç­[¶‘C¬PJ±–ûÎà3NÚšÆ(­ƒqvám·‰RÃ Uy­å´Ãw¸qÓõ®‡GY®¦)c|±In„¡gãƒ×¯Ò­kª µÍr.&—†b
package End---------------------------------------
iPos: 5248
datakind: 0
iPos: 6288
datakind: 1
Package Start-------------------------------------
Recv_Data:
file_index: 182
file_name: testfile!
file_size: 4096
package_size: 5248
total_size: 1852262
package_content: Åô³½Eh0W‘C(2;Õµ­ißğÃq¦Û|÷’ï„i`ˆ§î³)$>•¥xF5GW*çNåÿ
package End---------------------------------------
iPos: 11536
datakind: 0
iLastBufferSize: 224

SIZE: 16060
HEAD_SIZE:1040
iPos: 1040
datakind: 1
Package Start-------------------------------------
Recv_Data:
file_index: 183
file_name: testfile!
file_size: 4096
package_size: 5248
total_size: 1852262
package_content: Æ]?_†-2â!"ù–¹s:œgåşöZğÎ®[Emkk:Jÿ
package End---------------------------------------
iPos: 6288
datakind: 0
iPos: 7328
datakind: 1
Package Start-------------------------------------
Recv_Data:
file_index: 184
file_name: testfile!
file_size: 4096
package_size: 5248
total_size: 1852262
package_content: ®ƒªéËc©-òÉŒ1áW>Ø¬û™m¯.šH5ñ$kÿ
package End---------------------------------------
iPos: 12576
datakind: 0
iPos: 13616
datakind: 1
iLastBufferSize: 2668

SIZE: 16060
HEAD_SIZE:5248
Package Start-------------------------------------
Recv_Data:
file_index: 185
file_name: testfile!
file_size: 4096
package_size: 5248
total_size: 1852262
package_content: ğ§†u-1&ğºÊ%†,Îf“×iöãÆº¡Z1²îEÒ–Ç/acwr×K{ŒŸİá°G¶?­MÛG	Cwåª–g<ş4Ù¼97%&ˆÆpIÀQIªRZ-ºDñ6å—%uÚ=jÜbú—x›Şñ)µI&[‡,rJïÁ`:µrãÅòÇå›"ZæQ»k0ã'¹®:òöİ!²Â~n1Te5”yP±ÁÆ:Ô<*Jær™Öjšç‹5[¶mFëxG
package End---------------------------------------
iPos: 5248
datakind: 0
iPos: 6288
datakind: 1
Package Start-------------------------------------
Recv_Data:
file_index: 186
file_name: testfile!
file_size: 4096
package_size: 5248
total_size: 1852262
package_content: øI5}`jR‡µ¬’BïFÊ¹úŠ’óH·Q‚ÖUrÒ<dï*G‘Ûäõ«ZŞy¦[•YíÚeœM.6äã ïôô­+-3«w+€ <Jÿ
package End---------------------------------------
iPos: 11536
datakind: 0
iPos: 12576
datakind: 1
Package Start-------------------------------------
Recv_Data:
file_index: 187
file_name: testfile!
file_size: 4096
package_size: 5248
total_size: 1852262
package_content: N	5ºåQ²ĞÆ:—soOÄÛÔ<_%–©ñEİ–³zÀ(šbO”
package End---------------------------------------
iPos: 17824
datakind: 0
iLastBufferSize: 904

SIZE: 16060
HEAD_SIZE:1040
iPos: 1040
datakind: 1
Package Start-------------------------------------
Recv_Data:
file_index: 188
file_name: testfile!
file_size: 4096
package_size: 5248
total_size: 1852262
package_content: É¯4okZA[[|÷7J-íå}¬}·1Åwşø+&¥—Ş=ğ´ö÷6Ï˜f{„!Àxl-‘ô®MT •ìC'¿5ëó:oü#ıŸM©¿¼h›SšØ4
Ë#C&:á#`7ö«Ï4¿hú ÚoÃÙdIßlÖÁÇPïYmeâ¯K}5Ã=Œ·Ñ
package End---------------------------------------
iPos: 6288
datakind: 0
iPos: 7328
datakind: 1
Package Start-------------------------------------
Recv_Data:
file_index: 189
file_name: testfile!
file_size: 4096
package_size: 5248
total_size: 1852262
package_content: kZ•ªE¬É$’[­¼{VâÜ6Y„`ü]IÎEa:¶©ÊÖ‹©ôçcÍôİj+­“3ª«pUÎ77Ôô¨õ/ø›I»šHÖ&\nTÉ Œu®§Hğ¦…r$ÓÖÒg}¹·û9—ëÓÜcñ«>,øMıáA«¥î1)ãrŒ‘ëÓ¹àÒS£Î£%¹u•Ï'½šöí–ò÷Q.ä‘Èéì+£ğ—…µÏ$s[Z}ÕÉ¼q’1ÉEXÒ<
×¾DÑÂ­Ô¦’WùCc98ç8É®§Ã3\xZÆãGxb*±0VYƒ/óŠê­5şíêd£©Æë¶5è‡J‘¼Á³Í#OzÌ†úæöíc¾¸Áv9Î}1^…w$W62Ï¦Ï»<F5mÎGnkÏÃ¶¤Å§Á4{å™<ï6<º·œ*)Õ÷]ÆÔ®_ÓŸáŒP­µÍ¹³Ÿ8iK±îİ•Gµv6º¿ƒìšÒæ	Ù¡òÅy½CsÎ©9Ç¨¬_
xf7ŠÎÏíN‰¦rv€ªõãÜÕ-{E}u>Ågba*§å^2
package End---------------------------------------
iPos: 12576
datakind: 0
iPos: 13616
datakind: 1
iLastBufferSize: 3348

SIZE: 16060
HEAD_SIZE:5248
Package Start-------------------------------------
Recv_Data:
file_index: 190
file_name: testfile!
file_size: 4096
package_size: 5248
total_size: 1852262
package_content: Í9‰Ï<ñPXŒázúûÔÀr*Y2N2:Ô/ƒ@9ïéL8'ã­>CÇ?­0ƒÎçUç"”œ6O\v¡Î1õïUpçùÓÓ˜O4õ#?Ìš
package End---------------------------------------
iPos: 5248
datakind: 0
iPos: 6288
datakind: 1
Package Start-------------------------------------
Recv_Data:
file_index: 191
file_name: testfile!
file_size: 4096
package_size: 5248
total_size: 1852262
package_content: ¤Òî&==*¬šO‡à“í7ÑB¤ãbB2[ÜÔÊ«„L%FKSŒÔlæ7Î’o”)?†jì:öŒìuq_‘YFr+¯)cuZ¼
ÈÌBäÖ^§áÔ•wÜÎ%È:Hü«RM]²]¹ÃC¤O=ì³ÛJWÈbxl§££Øİ­ÒÜÛª[‰MÌ{‰õ"·‡&´o*È[¨eùä/‚~¢³µÏ©%­ˆ1; ÂÕ*®R÷Y|½c¹jKhtíV+¹d·óÉÊ?+7SÕu=Rşp÷*ñ§O³ÄU>¹ï[v°éËı£r±È8—=ºUÈt;Iu8,¡¤I›9€E&”}é+²ı›^ô·2¾øRñ®ºšvŠ±³g–IÔ^çõëGáÿ
package End---------------------------------------
iPos: 11536
datakind: 0
iPos: 12576
datakind: 1
Package Start-------------------------------------
Recv_Data:
file_index: 192
file_name: testfile!
file_size: 4096
package_size: 5248
total_size: 1852262
package_content: ÇR{UˆâS›(p§'šª¶’Ï*ˆI/8Ç¡,$Åuzí4Úh¤›(	'Ï™˜Ïßç5~æm/ÊI-‹S†^3W#KtL˜P~`jÄĞéïf¬!Ktîj"”†àÒ(}ºİãù,=8?ˆ«ÚUî¯	d¶ŠQäœæ¶tŸ‡zd6±jZŠÜ³¹£EÖŸ®Z”f‹"Å»lyãØÕE©JÅ´â®ÌM+C¹Ó/Öæåym“&üäûVßü$LrÁå¬*íJ­‹p"Ò²«ğµUì¤o$€õö­=œ"òJÅ»]WìÇ5rã§aVcÔîİ
ÉpHnŠyôô¬ØlK6ÕŒıqÒ§K.¹Ü;Z¾XŞâ‹h¸·¡±
package End---------------------------------------
iPos: 17824
datakind: 0
iPos: 18864
datakind: 1
iLastBufferSize: 544

SIZE: 16060
HEAD_SIZE:5248
Package Start-------------------------------------
Recv_Data:
file_index: 193
file_name: testfile!
file_size: 4096
package_size: 5248
total_size: 1852262
package_content: ®@ëX.î<I Gy¥sy:î_”ØŒãÃ¹$õ­O†:Gç²‡ÃºÜÓÀY|ÛwlM/'Áãàõ5íZ”°ª¬Ö»iıw:©ûÉ»Ï†<WaáË]bşîa5ë,¶ñ³†Ydlòñÿ
package End---------------------------------------
iPos: 5248
datakind: 0
iPos: 6288
datakind: 1
Package Start-------------------------------------
Recv_Data:
file_index: 194
file_name: testfile!
file_size: 4096
package_size: 5248
total_size: 1852262
package_content: (ÿ
package End---------------------------------------
iPos: 11536
datakind: 0
iPos: 12576
datakind: 1
iLastBufferSize: 4028

SIZE: 13140
HEAD_SIZE:5248
Package Start-------------------------------------
Recv_Data:
file_index: 195
file_name: testfile!
file_size: 4096
package_size: 5248
total_size: 1852262
package_content: Üÿ
package End---------------------------------------
iPos: 5248
datakind: 0
iPos: 6288
datakind: 1
Package Start-------------------------------------
Recv_Data:
file_index: 196
file_name: testfile!
file_size: 4096
package_size: 5248
total_size: 1852262
package_content: ×xRP¨aÜƒı*•äö¶V1¥ü«7˜UAê	êëŠê5ÌæŞÓTÓ
package End---------------------------------------
iPos: 11536
datakind: 0
iPos: 12576
datakind: 1
iLastBufferSize: 4592

SIZE: 16060
HEAD_SIZE:5248
Package Start-------------------------------------
Recv_Data:
file_index: 197
file_name: testfile!
file_size: 4096
package_size: 5248
total_size: 1852262
package_content: rÜ|ûÊàƒ]††2w‘~Qx t*:f§„‘Â«1’zU{b’>Ùî*åº1|°SÎù¨‹VÜ¬9'8¥¸¸±ÇƒŒœöæ™Aâ·¡9ÁÎhuó%&R	Ï=)¤›Ô«ÙóIrûŸÓ
Tö±•f,8?pœTlŒÒôjYrıÇ9b÷²ìIa¦2À¨©âÃ/p|ôªiÎã#Š¹«ü¬x†iƒĞ•f%J>îMI'TŸ@iÑ[+±;Œcšµ°PwòªæHÌHÒVpÊ{‘øUûv7Ç§½G|uÇZ¹h¨
package End---------------------------------------
iPos: 5248
datakind: 0
iPos: 6288
datakind: 1
Package Start-------------------------------------
Recv_Data:
file_index: 198
file_name: testfile!
file_size: 4096
package_size: 5248
total_size: 1852262
package_content: Åkmt#¬²îÙ[vke¦›`²,;rpŠ2}¸â¹™ïôÏìûh-Ö8!ŞR‡+ìjäÚİÅªùğêÈĞåÆpÇÛÒ³i½‰ççcNç@Ô …ìéçpcpLkïåTom¥”G¶ºäÇÃ^rj¬‘__Âu‹KÙíÚ€1;E§®±y©,"YZ6?8fä‘Ö¡ß¹ËQßrãÙiº-«İniec¹Ô÷5zÇWk —QéĞFJµÆp=}ê;ë›M*f¶K”,É£–Ï¹¦Ù_[j;dl”|­åŒû÷§­®f´eˆ.în!¸»º¼.í±¼°í@aQ/ˆïü¡'ö‡˜ÊVHÁÜzT>!Õ­¬ç	ay™
package End---------------------------------------
iPos: 11536
datakind: 0
iPos: 12576
datakind: 1
Package Start-------------------------------------
Recv_Data:
file_index: 199
file_name: testfile!
file_size: 4096
package_size: 5248
total_size: 1852262
package_content: –‹ËÇu=EM$_»2ÀCgzÔÊ×W!¶Ò¢º¥ºqÖÎ3W--e‰ä )ıÈ>ïáUÑ$¶1ÜNXe¾tR9²-ã­-°nyxÍe9t2¨ìÈ kS*µÔ’™Ú¤ô«#L´¹a?Û~Îë.V@ÃŸjÍ±[}`Éc¨K¾d'gâ©‹$µ›b,å‘ÉÛQË~¡I»›¾ ÒVVå8™WÚ©G¤j2B“¡Œ¡8÷úT‚ıõ;e·ˆ*¶y<ÏúUİ]E)‚uò€¢:öª§Œé¦šVf¿Ãß]ÿ
package End---------------------------------------
iPos: 17824
datakind: 0
iPos: 18864
datakind: 1
iLastBufferSize: 1788

SIZE: 16060
HEAD_SIZE:5248
Package Start-------------------------------------
Recv_Data:
file_index: 200
file_name: testfile!
file_size: 4096
package_size: 5248
total_size: 1852262
package_content: ®xÃ[Òï-]¢ŒD‚3Œ¢ç vŒ‘õÅtn´.ášîî`Ã`0V# SíÓ'Ö¨›m$Z\}²Ô¶n³Hà²&pxƒéšôğT]+Æw~¦ô#R’åæ'êv>‹\Cä	o¼’f›{ÄårFÓƒŒr=«®¶Ñ5±à‹WÓc’ê[°dŠhÛî.F1îpIÇ#×u¦yó¾«4Í'›p¾RJHIÇ@:ã'í]£á¯^xr=&ñóFˆ»JmRNì0?)
package End---------------------------------------
iPos: 5248
datakind: 0
iPos: 6288
datakind: 1
Package Start-------------------------------------
Recv_Data:
file_index: 201
file_name: testfile!
file_size: 4096
package_size: 5248
total_size: 1852262
package_content: ÷1ÓñúÓ!Æ®›c³8T‡,#oø‡g¨YÁe¤ë§QšáÚî' |¹êIÅ]ƒ^Ó<+<6÷¯EoaX,O|œ‘øô©îƒ¦[&Ÿ,“	¶d€ÜFsÀëSèpéQ/›ªèê]Àb‘¯­˜ùy9§=EqÎ²œ¬Ö‡—N»©/}‘_øşxJßIW6ÿ
package End---------------------------------------
iPos: 11536
datakind: 0
iPos: 12576
datakind: 1
Package Start-------------------------------------
Recv_Data:
file_index: 202
file_name: testfile!
file_size: 4096
package_size: 5248
total_size: 1852262
package_content: ùšH¦ÛŸ¨ª×šf™‘ò4¶—Ëû¯æ“ë+•ƒÄ7@’-ÂHÙydQ»ùÕ[¯‹:n«:Ûıœ"ƒóÊäãğïKÙÊ÷½ÎZ±œfîtÖJ—¡ÚòÏÊu*	y?…s*ñ7ˆav³°µhâCËÈ:Š“ûOÏcqc¬#/\FOBâŸÈ–­«>CpDEñø
¢õ7«ìãJ:jQĞô[ÅWÂÖKè­w\DNyúŠé_á,F$É©YŞË·1ÿ
package End---------------------------------------
iPos: 17824
datakind: 0
iLastBufferSize: 24

SIZE: 16060
HEAD_SIZE:1040
iPos: 1040
datakind: 1
Package Start-------------------------------------
Recv_Data:
file_index: 203
file_name: testfile!
file_size: 4096
package_size: 5248
total_size: 1852262
package_content: "í´ÆßŞşU~Ó\)á†=wx
package End---------------------------------------
iPos: 6288
datakind: 0
iPos: 7328
datakind: 1
Package Start-------------------------------------
Recv_Data:
file_index: 204
file_name: testfile!
file_size: 4096
package_size: 5248
total_size: 1852262
package_content: Î³5	¯âjıÑMdêÆyüjÖÀbêÒàÿ
package End---------------------------------------
iPos: 12576
datakind: 0
iPos: 13616
datakind: 1
iLastBufferSize: 2468

SIZE: 14600
HEAD_SIZE:5248
Package Start-------------------------------------
Recv_Data:
file_index: 205
file_name: testfile!
file_size: 4096
package_size: 5248
total_size: 1852262
package_content: Çé\K	Fsº9å?i®ş§M®ê¶÷ÙÅ
package End---------------------------------------
iPos: 5248
datakind: 0
iPos: 6288
datakind: 1
Package Start-------------------------------------
Recv_Data:
file_index: 206
file_name: testfile!
file_size: 4096
package_size: 5248
total_size: 1852262
package_content: >èÇëI¤Û1ŞnÆ3¹FA>•£ı+±u@í€@nx®)ÊÒ6ŒJåo¬ Q¦dvù³ÔÖUì÷—w4Ÿ+‚ÇÖµ¤‚r~h™{gUînn-”Ç%ª»±Ê’:Zik J,ÆU»…v-çÖÎ›y<±´Wr ñ“À^ÆÆkÙYî$T
package End---------------------------------------
iPos: 11536
datakind: 0
iPos: 12576
datakind: 1
iLastBufferSize: 4492

SIZE: 16060
HEAD_SIZE:5248
Package Start-------------------------------------
Recv_Data:
file_index: 207
file_name: testfile!
file_size: 4096
package_size: 5248
total_size: 1852262
package_content: ªù±Ê­€¯#=½ê»ˆä†ŞkË‡bÄÆpGÈ€õÒ ¾MÎû1¾BUÛïÓ­¡MIY!­5:
package End---------------------------------------
iPos: 5248
datakind: 0
iPos: 6288
datakind: 1
Package Start-------------------------------------
Recv_Data:
file_index: 208
file_name: testfile!
file_size: 4096
package_size: 5248
total_size: 1852262
package_content: f³|â»Ív;[Y¸;K?Š‚$$ğïJê>#éº$:ˆ–÷Bh¬õ}šæÚmŞG«²ÇÕç“İèšl7¶öÒ\ÜÀÒşï÷EñÓ pp{× :‘å[÷:ªÏÛG–ş¦·‰n`¹‚ÍÒKé£NÀ&JĞû­fIâK[ë7ŠúË{-q¿ûÜzúTzİõ½…¬”ZË<·1k}»ˆÏ ¬kÛr
ÜõÀ·²å´YQ²‚HéßPŞ^ŞŠ@‰
ıã£5_À^ÔµË”—û$5‹HD²ïì:ÖîâÏ„Òi¶ñ™|6‚×Ó¯>l°}+SÂš7‰SÄZg†„±[yoDo">ï^k$¥ô±Ë*°Zµÿ
package End---------------------------------------
iPos: 11536
datakind: 0
iPos: 12576
datakind: 1
Package Start-------------------------------------
Recv_Data:
file_index: 209
file_name: testfile!
file_size: 4096
package_size: 5248
total_size: 1852262
package_content: ±>¸èj]À~!Öâûd`'Gm¡ õ¢én	JNÈ«,/Ÿ›€‹ªmsH[ÏQÛ“ŠêõOgØùZ·Œ,à+ÒİX»“éÅq—ª!˜ªÉ½Aàã
package End---------------------------------------
iPos: 17824
datakind: 0
iPos: 18864
datakind: 1
iLastBufferSize: 1688

SIZE: 16060
HEAD_SIZE:5248
Package Start-------------------------------------
Recv_Data:
file_index: 210
file_name: testfile!
file_size: 4096
package_size: 5248
total_size: 1852262
package_content: S¼3j:$Ğ[ÇBäŒ1cº0$×$VUş³ec$ˆíç €$ÜÇVŸâH–ñ¯ïX–yvdnã¿Ğ~½iÕ¦éë¢Ô‹úÎ‡åYÅ)–-™ùgyìÓ×¥55Ù­.Ê\Bò™1µ3ÊĞç×Ö¬ÛêğİÙ8†ä…yüÖ-Õ[§>İ©×·ßo‘d¸Ó ˆÛÀe¿±Ó·Ryõ®IÉ¹j4OAÚ|JµÊ;?W$üª§'¯Ò¡Ó´Ö’WFÔ¥Ú]OW*‡®ìzsÆ)—ó›¶”éƒÃ!>L½?äÖ–›y3è’mÖ9‹/›!lîÇP?>¾Õ*³}Æ¤·-Ú¬QÁ<7a@ŒyŠ£¤½»û*®ÅóÁgknÛd2‚!2O¥gI«[‰Y/m¤FWËn#‘‡ñ­{+È¾K9·a’øÈäTN…H[™i²­í½Üro†>Up¤çõbÜ]¼1Ï%É@d,®§î`’=*}wSòaƒLKõiX—˜*cZ©Sıhî8ÆòŞp€>§ß5Ÿ+å*/SNÒïÍhã‰ˆT"‡Qó“›' şµïî4MjÛMÔm™–VXÌÊÿ
package End---------------------------------------
iPos: 5248
datakind: 0
iPos: 6288
datakind: 1
Package Start-------------------------------------
Recv_Data:
file_index: 211
file_name: testfile!
file_size: 4096
package_size: 5248
total_size: 1852262
package_content: Õ¤.šV9Ô”…íÃP\ëM¬jú”w,!d‚HcÏ@~ëàã¾8Íe.•sâIå@C¢£—¹6ŒYAÓ¸Ü
P×RháµSv¶ûÚ9--cÚî7|£îñËi÷kZÇÂºÁchÇ|ÒÜd¶€GsŸÎº¤çËa:“pIjG |Ñê/øÂr«Rğ«¾YşY ôúv­=.ßÁÓé·ÒxsM·w¸·
package End---------------------------------------
iPos: 11536
datakind: 0
iPos: 12576
datakind: 1
iLastBufferSize: 5172

SIZE: 14600
HEAD_SIZE:5248
Package Start-------------------------------------
Recv_Data:
file_index: 212
file_name: testfile!
file_size: 4096
package_size: 5248
total_size: 1852262
package_content: Ø9î
package End---------------------------------------
iPos: 5248
datakind: 0
iPos: 6288
datakind: 1
Package Start-------------------------------------
Recv_Data:
file_index: 213
file_name: testfile!
file_size: 4096
package_size: 5248
total_size: 1852262
package_content: mbãæbò`äul}*=AÖX–ÚÜï17,sÇ\Õ[í=ì¤e‡t€Äà£Ş¡[ãl¶m™bOÖ£’-ó¡I––uîO›|7Z[KÛdco}&Q¹Q§Úª©àI&@Ç
package End---------------------------------------
iPos: 11536
datakind: 0
iPos: 12576
datakind: 1
Package Start-------------------------------------
Recv_Data:
file_index: 214
file_name: testfile!
file_size: 4096
package_size: 5248
total_size: 1852262
package_content: -øŠ•#
package End---------------------------------------
iPos: 17824
datakind: 0
iPos: 18864
datakind: 1
iLastBufferSize: 908

SIZE: 16060
HEAD_SIZE:5248
Package Start-------------------------------------
Recv_Data:
file_index: 215
file_name: testfile!
file_size: 4096
package_size: 5248
total_size: 1852262
package_content: ¬áõòÇÛÖ®XÃ£¥š¡C·ïúšÎx†İ¢+_DrzGÃ9mò¯­Ê“ºaSfã×µiÛx
Ê%:¬±Ã@Åv\t²%ĞŠYWhÆNH¨õ½RËW”[’7jÍÊrb‚rİ˜z¦‰áğ¬±ëØ•ü|cyì3YW÷Uû©¾Ò!8Ç3Xã¹«ÛóÎÏ.“
ù±¬sG‚}Fk>ëR½û›wnÑ#.çhÉb­éèkÁyw*|¶Ô•|Q¦iî«a~ïnW˜\
package End---------------------------------------
iPos: 5248
datakind: 0
iPos: 6288
datakind: 1
Package Start-------------------------------------
Recv_Data:
file_index: 216
file_name: testfile!
file_size: 4096
package_size: 5248
total_size: 1852262
package_content: E¼r>Ë8'œ´ÃŸÊ«ÿ
package End---------------------------------------
iPos: 11536
datakind: 0
iPos: 12576
datakind: 1
iLastBufferSize: 4392

SIZE: 7300
HEAD_SIZE:5248
Package Start-------------------------------------
Recv_Data:
file_index: 217
file_name: testfile!
file_size: 4096
package_size: 5248
total_size: 1852262
package_content: ê”íugp’[¢´DH‘‚ÏÔç^LŒıÓ5x½J>;Õ.¦ŒİÊ'É‡b,r–`ñìG>µ‹áÔ²ñ-Ê®«¹dÂ¬Ai#É#ñúÕ¯ØêšŸ“qu2<ACöŸ— ‚}åT·¶œêk"áˆWìqƒğ¯RŠıÕ–åÓŞæÎa¥éşT©:4³³îó²
package End---------------------------------------
iPos: 5248
datakind: 0
iPos: 6288
datakind: 1
Package Start-------------------------------------
Recv_Data:
file_index: 218
file_name: testfile!
file_size: 4096
package_size: 5248
total_size: 1852262
package_content: İÊÛ¶ñ÷€'‘õ®ÿ
package End---------------------------------------
iPos: 11536
datakind: 0
iLastBufferSize: 156

SIZE: 16060
HEAD_SIZE:1040
iPos: 1040
datakind: 1
Package Start-------------------------------------
Recv_Data:
file_index: 219
file_name: testfile!
file_size: 4096
package_size: 5248
total_size: 1852262
package_content: kù’Ú?*ÖU#nXètÒ•ZJĞÙÇáKMÍ±6ğ©LMöÆ
	öæ¼÷âWÃí6÷Só4­bÙÎ>y1}1X‘xÒîãTŒÇ|ö‘+óæ@%è+OÅÏyâD3k©vÊRSË#è:W›NŒğøiKFzğÆPc8{Ş…;†¿Ø–ìïâyïC~¤]NÒãi®5FİıÈÀsúñ\Æ¡§êrÀ¦;›Õ`pC¸*~„s[Z&“n'ÔodÛ”‹qÂıI®Ú­=S<±Têè8øV|µÔUÇ”9’êábGä*¼úN›¡‘'ÚlçÍå¶[ò¥Öüwy7îu¾>‹i|«ş5Í_C{¬]b×CœE»9U"·‡+‡™ÙNq…v×1³6§¢[Å-¶•§Í uêĞwö5WB¸¸[ï$YÊªÇ²¶à
±¥Ù\X.ßC»-Bäÿ
package End---------------------------------------
iPos: 6288
datakind: 0
iPos: 7328
datakind: 1
Package Start-------------------------------------
Recv_Data:
file_index: 220
file_name: testfile!
file_size: 4096
package_size: 5248
total_size: 1852262
package_content: )c‘õ§O$¶˜t‘¹Îv·8ÿ
package End---------------------------------------
iPos: 12576
datakind: 0
iPos: 13616
datakind: 1
iLastBufferSize: 2600

SIZE: 14600
HEAD_SIZE:5248
Package Start-------------------------------------
Recv_Data:
file_index: 221
file_name: testfile!
file_size: 4096
package_size: 5248
total_size: 1852262
package_content: SU¦bAã¿aÒ¦•³œŸ¥U•ñì}èêiäPcŸJ¡tx ïVî»ÅP»b3ş ×ÍØgğ5‡¨9É*AşU±~äç-íXwî3€Äc¾j’º.ì“œŸÊ¨NÄœÆsWnÉÁüªŒØéï×½ +I»©8Ï¡ªÏ0=…O)=êj¼„±$ş9£¨®$Ú¿({(=kÈ¾&h¯Š5)ŸWÕšÏM…ÙXÇ"#®3'@é9¯Jñ?Šÿ
package End---------------------------------------
iPos: 5248
datakind: 0
iPos: 6288
datakind: 1
Package Start-------------------------------------
Recv_Data:
file_index: 222
file_name: testfile!
file_size: 4096
package_size: 5248
total_size: 1852262
package_content: 5ÍSwŠu;9b—ılw7f91è§µrqÃ¬iğ¡»µòüÁ'PsùU¸´CT'»Ò[ı^LªHı+5JÒÇŸ*mÜô/é:mï‡-ïüàø&0œİo*øQès“Rx'Æšt˜ş"èš]™;"…tö•äú‹ø×a}c£™^jVä©â—j·±£Lğ½Ç‰ïàM2òù`‰ÃrGçÚ°r;».ç2¤¶}>óÕ|SqğSZÔm¢ĞµìÍñœHÇËŒ¾;Šæ®ômOÃ’ÛÜê“ZÜÚ³“[FÄmìp*oüÒ´kˆµxÒk ¼EÕàx5JOü7›K‹ÃzŠÓ}ÓyP[Ms¹“×¡À®8J\Éy«ş%Ô²iÅ|Ä|IâR}>âànıô“ÌÑßì¨ë]ïˆ>XßfÚxjIB ŞIún¯*¹ğ¨¾%“û>fHí¤Ã]O(P	î=kª¼ø/¬Â=ÿ
package End---------------------------------------
iPos: 11536
datakind: 0
iPos: 12576
datakind: 1
iLastBufferSize: 4624

SIZE: 16060
HEAD_SIZE:5248
Package Start-------------------------------------
Recv_Data:
file_index: 223
file_name: testfile!
file_size: 4096
package_size: 5248
total_size: 1852262
package_content: ®ø5(Ü¾G{”ücámfâ9¯ü?•%|¶Ÿ¥qv•¬µæİZŞæyC©p¡¯Nğä×ĞÜ›V"(J±Šìtÿ
package End---------------------------------------
iPos: 5248
datakind: 0
iPos: 6288
datakind: 1
Package Start-------------------------------------
Recv_Data:
file_index: 224
file_name: testfile!
file_size: 4096
package_size: 5248
total_size: 1852262
package_content: Ú&ñÉ
¯8={Ô>ñMòÛ3-ËFï½R7©o½îOô®
°¨àÜQ„“[¼[áı#N›ÍïËfä`6ƒ3íÅd%ñ¼’%¹HVnv
package End---------------------------------------
iPos: 11536
datakind: 0
iPos: 12576
datakind: 1
Package Start-------------------------------------
Recv_Data:
file_index: 225
file_name: testfile!
file_size: 4096
package_size: 5248
total_size: 1852262
package_content: éb¥šy‹*Gu/˜P÷bÀqÃ½jê>²ÑoVïÅ6RÉ/—¿*@@Š¹(2zó÷*’ŒW»»:%*p¢ŸS—ÖÅıÅûEe(ß`Jğî$ãïéÍtğ6³ïÚõÕ/Ì,t«KA–f¬Ñ+ Ólt˜ã_Cyş™å+¼6ºÏcşVãÆ:ôˆ.4Ë(aŒšz¬8	ş3‘ß ïX*ò©¡“ªç-Îz¸§‹ÄÒ1hÙDiI2ò’23[şµ…¡¹ñ¯«ZéÖö¶Ê#’UßæHÜ.9'€+şıgÄú„r]]Ï1A#¼òóÀ?2uÆÀ®²ñ|7â[&–âÚm2U&ÈÎİ‚ÿ
package End---------------------------------------
iPos: 17824
datakind: 0
iPos: 18864
datakind: 1
iLastBufferSize: 1820

SIZE: 16060
HEAD_SIZE:5248
Package Start-------------------------------------
Recv_Data:
file_index: 226
file_name: testfile!
file_size: 4096
package_size: 5248
total_size: 1852262
package_content: )Jé›ÛÜó=EøQğãXÑeÔÇÄûAû¨
ªçÓÎk”Ö4)<=uäß8”vX[vS×=«M‚{wÅp7)I'¯ò®•uë»ëG¶×må%†<ß4b+e^œ®åÌ™¤—sKIñ¬mœKáßé–Ì¬3u¨]g?îÿ
package End---------------------------------------
iPos: 5248
datakind: 0
iPos: 6288
datakind: 1
Package Start-------------------------------------
Recv_Data:
file_index: 227
file_name: testfile!
file_size: 4096
package_size: 5248
total_size: 1852262
package_content: D×,P:ªH^•¬ZL™]¢…­¤Éb¹šØˆ¬wí
CgëV,DVó41ïyæ¥’Âòà4şS6ÕÜÁ{
Ö/Ş!+1-5	íãEò¸'“ëS[ZÏ;klìÀe¶®xª¨d~W™ÅhøjêúÎôÉjL…”‡‹ûÂªqä‹hÒö"™'µE4{Ÿ)ïZßfÛÊ€’t¥º{~|õvœ(*t•^}:âÒRğ†*ßuQ†N:×<åÏ‚×Z–l-„[ZÑÜ¾ï“š¸m&“N‘Ã/Ú7Ì3‘§VÁæ´R*Â9ç¡ôö­]CW•MÔÌI9V^§Ò¹§tî;hS6¹Ú·YÀçäû£üjì:Y¾²ÙÉ–qò–ª‘—¸•æW)¼œõäÔºn©©EÈ>Y0¨½qÓ«å›WBÔèô-ëL ^ËbpN3=joZêWÃû6-ß7;8ÀïZ@Fp¬ëò®0y"‹—(mùÜ,wW“*³u9ÎN«ÊVÖÎÈ,ñ°}Û>¾Õz'F·A32¿+2*f?¹îCÕ‚å}zÖV½e2…TÚÍÛ*õecU'QX~£8X3TÓŞ¸=Zòê—+:6pàã#ÖâŸ™£µ©…zÀ³Ö'¹tÍÁî¹êá°²¼Â1å,F×óH¤9İœ½nXØjÙ¿r%.	•Î*‰§ßjW¢µ+êû±Ç­i]ØÏ¥#$o'\l=1ë^¥IEÚ)êjŸqeĞ¯ÓÎ6š{1Rz¯AMV‚Öxn~Ğ-•Í‘œ[v~9µ´×A‰2	|„rÄö®ƒS±Ò/lÅÒI}Ø]Ã$Â¸åˆ9%8•vrvJc&DÜn¸öÏAVln^ïYX­¤;@ÁËp8ç>Õ¡w¦èVÄGm|®î •åjÌ‘Í¬2@d,pÒ*‘‘éší•HÕ¥¡kb·ˆ®MÕÄv–’/•Ìƒ—9õ¬ã|;±Y_Ê¬ÚÛ¦Ÿ;†
package End---------------------------------------
iPos: 11536
datakind: 0
iPos: 12576
datakind: 1
Package Start-------------------------------------
Recv_Data:
file_index: 228
file_name: testfile!
file_size: 4096
package_size: 5248
total_size: 1852262
package_content: šÊ·b$líã8À­+vÛp’Æ¾Zã“œg5³Q’é¬,.\`( ³{!•'!BnÀ|m?\Saa<R!a±\üª:šß3ydğ›Whı*’Öâ{–bòäÂÎÎü¥½}Å]‚C,‘¼0år[§*‚Á(:¾?z['š¾abŠMÙàñÓè}é W,İA¸™à˜öä†?¥6Ñß{ ÿ
package End---------------------------------------
iPos: 17824
datakind: 0
iLastBufferSize: 56

SIZE: 16060
HEAD_SIZE:1040
iPos: 1040
datakind: 1
Package Start-------------------------------------
Recv_Data:
file_index: 229
file_name: testfile!
file_size: 4096
package_size: 5248
total_size: 1852262
package_content: v6ã·×Ş›aı™<ó,Öï9¸fc
û9ê?:M{WğğH¬4íq#T‰F^Î~IÁ5‹'‹|?c¶ÒG{8ìÂáQ›ÛY¥RObFÍY¼#okw3é'sÙÎ	ú“ÛéTuJÒêé%·›FQ<»‰Mı1î*'P“XHmSGšÔO7-–íÉÍj^è¾²´m.§•Ş`Òy
package End---------------------------------------
iPos: 6288
datakind: 0
iPos: 7328
datakind: 1
Package Start-------------------------------------
Recv_Data:
file_index: 230
file_name: testfile!
file_size: 4096
package_size: 5248
total_size: 1852262
package_content: Ö£A¬i2\$VŒ¶¯ 7beÏ\ÿ
package End---------------------------------------
iPos: 12576
datakind: 0
iPos: 13616
datakind: 1
iLastBufferSize: 2500

SIZE: 14600
HEAD_SIZE:5248
Package Start-------------------------------------
Recv_Data:
file_index: 231
file_name: testfile!
file_size: 4096
package_size: 5248
total_size: 1852262
package_content: ¤BåF[vyÿ
package End---------------------------------------
iPos: 5248
datakind: 0
iPos: 6288
datakind: 1
Package Start-------------------------------------
Recv_Data:
file_index: 232
file_name: testfile!
file_size: 4096
package_size: 5248
total_size: 1852262
package_content: H=}8¨uÂ0³kl®/a‘¤û5±Â2.>c–ù‰8ïéYEÆ2½İÎ œzšZ.©¯ø–ûYºïH1iV¨š}†í±ï<.	>bªâ#ŸjÅÃQüJñ(Ñ5¿Ùé–šÇúbÈÍi$1Â¹1åùI
package End---------------------------------------
iPos: 11536
datakind: 0
iPos: 12576
datakind: 1
iLastBufferSize: 4524

SIZE: 16060
HEAD_SIZE:5248
Package Start-------------------------------------
Recv_Data:
file_index: 233
file_name: testfile!
file_size: 4096
package_size: 5248
total_size: 1852262
package_content: *ÆÅ&yœ •˜ü¹<äc­cõªÎv§¼˜âª|1VFn›ñÆo‰ãÓ¢ñ”³/ü|H¿.}z'öı„¶"kjRmıÔQ[)Œ\ëUm¼;áKr½¨-×/<ªY·<W'‹ ¯ÿ
package End---------------------------------------
iPos: 5248
datakind: 0
iPos: 6288
datakind: 1
Package Start-------------------------------------
Recv_Data:
file_index: 234
file_name: testfile!
file_size: 4096
package_size: 5248
total_size: 1852262
package_content: ÌzW/â~æÂo´é³"2—C}kˆÕ>2K©íH£1Ç»¦zVÖ¿=†¼TJÒ+œ²“ÔiJZìta¡S÷›3Òdø×zm…­ş‘?*'Fç5Íx¯Åº†±ˆíî|Ì}ägZ³¢øÏÀ~ TÑu-H&',1ú×geğf9¡[ı9|äa•ŞÀ+ŸIêwUËãnzo™yFlu¿´­Í•©İÕWëü'¬µÊ¦‘âŸÊ-í›…túä`ş5ØEğòæ		–ƒ¦²u:=&õq,Áw|ëøÖª*18TåJv’ûÑ³¥hÖú½ŸÙc×ë$¬6ó2†@;ç8Íhi_|=kûıZ(¬çpU³Ó¡¿·ûM”kßóÑcòKWÔ¯<'§6¥â+S3+|†,”ÿ
package End---------------------------------------
iPos: 11536
datakind: 0
iPos: 12576
datakind: 1
Package Start-------------------------------------
Recv_Data:
file_index: 235
file_name: testfile!
file_size: 4096
package_size: 5248
total_size: 1852262
package_content: .Â
package End---------------------------------------
iPos: 17824
datakind: 0
iPos: 18864
datakind: 1
iLastBufferSize: 1720

SIZE: 16060
HEAD_SIZE:5248
Package Start-------------------------------------
Recv_Data:
file_index: 236
file_name: testfile!
file_size: 4096
package_size: 5248
total_size: 1852262
package_content: Şxã-ù#+ÆNGn”šE¦¡©Ig¤jL\Ìß-¼›™dÎ?Şo^•±}ğŞ/4:SLnRÎJ@09;@=F8z×teI>I£ÑyÓšOFf}=Xô/Cl¬3˜ä—Àù¦Éî:zVlo…Úİ­m–ñã2Hˆ¨		`{€zg­upè^%ú=.y­YãMèCÙÏ }ìñ¶ÿ
package End---------------------------------------
iPos: 5248
datakind: 0
iPos: 6288
datakind: 1
Package Start-------------------------------------
Recv_Data:
file_index: 237
file_name: testfile!
file_size: 4096
package_size: 5248
total_size: 1852262
package_content: Åmw~–â&ù‹ ùı2sD¨Ak-"Ò–¥_Ã£=ßÛJò3î.­…Ç°¨ì4ÍOU)ökÒ!ò¡+^MIûB[^N’„`v¡äŠ¹uâË$kX4Áƒ‚+IVn)A\ŞuØÄñ&‘y§Y€¶­.[ægèŸJ«à+Q³Ö´Úg‰ãlÇ6I_ÊªëOˆ|_u%Í†¸ñÀÍ‘nÄájí®±â½EşÇÎ	Xd	Ôn÷ô5½%^Y5r£(T|²f‡¼_âë¥†¹,ãUÕ°£è+>Ë[º³²+<¤9+0ëXú-ßˆ5æ‹X¶yï—÷tÖ«è³ne¸yŠõÇ–qŠ¹Bœ#nˆŠ’R™gDò/&kG[(ªxMüïSëºş‘X"ºS.xÙÈZÎXìËk2c¾3ô¤Õ<nÏ=Š	õ¬”a)v1Uy}Ö$ÛËx5kÇ*{gåÅwZg‹ï4ı(2L…™pÑÉÎ>‚¼ûM³¸Ò@ûKO!€¯ŒÕ©®5T«Zé2…Só1<â®¥UZ„*¥'s¡ÓõOÄZ«iÖ$r³üÀŒk»Ñş[HRóW-q*õDb«šÀğÜøoD]VÓN]²dK!“/Œ¼Q«]²ŞjW;ÿ
package End---------------------------------------
iPos: 11536
datakind: 0
iPos: 12576
datakind: 1
iLastBufferSize: 5204

SIZE: 8760
HEAD_SIZE:5248
Package Start-------------------------------------
Recv_Data:
file_index: 238
file_name: testfile!
file_size: 4096
package_size: 5248
total_size: 1852262
package_content: –äÊTÉip¡YO@£üÅsÊv´'Ş¢‘èúÏ‡,ÆŸ§^j¶°ÜÏ"“NlFÌ2ìzñÚ¼¿âÏ€t»@èşÓÌ7
†Iå+º;€İJ·b2x'ˆuK¯øfdğœƒìÓ+¥â…Hè:ÕA©x²ÛQ³½Õ›ìÖ¶à¯œòeS=ÏSU‡¥:UT“&¥kI¨;?Ğå|3ğkX´¹kËÈü…¾©¸²şœ×£ißm®âkØu ¨Ü<°ñZöxc[™d—Å3‡şíœÈ˜ë†à{Ukßê–¨ÖÖ:šÅså¾¼×s«YKšLÂ8ª¯İ”­ò3âøC¬°?`•$¾Wì?Á?i&šÉB‚Iiø>Ô²øZù¡ûsºƒÄrå‘‡~ôªÚßŒ¯5+4³…&·”æ˜çÊ¿ày‡¬eZOFuAâ%Ô“F$úuÎ‹~m§…Q‚ õúU+÷f
zZ±tÎ—îcŞJä»IÍ&¡l£“Ë'¯Rk¾ÔÕÎØ·Ë©nÒêë|D†.q€½i’Á"ÊÖñ1d$c‘Tôí±Ï™ƒ”‚pMl‚ÒŞ8á”I»æl¯ ÿ
package End---------------------------------------
iPos: 5248
datakind: 0
iPos: 6288
datakind: 1
Package Start-------------------------------------
Recv_Data:
file_index: 239
file_name: testfile!
file_size: 4096
package_size: 5248
total_size: 1852262
package_content: ¢ÃZ¶¥k°&¶Ó„Òùq9ù;Oÿ
package End---------------------------------------
iPos: 11536
datakind: 0
iPos: 12576
datakind: 1
iLastBufferSize: 1388

SIZE: 16060
HEAD_SIZE:5248
Package Start-------------------------------------
Recv_Data:
file_index: 240
file_name: testfile!
file_size: 4096
package_size: 5248
total_size: 1852262
package_content: ô­ki|i©iqx_R×RŞÎçs¸–ÙLÊÄp¤ƒĞ×E5ğèúšÑ§)«CoÔàbø	âX¡}{M†ÎIb#ÈAò0QÉ>õ]'¼·¹Ïì±¦ÛåWÊ;÷‡°®Êş;¶¹—HÔu(ÅáeÌ†R¹^™*8µI~ë:T’İéº¨¼•2—”1Q»'¯ßµª;²]§yt2´–Õ1Ó7]Í&È.b=ÿ
package End---------------------------------------
iPos: 5248
datakind: 0
iPos: 6288
datakind: 1
Package Start-------------------------------------
Recv_Data:
file_index: 241
file_name: testfile!
file_size: 4096
package_size: 5248
total_size: 1852262
package_content: -ô-9eÛgz²+}å¸Œ(üëN×NÓV6¶X•eÇu¬íGJÖ,çH¯­hÈàŒp}Gz[ë'´U’ÖIPÿ
package End---------------------------------------
iPos: 11536
datakind: 0
iPos: 12576
datakind: 1
iLastBufferSize: 4872

SIZE: 13140
HEAD_SIZE:5248
Package Start-------------------------------------
Recv_Data:
file_index: 242
file_name: testfile!
file_size: 4096
package_size: 5248
total_size: 1852262
package_content: ¢ÖO6õ”»~SJµl¥Ã˜`ƒïPMw—TÖÙ=°jeBWCi2oí5¹Ê.]AáéN³ºùËG!äØç×4Ø-Q†U| c’E>é±¶Ù
package End---------------------------------------
iPos: 5248
datakind: 0
iPos: 6288
datakind: 1
Package Start-------------------------------------
Recv_Data:
file_index: 243
file_name: testfile!
file_size: 4096
package_size: 5248
total_size: 1852262
package_content: 5ÇW§zPQõ×üJ˜Êéh’>ºñGíé ÇöV~Ümn|Ó€È.¯WÎ>?øã/kòk—rJmæùÄ€‚$êY@ÇÉL×3k¥ø‹U¾‡Sñv¹HvÅ??#¯?. ?˜®¯Sğv§£›Xm®–êK”ân2.2/bGA^ccó
j5¥tºmù²«^i{Fs^&Ôt”ûdÖ×{`%±=	'ªú¤U«m7ÄofÚÖ¿°XTÚÃö€±2íÎTğ\šèìu_éúœ~ñ%­ä×Kk¨-­H¸H6ps’ˆ-¡¨5Ûòîï-ŞsanE´0Á{¾ùÆ0:f¼5UBJ-j…7ïnr—óZê×ÖğÜÉ%¾È¢TÀÚãp
package End---------------------------------------
iPos: 11536
datakind: 0
iPos: 12576
datakind: 1
Package Start-------------------------------------
Recv_Data:
file_index: 244
file_name: testfile!
file_size: 4096
package_size: 5248
total_size: 1852262
package_content: tõ‹ÓØéuo‡GÂwIñ
IOù[ˆbÁ‡ kšÖ|>—©ı‚æıP0ÛŞüı+_Áúÿ
package End---------------------------------------
iPos: 17824
datakind: 0
iLastBufferSize: 188

SIZE: 16060
HEAD_SIZE:1040
iPos: 1040
datakind: 1
Package Start-------------------------------------
Recv_Data:
file_index: 245
file_name: testfile!
file_size: 4096
package_size: 5248
total_size: 1852262
package_content: óZ:‚Bú]·‰YÛHÙ$G¿£êkIK¬‹Hu3×ÁéËçù‘÷?ZRĞÆv.#…éÇ­_ñwdÉ²ò b¨0ÏµbÂ/¨ø‚áR}ÑEœˆÃ|Ïõ?Ò¹G'ärT›r²-ÜÃvæo=å|~îNI>•WN¼Õ_´h—
§ï»¯ñ­[-'BğáÙ¸ùÂ6â¡=ªmOÄº…•’ÎÆ!¼`éŸRqQícYjÎiJ*-±´Š}—0$®Uvó×šÒ¼µŒÌ#\$kÎîŠåü%âr{Ù..¦Y¤FıÌQ(@ÿ
package End---------------------------------------
iPos: 6288
datakind: 0
iPos: 7328
datakind: 1
Package Start-------------------------------------
Recv_Data:
file_index: 246
file_name: testfile!
file_size: 4096
package_size: 5248
total_size: 1852262
package_content: öm§]yË‘ü¢\g³Š‰ÊRw#åÁ€EI:HÓ­ãÌß}ˆÇàiİ8ê2`Ëï¼|“´Ò²~İ›ä"6Å<•y­Ëù˜Û¸ÇßæÂEmáÈc¶!ÈŒ†fçÕM,ÁÉØ¤5]ZâÑììí6À›-Ôf¡^¥z»ròÀÎïé]>›h©o‘•¡\Á_SEù°…ÚÍ|å{cŒcß­“»å@¶9äÒu]ŒtıÀãİƒÏJĞ‘¼Iâğ0Â($!Q[œc¾1[¶šïÏ-õ˜Áe
„¹ıişÔì´ˆ/•L‡PÛŒÇ&œùùoËª*Ú7~Ö-mşÑqq#>İ¥‹r‹Ü~5‡‡µ}N.Ò2Éœ‡uÀõÙOâ›@».4 Ìì1Ï}q]5¤Uî[Â W\mé\•1hBíng+Â:wÃíVdö„cÉÇáZ:GÃKvoô‹ÆfÎYP`cÓõÚ ²´&
package End---------------------------------------
iPos: 12576
datakind: 0
iPos: 13616
datakind: 1
iLastBufferSize: 2632

SIZE: 16060
HEAD_SIZE:5248
Package Start-------------------------------------
Recv_Data:
file_index: 247
file_name: testfile!
file_size: 4096
package_size: 5248
total_size: 1852262
package_content: Ã»æ¶Ö¾Å¨Ü[h×¢G¹º¶“d›‘B³'ñ(ÎàAüjœš¥Í¥×—O#YFrMGWoÁ”oüSáŸü<›ÁŞ"ğn«.‰ı¢ÖÉ«Ëx^çk]v0ÜNAu#Êk6Ò`Òí`ğ5¸¿†Í S¶yÖ5À9˜™­ßkÚæ«s&™â%»†Î'‹Lû"*¨n
package End---------------------------------------
iPos: 5248
datakind: 0
iPos: 6288
datakind: 1
Package Start-------------------------------------
Recv_Data:
file_index: 248
file_name: testfile!
file_size: 4096
package_size: 5248
total_size: 1852262
package_content: ´ñWÄïˆ"ûcâi´RÑÔ?] Ç‘·ë\wÃoáwÃë3ãOêoÔåOô}>"6ÃíšÛOÚüisiàÿ
package End---------------------------------------
iPos: 11536
datakind: 0
iPos: 12576
datakind: 1
Package Start-------------------------------------
Recv_Data:
file_index: 249
file_name: testfile!
file_size: 4096
package_size: 5248
total_size: 1852262
package_content: O^{¿x†]>9c£Ú£Â1HÀúÕë;m2Æ`ÚÂD^Õ2?Iã9÷ç¥SœR»İšTŸ#Kç÷ø¡íáŠh¢=“Æƒë´í9ú
òï‹WâkKk;O8M-ÀÂÉ(Ç¥zéÕth¤?¶ÚG–à†P
package End---------------------------------------
iPos: 17824
datakind: 0
iLastBufferSize: 868

SIZE: 16060
HEAD_SIZE:1040
iPos: 1040
datakind: 1
Package Start-------------------------------------
Recv_Data:
file_index: 250
file_name: testfile!
file_size: 4096
package_size: 5248
total_size: 1852262
package_content: ÜîÇzÛÒ<7äØ¿)ƒÂl9$×Aµ—nVßcœv=(«ˆåV[äÑÎÛxjÚÊEÏ\áî=+VËHµ€<JˆÃyç§’ÕfUq&ş”ÛÓ~–Kº0£æ\pæ°N¤ÚW9¹µ3/­íÌe¿ß2qßŞ¦Ò­n&Ùt
package End---------------------------------------
iPos: 6288
datakind: 0
iPos: 7328
datakind: 1
Package Start-------------------------------------
Recv_Data:
file_index: 251
file_name: testfile!
file_size: 4096
package_size: 5248
total_size: 1852262
package_content: ³¼%á;»JÖ‹k¨ÛÇ›(ÊeÁ+‚ôÚ•è^†âÖÛ«û ÷—în¸vd[¸íÓŒÖÕ+{/v>F2º–N~/	Ú,sBã.n-â³U`™]åW##œ[pÉg®èÍd¸”HòMµÕÁ#{Ÿâ>£§åRø‡n”u)\—š]‹·
package End---------------------------------------
iPos: 12576
datakind: 0
iPos: 13616
datakind: 1
iLastBufferSize: 3312

SIZE: 16060
HEAD_SIZE:5248
Package Start-------------------------------------
Recv_Data:
file_index: 252
file_name: testfile!
file_size: 4096
package_size: 5248
total_size: 1852262
package_content: ÅÕÕäàF1ƒ9ÜÃü+—Ò¼<ş"ñkÃr’B‹30Emë:ÍÎ•s!»¼Háàäƒ\ä)¼ºÖ”KtñBy2ò#¥oY¦îgRräÕ›Úÿ
package End---------------------------------------
iPos: 5248
datakind: 0
iPos: 6288
datakind: 1
Package Start-------------------------------------
Recv_Data:
file_index: 253
file_name: testfile!
file_size: 4096
package_size: 5248
total_size: 1852262
package_content: O5àŒlÔ‹FG~9À¡£|Cğf“`- ñ—b$$,×nBÅ‘Şäñ^½F3†ö0ŸÉ/éÿ
package End---------------------------------------
iPos: 11536
datakind: 0
iPos: 12576
datakind: 1
Package Start-------------------------------------
Recv_Data:
file_index: 254
file_name: testfile!
file_size: 4096
package_size: 5248
total_size: 1852262
package_content: |uÆzÓQ¦NHéÚ¤–lúşU*Äs¼÷=E:8ÃIè*„5"8
package End---------------------------------------
iPos: 17824
datakind: 0
iPos: 18864
datakind: 1
iLastBufferSize: 508

SIZE: 16060
HEAD_SIZE:5248
Package Start-------------------------------------
Recv_Data:
file_index: 255
file_name: testfile!
file_size: 4096
package_size: 5248
total_size: 1852262
package_content: .ˆcŒdí½ztïÌ’]Ïj„“ÅKíB_ìåğö‰4°ì”óã·ƒ¿çQÁá_F	yw¶Ó—ómåû®Hş!ÜV®“¢x—ág‹lPŠÓQ»¸…ÊE!&<ç{ú‚+WÄëã=k[´“ÅòÙ[Å1ıÙ†B÷
Äòj§R;Eïø‘:Šé­¬q—Ú~£âY5‹™§¹xÉYÜÃÓğªŞøk¦Ş\ŸøL.–ÚÑˆTo3kç k²¼Ö$Òõ/³ZjœÄ$ó2>ëcšÍ¹Ô£Ô¥ş+%g@˜‘œõ
package End---------------------------------------
iPos: 5248
datakind: 0
iPos: 6288
datakind: 1
Package Start-------------------------------------
Recv_Data:
file_index: 256
file_name: testfile!
file_size: 4096
package_size: 5248
total_size: 1852262
package_content: v+QÆö­m9Dã9¥7íĞ´ÂM czÎÖõKK‡ÌXNqZ!	=CİĞu½—ß›m+äwÛÁ¢²#Ôî"“nÔ‘	à)Æh®V÷ÕFmm¬~ØşÒ_HçÎG¡ôü+BÎy.ĞC$Ov®rÉûO¹æ—Æ$Ö5›ÛF½ğå¤72[„U„*2ÿ
package End---------------------------------------
iPos: 11536
datakind: 0
iPos: 12576
datakind: 1
iLastBufferSize: 3992

SIZE: 16060
HEAD_SIZE:5248
Package Start-------------------------------------
Recv_Data:
file_index: 257
file_name: testfile!
file_size: 4096
package_size: 5248
total_size: 1852262
package_content: P²y^åm±]òVW&LŠš([ì…€qóëëVa{¹!2İ¦W¦÷ê6_>8Ê~U8ùGSš^yåÚÁ˜I¥Duw'sKLxQÙ¶¦pUÅ®rßÆNj)‡BT=úÕ¸£Y[t ã'ê+eF•ä>F)ót`ÃhÇj–KhæDKˆşfèÙÆj)TŸ—?(ôõõ«Ğ½¼{®o	XÈRI>ÔæÔbÛèU¯¡Z×O[rÓ	R3ŒäãÒŸ5»«ª(ÆHÜO\U‹{¨_{5D#†`yÏCÍ7çŞ\°/rsø×=şŞíl‡(µ¡§k,{nÑ7¬„€[¨5*jR@<¦“hˆäTWÖá]wF9]Ço$2ZÍµãAÛŒõúÖÊöÔ„ä™a¼¤Ë‰™Ùÿ
package End---------------------------------------
iPos: 5248
datakind: 0
iPos: 6288
datakind: 1
Package Start-------------------------------------
Recv_Data:
file_index: 258
file_name: testfile!
file_size: 4096
package_size: 5248
total_size: 1852262
package_content: ¢Â¾1¹ñ,¦Î	Cuƒ3I0Ueä{sÍ&‘c©\xÇQ²ğü–º€ÓÓÎVºoÜJÄ•|ªŒ’ªFxíT“GÕôË™<Qmköë‡S4ÙZÚÎNK²©ÛÇ8kTêsÚoCµRŠ¦åS6gŠëNû\ô‹Ş§2›»Ëœda•DFÁ-0@â¸o]«ø‘Pê/;FÛ“(‚81’Xÿ
package End---------------------------------------
iPos: 11536
datakind: 0
iPos: 12576
datakind: 1
Package Start-------------------------------------
Recv_Data:
file_index: 259
file_name: testfile!
file_size: 4096
package_size: 5248
total_size: 1852262
package_content: üAñGƒ5)'sí»ÌZ[bÛoP{WYec§j:x³Ä÷fêÕ2£Ïƒú×™j÷zºÌ¶ºÜı¤Â™:kJ6“•Õû“_ÙÎšIhvÚ|Qñ*íì¥Ñ,­ šL­ß'hA5{Cğ>›mvL^ òMß½$*®>´Ÿ­4kmí^Æ_1dÜ³“ò°ÇMµO]ñÇ„nYô‰T	"WåÖ¥IJ|±V<J±r›HŞñ'‰5o	Ù.•¤êâbáæ‰‡8şîãÏáSê¼	®Ú'†®¯¥´¶-³ÎOñzØW‰x§Ä>$ñ²÷m©yÛúÇ	 z
Ş´ğ–—­i	öÛùã”€Sf	İïíJ¶Ú”´~EF<²Jç øSáN±©éş+ô¡#£ªåÊx†¹¿_2ê¯¥YLî#]»älïö«ğÛã¡ğÇM>ñË¨Ú†*›™A…?ÙÈşµ™ãohürA YÅûÂYüÎ¾*!
±«yj»ĞæIó>²—Rñp+™r¸•-›fß®;UßXÙèZø–2D±œKÈ¹¾ğí¦°Ç¤_İÛ^Üæà ÷ëV5…zõ„ïs%Í½ôŸÜIÏŞº½¥Û±.*ÍÜ¯ituÖ—É¼†Ş02YØ™â9§Iq&ov×ï‘+Í’~‚®hZíÌ¥ßX[Ç/—»)ĞÖ\šŒšLòÛ>“ƒqY£ÜÃØÒ§ÙÆö‰ÑN
Û‡5&[èSŸŸ3È£q5Ğx§Ä~mRŞËHïC“@|­øğ+ƒÃ–z…”7~°’KÌ2 
¾üzV–…¨xNuå²­Ûı"#oÌgßÖ¹¥Nœ¥u{¡*n¬¬Œˆß5-Vgñ,º„q[*+-à;‚ÇÖÑ´_hVúÎ‰ÔĞoœÆGàA­ïxŒx¹§jd~ü–“§–Şd
¯­økÅúNƒ#ê}G•
Ç*°_÷—®(YEF3•µÑwò3ö5¤ífì¿(x.ãV·—œDÿ
package End---------------------------------------
iPos: 17824
datakind: 0
iPos: 18864
datakind: 1
iLastBufferSize: 1188

SIZE: 16060
HEAD_SIZE:5248
Package Start-------------------------------------
Recv_Data:
file_index: 260
file_name: testfile!
file_size: 4096
package_size: 5248
total_size: 1852262
package_content: ô'®?ÊiYÅéçbÔ!JwlïßÅÎÓˆâ¸óUGÍ‡ÈüêÅÆ­qsjdFû1†*zó˜µë[IZk=
H!C•RåøôúÖõ³<Œ±¬WpóG¹õö¯FU£Ë£7uù¡tcÉñê÷J×‹samxc|·æ6 zvÍy÷Åßê>6ñWÛ§†Xí"M–Vòº5ï¸2Nk×cÒ4­\ê÷z%§ÛvŞóËÈN;úûUy~xGTw2@×ÈXã(ÄrÂoSÇII´Ş¬ğ«;è¯é·aK|¢78SÛë]åµíl³êIXğŒã°ş¢»+„>	’ä›_
)pr9À­±ğ§Â—Ú]İ·ˆµQh‰	02‚À7O™ğ€O­qq†û}æVsv<jÿ
package End---------------------------------------
iPos: 5248
datakind: 0
iPos: 6288
datakind: 1
Package Start-------------------------------------
Recv_Data:
file_index: 261
file_name: testfile!
file_size: 4096
package_size: 5248
total_size: 1852262
package_content: CÁ­4‘¼½Œ¥³Ÿ¼sÍWHHFúÒ» Ÿ-™ ù¹XtãE\´`EÎ>÷,M2HXŒ!˜ìjÌp<G”İòòsWÊ€1Ò†çpç#¥:k(–7t9Æ@¢0¿*xî&¬|Ò 
package End---------------------------------------
iPos: 11536
datakind: 0
iPos: 12576
datakind: 1
iLastBufferSize: 4672

SIZE: 16060
HEAD_SIZE:5248
Package Start-------------------------------------
Recv_Data:
file_index: 262
file_name: testfile!
file_size: 4096
package_size: 5248
total_size: 1852262
package_content: J[í±ÌÈy‹sñ»Gjğ)Ö­N¿3J××şšç\ˆ©áÍ[ÔŞóû-A–/7ï0ğ&İ€8÷©uİYôNoÜèif–Ìf´„/¹ÃVÇlóŠç›Äö ·ûcÄVåÃ%æ“-¸x’b2It8
package End---------------------------------------
iPos: 5248
datakind: 0
iPos: 6288
datakind: 1
Package Start-------------------------------------
Recv_Data:
file_index: 263
file_name: testfile!
file_size: 4096
package_size: 5248
total_size: 1852262
package_content: ®ªvPÛÍ)¶Èƒ¢3ŸQX¹'ª3r’¬¦·W–ˆdyV0¸É!¿
ÒšïCÕ4„¹Ó-£+ş·Ë~ú=ì%‘ebzí+Çò¬sâ+›ï²éöË2ŸùfÀş½7ª²Ü™=<Ëql–¦E—ï+>9¬Ñ¬[^)–Ê4'ß1°Í\¹½°¼F2ÀöÒ°Ã#¦TÕÂúuµûŞÎÅw6í£îšÁMS‹oqS«d\³ÕšV0½œˆ{ÉÂ¢ºÒw/6ºÑ¯÷Z,ùUûİNŞcmoqú:MgÈæÇö„„äáH'Ÿ­kN£¨¯±Ö¦¥¬ş³I‰gG$õ#9şU-äz5¤
‹´z,c­;P£ˆ”v)Ô9Zç5½veÂE&:í ƒøVê“Üq„M=šeìG|D8û¸ü+6–;–_!FÜ“Rh­5Ó+µÆ2Øù‡zÖmÇö`ä÷²¦Ò)]ÁâVÈˆäGĞ’?1Mû-Ü—_ÚQj6NXïÜ?ÆªÍ#Cv-®B²€
ÿ
package End---------------------------------------
iPos: 11536
datakind: 0
iPos: 12576
datakind: 1
Package Start-------------------------------------
Recv_Data:
file_index: 264
file_name: testfile!
file_size: 4096
package_size: 5248
total_size: 1852262
package_content: ;¥4í­şe‰õOY¸Zn<ç•4zF²³¡‹É-À©mæ’ıÌŠ:ìéoå\´—%›ô¥zêŒ"¬	$;uÛ8ŒáÎ
package End---------------------------------------
iPos: 17824
datakind: 0
iPos: 18864
datakind: 1
iLastBufferSize: 1868

SIZE: 8760
HEAD_SIZE:5248
Package Start-------------------------------------
Recv_Data:
file_index: 265
file_name: testfile!
file_size: 4096
package_size: 5248
total_size: 1852262
package_content: ZÕ	)™„›yw„È—eç©ÉéQë°]øcKMwÄ’[^ÜùrŞÙÜ[²*Ç»º¶3¸rÈæº¡„iÙ½Ê(J|Éìw7şòÉ¤XjÓÌ¬äÄ5	¼Å¸ı1ŠÍÔ.ŸH¸SÕnFèÃªÅ4ƒî’Gnøã¥S‹Ç~×|Ëè°i–×0fú	[Ì8ÈÙ•ç¾~¢°¯lŸQ½ZèÇ÷ªÍ…cFî™çíDhI;l‡ìc8İ+ú¾´|L«q}#ÜÜO0Xb°Q	üœå²;sÏjê´6ñGˆôMOÅÚ·Šµxu-­§I Î…X|§ o”`÷ç¨®[C‡TñE¼šœÚ¯Ø$ÑeIa‘8u\ãï|Ç¯zMoÆÚÔv·6>!Û%ë;ßÄÇ}ÍÑ‘“,Y†QÀã’(qP—*g#¤Õ¹àÇŠ>1|IĞSRğ&áM:ÚŞúÊ+‹i#B«lŒ0P­¹ÏéU`Ğ¬´¯	ØØ]_j%Yµ	8Ìp{À
package End---------------------------------------
iPos: 5248
datakind: 0
iPos: 6288
datakind: 1
iLastBufferSize: 4340

SIZE: 13140
HEAD_SIZE:5248
Package Start-------------------------------------
Recv_Data:
file_index: 266
file_name: testfile!
file_size: 4096
package_size: 5248
total_size: 1852262
package_content: ÿ
package End---------------------------------------
iPos: 5248
datakind: 0
iPos: 6288
datakind: 1
Package Start-------------------------------------
Recv_Data:
file_index: 267
file_name: testfile!
file_size: 4096
package_size: 5248
total_size: 1852262
package_content: |0±ó,|AvöÎ6ÒÛÚÉ"©ÇŞm½ÿ
package End---------------------------------------
iPos: 11536
datakind: 0
iPos: 12576
datakind: 1
iLastBufferSize: 4904

SIZE: 8760
HEAD_SIZE:5248
Package Start-------------------------------------
Recv_Data:
file_index: 268
file_name: testfile!
file_size: 4096
package_size: 5248
total_size: 1852262
package_content: <í$zÿ
package End---------------------------------------
iPos: 5248
datakind: 0
iPos: 6288
datakind: 1
Package Start-------------------------------------
Recv_Data:
file_index: 269
file_name: testfile!
file_size: 4096
package_size: 5248
total_size: 1852262
package_content: Wº.5I(I³Í>x«TñÄwĞt{kM2ÂÑâ–{Øp¶0'Şd9ûîÄ™?…w÷^*Õ´ïÉ”7VVRcÈ”Z.ugùvKÔàí#ŠÎğŒŸô_Ç¦øWJ—R×/®²\½³2@»r—ø‰ÁöãŞ½¦×Bñ>“¦ÍgªêzY·ºˆeM»‹üL ŸÒ¹qUåÜñùœX¹F¥Nmá×‡.ş x.ê=Zğé×QŞâÃkÂäncózœğ}ªmgáÃë–¿Û·:Íæ,àÛæCoµ¼¾„!ÎÁ1$0Œdpk¨>Ğ´H.d´”	Ô®,Êu,p¬pNâ8<TºF—m¦„ñ¥üöÖê³ÖŞGVHÁ¼û•É
şó•·{Ò”/ykåêyg€¾i1[^›{k»H)ó¥½m¤ŒıÜ”ÇÜú×¼x[ı—<Eğ@ñŒu{ÛËŸ5×ü$z.h.$m©lÀ‘µ9Éæ÷Ójú¬ö¦âê†‘fHÕÛ ü €8õïXßğ–xÅü-í­…ô¯æ£=ˆyd˜õÌ=éÅj«OEv½ßsİÊs¨í$ÓNûy;"çÅ½3Â%k>µÕ-LƒÏšŞâhÚ³òÜ²N1è3^#á_jÖŞ9´Ô5+Øì|ÉşÑiwêÆŸİ°Àão~5ìú¯ö…|ÿ
package End---------------------------------------
iPos: 11536
datakind: 0
iPos: 12576
datakind: 1
iLastBufferSize: 1088

SIZE: 8760
HEAD_SIZE:5248
Package Start-------------------------------------
Recv_Data:
file_index: 270
file_name: testfile!
file_size: 4096
package_size: 5248
total_size: 1852262
package_content: ¥ŞO‹Ë}nÒ†L,dœ}zş5“w¬]úu‚Ã|ù,ÄşÜ÷«m›RÓ­äâõóÅfI¦[Mµ!¸ŠF¿u‰9ü«H­lÊ\ö1-íç—Px¯ìŒ.N‚CzÔ«­µÒÇr\“kÉŞºİ6ÖÒÑ>ŞóG3Œ6à*²Ó¯ná¸¼Àß0fá½ñ]
]Í6Ñ	l4Ë¹mŸNówŸ‘Lb”[Á¹olmÊ|·
package End---------------------------------------
iPos: 5248
datakind: 0
iPos: 6288
datakind: 1
iLastBufferSize: 3560

SIZE: 16060
HEAD_SIZE:5248
Package Start-------------------------------------
Recv_Data:
file_index: 271
file_name: testfile!
file_size: 4096
package_size: 5248
total_size: 1852262
package_content: ×Q¬øNâK´^•†áÆÕ;ñ¼öR2(ğËi^	ˆİkÉi¤lùŠe8è1?ë\ò\³³dÃMQN#ãÈN±¡ÜÇËóFËœ)ìJäzÖæ‘â×[{.‡Ê®9ŸÃÒ´‡ÄKÍK>Âáoro#ÈA»ÒhVÒjvKw¨iqFÅñ"µ¢ “Ô¨ÛµÑ
²¨¹c©¯°“W›I¶†u«½v]NŞy£òâËˆzOÏš…!ñmıïö²jòAJ¼¾Xıqş5Õjú†á¨şÑv¶–Şk‘Cµ˜wıÍW¹½ÑÍœgSñÈÄ•BW× ¬İ5	[©šçºQW)Ï£i:F…4Ò¹šîŞ4’rûz/æzV=‡€üûÆ¿Õe(ÏÊÄ£;s^…©x*ÊËH·×.üH©5ÔíâTA»#ƒ¹»ã ¦iÚ{ÂÊÖËÈñ‘æÍlÀwæ®tñ?cÊ¾A[R„íU4ÎBi^O‘i’]ä´×MÂÛBÿ
package End---------------------------------------
iPos: 5248
datakind: 0
iPos: 6288
datakind: 1
Package Start-------------------------------------
Recv_Data:
file_index: 272
file_name: testfile!
file_size: 4096
package_size: 5248
total_size: 1852262
package_content: ©‘x=={Òª¹eê=:ÔÑÇ•ÎG© PÇ>§­J¨Häô<QíëÈúÔªƒ8ş½h
package End---------------------------------------
iPos: 11536
datakind: 0
iPos: 12576
datakind: 1
Package Start-------------------------------------
Recv_Data:
file_index: 273
file_name: testfile!
file_size: 4096
package_size: 5248
total_size: 1852262
package_content: å^œW|Jğæ•à´±½Ğ^k{«7'+2J¡8ıMs“hïâ“ÆGE¹kmF7&x­‹£(êXäœ}kŸØÆ¢MÎËî1’Ÿ2wÑt$Ó5_'Š—ÄšD›íÈWecÉÀR½1ì+¾ÖÅv>¹Ó<W¥X}¯R3k¯”î„qÁÀô¯+ĞŒÚKšœqí”Ëjq“¸ÇÚ½µ¾	xËÅ~²ÔõKûGPû/›	ƒF`ã‚3ïZb¥
n2m$,DÓiÏ©æŞÉi¥ˆ,RÖâu}®Œõ<ıÓÚ¤±Xõ‹¨¤³¼hÜ6ùâHş#Übº¿üñ•¼pj%‚Op3’8?±„f³<5àoÛj­¡j¶pÅ(¹M—òn¹ÿ
package End---------------------------------------
iPos: 17824
datakind: 0
iPos: 18864
datakind: 1
iLastBufferSize: 756

SIZE: 16060
HEAD_SIZE:5248
Package Start-------------------------------------
Recv_Data:
file_index: 274
file_name: testfile!
file_size: 4096
package_size: 5248
total_size: 1852262
package_content: a«Ek±‘«ZÜ]À¬ebÀõÛU­¦Ôl.‘^ùÑq÷€Î+vŞêX”¬Ñ¶FS|}j…Õ–¦Òı¡Ä#6éšÉ^NÆO–¦†ôÊÅn«wq£3úÔ©¡jqä#_,k";¹|½³L#¥hZ¤7îˆ•8û¹«…Ù­<$c#CA˜­ŸjÚN×Î*ııwÜ[K€zy‘×5s3£Òİê½“hÃ0›©Ô¢÷LîöJèµŠen£G#Õhª:eŞŸx¢;›Í¯ƒóFÅ8ÍJ×8*Õ”gcN]Y-,Úd¶†P¿.ãô
package End---------------------------------------
iPos: 5248
datakind: 0
iPos: 6288
datakind: 1
Package Start-------------------------------------
Recv_Data:
file_index: 275
file_name: testfile!
file_size: 4096
package_size: 5248
total_size: 1852262
package_content: qKiáßj×:Eõ€Š6RĞ$ŒÃ)Èù‡ò÷­oxãEÔîd¹Ó<MùE	6î¥}TĞg·z«¢O6¯º1èOÚ-šl‰ä‘èÃ©­\'Mİ’¡%{õ0ô¿Id¦ù2ÚÏ†…ÁÇ=ğÆº-Ã‚ëF{9îü–idhw'Ì¤Õ§¯ÿ
package End---------------------------------------
iPos: 11536
datakind: 0
iPos: 12576
datakind: 1
iLastBufferSize: 4240

SIZE: 7300
HEAD_SIZE:5248
Package Start-------------------------------------
Recv_Data:
file_index: 276
file_name: testfile!
file_size: 4096
package_size: 5248
total_size: 1852262
package_content: vÍV°oy]dîüÍ“œ+²Õ< Ä³ÿ
package End---------------------------------------
iPos: 5248
datakind: 0
iPos: 6288
datakind: 1
Package Start-------------------------------------
Recv_Data:
file_index: 277
file_name: testfile!
file_size: 4096
package_size: 5248
total_size: 1852262
package_content: Ï—ÊÂCÆ¹ëšç¥ŠQ¨Ö¯ò2„ä©[³Üù£GÒµ;{ñkb.6¸l3‘†»æ×on KÛ½Ş	# :y„ƒõkNßáwöş·&¥}rme‰Æè,İ•O¾J»âÿ
package End---------------------------------------
iPos: 11536
datakind: 0
iLastBufferSize: 4

SIZE: 8760
HEAD_SIZE:1040
iPos: 1040
datakind: 1
Package Start-------------------------------------
Recv_Data:
file_index: 278
file_name: testfile!
file_size: 4096
package_size: 5248
total_size: 1852262
package_content: üÆ'rGO§JÁñ?ƒbÔ/­î¥šIÆ~d˜ÂsÔ9ĞøC\½µó%ÒnàDl,ÉØ×¿ãSÙh·~!Ÿtò ´Iâã#ç¯r¥6Ñ•[ò¦÷14oKÓ¯WÈ¹¹Çü°KX_3œä~ÖÎ¥âU€j:†¬nK…şÈèîÃûØ<¨®ñ|?§iG—§Ù¬Cg*İÇbô¯8×ne°×d‚âñÜÇ¶mÒvôÍD›æVZ™F·4¹WâKâ)ü7­éâÓşCIb€‰¬åD1ØçŸÈæ§ÑdiVº}½ôww·m¶—f;7ËSî
package End---------------------------------------
iPos: 6288
datakind: 0
iPos: 7328
datakind: 1
iLastBufferSize: 1436

SIZE: 14600
HEAD_SIZE:5248
Package Start-------------------------------------
Recv_Data:
file_index: 279
file_name: testfile!
file_size: 4096
package_size: 5248
total_size: 1852262
package_content: »®ãŞ¨[ÜCjé1+#
package End---------------------------------------
iPos: 5248
datakind: 0
iPos: 6288
datakind: 1
Package Start-------------------------------------
Recv_Data:
file_index: 280
file_name: testfile!
file_size: 4096
package_size: 5248
total_size: 1852262
package_content: W±Öo¢µ—Î¹;Ã¶øÀÂ°ìxéô©t²º†é%”‡™t®AÆ:ç" Ôôm_E¸
tã<S©hËÃ#‚¸¤µ…înQNŸ³>RÄŒû¹«iZè¾m	-®ïx¤™Y‘~I"Œ€x5Ñiºn¹¨êÖĞØiÏ
package End---------------------------------------
iPos: 11536
datakind: 0
iPos: 12576
datakind: 1
iLastBufferSize: 3460

SIZE: 16060
HEAD_SIZE:5248
Package Start-------------------------------------
Recv_Data:
file_index: 281
file_name: testfile!
file_size: 4096
package_size: 5248
total_size: 1852262
package_content: ²²3wÉSärwş+#JñN§e)·ÓÒ9`’Dp~†’×LğíÌbÓ ¸'’¿Å]‘áäm8fib\»‰5Ğé4½Óià]4œZbéšÊk6ÂÔDöç'r1,¤û¢´´Ÿ^} \O2åe|çØÖ¶ Ö’KflÖ)	Áıj¬>*Õ ¿ò®aÂç¨b* Ÿ3REQŠI©~³¦BW†)‡<Á¬»IìôĞœª·İVÚh:œvâk{‚Òƒó©ÿ
package End---------------------------------------
iPos: 5248
datakind: 0
iPos: 6288
datakind: 1
Package Start-------------------------------------
Recv_Data:
file_index: 282
file_name: testfile!
file_size: 4096
package_size: 5248
total_size: 1852262
package_content: #Ã¥dø7ÆòøSÄjÙy2C²1\ŞÁS©u±Ñgì}Œ­¥ÿ
package End---------------------------------------
iPos: 11536
datakind: 0
iPos: 12576
datakind: 1
Package Start-------------------------------------
Recv_Data:
file_index: 283
file_name: testfile!
file_size: 4096
package_size: 5248
total_size: 1852262
package_content: ÃœÒ/'ºšõ•#§=ÏÖœ:ç8õ¦gõ©¡ B®;w§Œnw~3Úš¿{¦¥=yˆıhøÈöª1éÔw¤3œôô§!Çñõè@ç‘OS†ãŸR)«êiÃ×­
package End---------------------------------------
iPos: 17824
datakind: 0
iPos: 18864
datakind: 1
iLastBufferSize: 656

SIZE: 16060
HEAD_SIZE:5248
Package Start-------------------------------------
Recv_Data:
file_index: 284
file_name: testfile!
file_size: 4096
package_size: 5248
total_size: 1852262
package_content: {]y›>ğ&‘¯x"/Åâlº|¥ã˜J §·‘Ö©x—\ñF«mq©x`0ÑªÂ»¥ÏBÂ³şİx_XÖmnîc),¶ñ3,3°{hùIõõ®·âGˆô‹5™u­&9VëtiåÆ¹»1Ò±¨§ÎüêZ¼Úˆš†€m<KRñbO¶¬²DÑ„CÂâ¼÷Vğ¥¤×¬tL\Fàls:[?t{zï¼§éŞ&³6Ş‚Æ¬w9d“#€W°>µZ‡ºN‹©›Hl$ÃI’‘Œª“éT¥*Q¼^§:|®És¯‰5)Ï‡õ{‚.å[bLİµ¹=ûøjĞ[iV¡YaÍu%åÖ½òÙağ½Ç†ã¼ò3…W~şşç>õËA¦Ã=¬štĞ‰6¶ÌwŒ¢÷ûÃ“JuÔ­)lvS£is&cx3âğµìw7V–÷—×aÍì3ù Œmä
ë§¾ñˆšóS]=!P„[Á°¶[ûOjÀ×ü'ÍÊéÚÔv°ˆòrŠ\Û=ª=Ã~:ÖMßY–òÆĞ¯Ú|©^ÛİrÊp…hóÂÉß©†"I½šÜãş-øëâç‚¯¿²ü_¥5œ‰¹%;G®‹á^“à½*ÊÛ[Ô~$-¼w«æ}’KwVf=Ï\ık¡ø›§x~÷J·µÓŞK±c\HdenàäœõÅaxÁ^2†â[½#K·ft;<È™ÌdìµÚ¥ĞiÇ_¹33§5ª×¶ÇUªx¾ÎÊ3c§…¾·D"K›v
BØ#šò/i>,ñÆ¯•æ‘ö6İˆ·¸Ú[v}M{vŸá¹ï¼5æøÆ#Â¬0Å´¯¸é\÷Š<C£xÁ·¿oÕUv¡<¼oÕÅ‚œcˆ|±ÔpŒ¥+5cƒğïÀ´Ñ÷êvú×˜V"‰£f=Ã
©6¯v×?ğ‹Ka,ò¸…˜3ö«{Â"ñ‹4è-´ËŒ[Ü(3À<ÅÈÆ?:Ù½øgeáÅ®ÚLò$mòæçcã†ö?¥vâ1âí?ŠÁ
µ)]-LßÜøëÀZuÕ¶—”&n&ÆxëŠÕ?aÛ«“+3‘#néµÌøÊëÅzåôº6Ÿ¨F#Œ+Ÿ©ş•Ï?€|›7´Ö7APë~µ”)ÂQç©»ìEE¬|D“Ä6ñéú+n…Wæ*r	¬Oè(Õ®DÖ6áIİó€3õª¾ĞáÓUí,ãiI.zŸc[~ø‡}áë¦:†„Â%b»UFsêO¥m$éEû(ÜÊRmiĞ³u§ëš,op-%K“Ô8Îïz­¢x³V¸½i/Ùå
package End---------------------------------------
iPos: 5248
datakind: 0
iPos: 6288
datakind: 1
Package Start-------------------------------------
Recv_Data:
file_index: 285
file_name: testfile!
file_size: 4096
package_size: 5248
total_size: 1852262
package_content: K{½?Ã¾*Šâ+Làí
package End---------------------------------------
iPos: 11536
datakind: 0
iPos: 12576
datakind: 1
iLastBufferSize: 4140

SIZE: 14600
HEAD_SIZE:5248
Package Start-------------------------------------
Recv_Data:
file_index: 286
file_name: testfile!
file_size: 4096
package_size: 5248
total_size: 1852262
package_content: Ô<!x÷.Éáé¬í•ğg‘ƒûqƒUu?%„BÊÊ5[x“kË2ÍõÇE®Âã\ĞœŞÑ%šÎú5È.¬Ã»«#TñÕĞX|Ekc?š6nİLt5tç7nesE((îp6¿j“Px´ËiI÷AëÏ ­¯	øWSĞµô¹¸ó…¬“&æˆo`3×Õ­æ¥œq`QcN6×GàOøU§	{¨y€É…]İ©ÇQí]®í¢.jœéGñ=wáçŠ5™|[{¨[HÚ¦›g§,V³ÜÛªHdl3ô
package End---------------------------------------
iPos: 5248
datakind: 0
iPos: 6288
datakind: 1
Package Start-------------------------------------
Recv_Data:
file_index: 287
file_name: testfile!
file_size: 4096
package_size: 5248
total_size: 1852262
package_content: eo5º[»J›°ÊO
package End---------------------------------------
iPos: 11536
datakind: 0
iPos: 12576
datakind: 1
Package Start-------------------------------------
Recv_Data:
file_index: 288
file_name: testfile!
file_size: 4096
package_size: 5248
total_size: 1852262
package_content: «‡õ=CÃ_ğ—işÔ%ò×3(Ì£×
package End---------------------------------------
iPos: 17824
datakind: 0
iLastBufferSize: 916

SIZE: 16060
HEAD_SIZE:1040
iPos: 1040
datakind: 1
Package Start-------------------------------------
Recv_Data:
file_index: 289
file_name: testfile!
file_size: 4096
package_size: 5248
total_size: 1852262
package_content: ©hºå’\é€ãªÃ*á¾¸®®ÒUP²++ãœ/_Ê¸êT’¬sM8»X³¥X•k(,AÈfß=>•§äAù†Hò~÷é\Wˆ¼io¤jò¯”9hÛ–aY-ñW^Ô,üÛ&VRF˜¹ÏqŒ
package End---------------------------------------
iPos: 6288
datakind: 0
iPos: 7328
datakind: 1
Package Start-------------------------------------
Recv_Data:
file_index: 290
file_name: testfile!
file_size: 4096
package_size: 5248
total_size: 1852262
package_content: ¯xV÷Å:&˜Ú¦³©«éáÂİ œ¼Ëœ·©SÓŠ³®\Ï¬iŒšMä¶6rÍû›’˜b_”Â³öÕ£VÖÓ¹ÃQŞwg˜x×á}”~-û?…áŞdg’ŞßæH‰ëƒ~•¥ğ¼E'Šô”Õ­¦n^"nF€…?)RxÆI5vóBŠ/SEñŒ–÷j¡f!1•^üŒ`÷©üeá´ÖìOŠì.lDVc÷ößibÒ±ôÇ÷½k¶¥OmMÃ«[ö1ri¥ĞÓ‡Äş
package End---------------------------------------
iPos: 12576
datakind: 0
iPos: 13616
datakind: 1
iLastBufferSize: 3360

SIZE: 16060
HEAD_SIZE:5248
Package Start-------------------------------------
Recv_Data:
file_index: 291
file_name: testfile!
file_size: 4096
package_size: 5248
total_size: 1852262
package_content: iI¨ŞîìR\ÒÑ•ÓO}*ìÀ–Q(hÚHUeáĞuÀëôõíZŒ¯í`ŸJ’æŞIŠùˆ“¡&2IÁR;ãŒr+Q¹½]VK‹DÇ<2F–Â<€ê¾½1øÕÛ¨îîï'[·¶‚S·÷í·{ç“€3Ôwªö’S¸äš•Ò}ãiâf%ß2²Ì8\ã'pGëQÅàùí#¾»Ó­ŞVxÙ£I‹(ï™üéó^-§ˆ¢•ZcÄL#÷›~Rr>¿ZµâoE Ågô	,7Í$™ùNAè1ÔçµjçUÚ13n¢Jæd.²ëIwkkø3æ©@Ù'¦ßLô¯Nºø[.¥á¤Ö5o4òg÷2¬j0­è€ä{ú×áCá=cTµ¶ŸS‚.¤S(˜‰~bXûw¯]¿6×¦®Ú¥¤Ú\Éµğ”¦p~R õ†µrc*UŒÕ–ÇŒ¯Z3J'ë	?á¼Šút·›LC¾DL·döÉÇãV`ø?á½Jê×^Ñµ)¡K«¥K½ªaŒòØã“ÆhŞø£_¸µÛäÙC{,Ä0‚flõö²Óœ3U`ñ…¿ÙşÇ­İjz§‘lñÇw‘ˆ’EYF	9ëÆ+–5qêpóUn÷û]øEãGñdº§€tX¯â’öF¶¶·•ZR¸É,8Ær*ä<}ğwÅwiiª«À¢ö0ñÛB›YA=ş.õìŞño¼?«Gâ/	ÚÑA“Ê†Y‘†HÚ½y+\ø‘¥ø£Ç:^­«"éïÛ¤·²ˆyk('s6FT’yç½
œG/3µÒ;éU«8èÏ9Òşx¢ÊÅ¯'{ˆ–İUR¨ÁW#°ã#¹¨çğMÍÖ£+›n¿³å{YP€§‚gĞ2:WµüAÖà†Ä]éWWÍ$¥×ìïÊà9$(,sšã>iRêş>›ÄÚåİÌ6vªïw¸eSÂN£$“ÛŠ¿®Ôö¤Í]JŞÎ÷:ë9>|gğ“x{ÂßäğÓY»µ‰¢…|õPdBw®Ş8à×ã?‰ÿ
package End---------------------------------------
iPos: 5248
datakind: 0
iPos: 6288
datakind: 1
Package Start-------------------------------------
Recv_Data:
file_index: 292
file_name: testfile!
file_size: 4096
package_size: 5248
total_size: 1852262
package_content: 2B’7îÄQù™cØãùŠºØ¥N7“ùÔŠ½ÑçšÃ]6ÒëûZ?y©'¼>ß0­/
Ëo¢@-àñ[Â®r²œƒëÍvÚ¶Ÿ¦x~ÒïGÔtöº–c‹hŞ2v¡ôúV¿€¼9.lõO:ÕÇ*:UV&wHçšï¹›¥jsŞê¯yĞµ¿™òpç¿GÔV®±©ÙØZ¹ŠÑ$s4ÜŸÏšåüC»ÃKgáëôPï:G
package End---------------------------------------
iPos: 11536
datakind: 0
iPos: 12576
datakind: 1
Package Start-------------------------------------
Recv_Data:
file_index: 293
file_name: testfile!
file_size: 4096
package_size: 5248
total_size: 1852262
package_content: Úh„±¸aÆê§‚)ªpRºÜ‡)E§sZµÍÎ¾ñ¤×q¤²È3$* ¨ïô”$ñuävØz{·Ù´È·‰YB»“Ç$uÉ­ûi:’­Ï`äÍe'·@k{N²ğ³ö÷ñé×rî@,Ô†QÓ r1ëS;JiËR“¨÷Gá­_Å«©]ëMå¼Xk)P:«zò+«Ô¯<	¬Å³ødHVI%YŒnÒtÜ£ Ç¥t—~
package End---------------------------------------
iPos: 17824
datakind: 0
iPos: 18864
datakind: 1
iLastBufferSize: 556

SIZE: 16060
HEAD_SIZE:5248
Package Start-------------------------------------
Recv_Data:
file_index: 294
file_name: testfile!
file_size: 4096
package_size: 5248
total_size: 1852262
package_content: 9$AêzÖuğÒ¨”“hè”Ûl÷ïê?<Q%å›¨ŞEt³ºÚ^Ï&ï3ÚL|“\%çŠµ­VQ"cËrÎ| dã=²x5ÅkZìúSoå7y™EXËq¿µE{ãOjÿ
package End---------------------------------------
iPos: 5248
datakind: 0
iPos: 6288
datakind: 1
Package Start-------------------------------------
Recv_Data:
file_index: 295
file_name: testfile!
file_size: 4096
package_size: 5248
total_size: 1852262
package_content: 0©jşfnÎïºqèqXúŠ¼â¶_[kñ& fš”
ÒH0NT`ûW5­üoñ·|-m x§O·Bº“H·6q•Ya_,ÆIÀç$ö«:oƒü)£hğ”ØiÒHZ3´i±D„áH°<ñÔèúº¥J1’òëêva¨rÅF[™ğ¹t‹)m"oÇ¤HÖD\M)rÙ
package End---------------------------------------
iPos: 11536
datakind: 0
iPos: 12576
datakind: 1
iLastBufferSize: 4040

SIZE: 16060
HEAD_SIZE:5248
Package Start-------------------------------------
Recv_Data:
file_index: 296
file_name: testfile!
file_size: 4096
package_size: 5248
total_size: 1852262
package_content: ¼ªŒ
package End---------------------------------------
iPos: 5248
datakind: 0
iPos: 6288
datakind: 1
Package Start-------------------------------------
Recv_Data:
file_index: 297
file_name: testfile!
file_size: 4096
package_size: 5248
total_size: 1852262
package_content: "òÖå¢‡t ¶sÀ{K>HšÃWµ’ı™˜³BÊÊ²ÎÅ¹¶:W’øGBÖµŸø“Àúƒ¼R&Ò#y–)0£#±ç5ÕÂ¿Õ~[¬º°‚ê[•Ój·•»iõ;k:°§]êÇJ0KšÚ4¿øcrûÁŞĞë2ø‚í^U0Æ¶6{ÊFÜ»|Ã#¸çµfÁk¬Mká9×ÍéÂ¨PF8+ÏçN{8o¥—NğÇŠ¦gxƒîfÒÃ;Täô÷¢x@k‘{m,Vó[	LÜ0/	ÅaF¥O#¦:SjÉ]Î}¢ğ¦©˜5F·‘gÌ[änÀ×©­mLĞüAru{X§¾·³…@†é6—î+ÃÖ¤şÉøoã)¿²õBğjpÃµ˜6ÅŒ‡Ñ€§ø£EÔ¾øjÚÎÉ%cö„->p<šê––<û¡*+šKİ{;Üê!ğãGlŞw“yº³Y÷HˆÀí/„ãëôªğ¯ˆ<çø©us§Ú¼E¾fÿ
package End---------------------------------------
iPos: 11536
datakind: 0
iPos: 12576
datakind: 1
Package Start-------------------------------------
Recv_Data:
file_index: 298
file_name: testfile!
file_size: 4096
package_size: 5248
total_size: 1852262
package_content: §s§	–b1V­^\±ü~W<Ò_	ø›Ã¶·ŸmµY`°”@u(	X&m»²…¹<w­oø7^ñ´_kÑì Ly—S|±FOE-ê{¦½Ç÷Ôô;='VGÔçša.‘gq
package End---------------------------------------
iPos: 17824
datakind: 0
iPos: 18864
datakind: 1
iLastBufferSize: 1236

SIZE: 16060
HEAD_SIZE:5248
Package Start-------------------------------------
Recv_Data:
file_index: 299
file_name: testfile!
file_size: 4096
package_size: 5248
total_size: 1852262
package_content: f´3—»4ÓĞÚ´–=Äv÷š]ÄqGmtZ“‘Ğy=*µâm_Yñ†§öëUÑé5ƒÌnxÀÀ‚a¬É÷7‘pÄ,14IÀÜJöô'Õé¾½°K«½_D’î]ŞjÉ´‡'*@èHïšÒ·*{êi'O–ëq<	gy¡iœ÷×“DÔ¬ví+£î<ï
package End---------------------------------------
iPos: 5248
datakind: 0
iPos: 6288
datakind: 1
Package Start-------------------------------------
Recv_Data:
file_index: 300
file_name: testfile!
file_size: 4096
package_size: 5248
total_size: 1852262
package_content: -Ü“Œ+g¨«–·/ÙkıÃ`šNnæi»\·°YP0 |¤˜Ã5èÚŠw™­Gqrğ[ìoojŠRU`b|¤ÑM»–¤2öÁÌl&@GqĞŠ4™môÀJ(tcó#¿J˜Ê×Sy=J§Öª\Eá3ÜÕ©Æö7ŒÒ'¹½µiB zúê[`—Ÿ|/Ê;ŠÈÉÚ
¨ xÆj°Õ.l²HÄgî“Å>eĞŸj¥;³¯²”	~T‰X§ŒÕ¹¤‚÷1ÊûHqÍpßÚ·wC0°éÊÔÿ
package End---------------------------------------
iPos: 11536
datakind: 0
iPos: 12576
datakind: 1
iLastBufferSize: 4720

SIZE: 7300
HEAD_SIZE:5248
Package Start-------------------------------------
Recv_Data:
file_index: 301
file_name: testfile!
file_size: 4096
package_size: 5248
total_size: 1852262
package_content: YŞÖİQà[Ì±9ï‚­è~½´µÒåÖuó/ä½´lªĞ)Ùw9Ú@Ï"º[{ŞÎâêkÄŒÍ'™¼RÌ1ŒÇ${VØZÓæŠ=|RJO[w5|[ã«Iå·ÔXò¤ØÏ 2ÎTm8#”9'ğ®JØj÷­0³ÛÚ,’oŠ)‰YpáœrIõ÷ª—:t¶wO6ã÷™·Hå2òN‹"µ-4é.µó¦42Äø25´0L¹¾µx8¶ä÷&§;ÏO"YXZøŠKÅ‹Ú¨kmç13 n#å'šå$“H–öK„ºyDqZÄŒ|İ3Ü^õÙxîâÆx¤€Ë¾;)ãócš«Hz}WÎ¹y^¿Ó/¦Š—Ë¹á¸\ä‘€{`ñÇ¥s^U)©u¹æÖ4Ô­§]Œ­wdº›ËjÁwÊaóYÉ,Š2Xœş•ÔÅj:Tw×º”,ËuåÃ`ÁAİŒõÆ>ŸZãüAa©Î×wÛÇö;fâK©
package End---------------------------------------
iPos: 5248
datakind: 0
iPos: 6288
datakind: 1
Package Start-------------------------------------
Recv_Data:
file_index: 302
file_name: testfile!
file_size: 4096
package_size: 5248
total_size: 1852262
package_content: {ÔÊù9qÖ¡F$GçOGoáaÓšwĞDêÄ|ÄÀt©Uîxöªá‰sŒu©c¯cH	ÔüÃŸÌÓÔ“Œã¤v¨Ôşµ"±ÇSôÅ
package End---------------------------------------
iPos: 11536
datakind: 0
iLastBufferSize: 484

SIZE: 16060
HEAD_SIZE:1040
iPos: 1040
datakind: 1
Package Start-------------------------------------
Recv_Data:
file_index: 303
file_name: testfile!
file_size: 4096
package_size: 5248
total_size: 1852262
package_content: =ÈúÕÆ¬â¬Ñ›¬©FÖ+›]K[Ôa0´à	Ë‰œàÔç¦}ª”£TÕuŸ°ZŸ.C!Y\œ\Uÿ
package End---------------------------------------
iPos: 6288
datakind: 0
iPos: 7328
datakind: 1
Package Start-------------------------------------
Recv_Data:
file_index: 304
file_name: testfile!
file_size: 4096
package_size: 5248
total_size: 1852262
package_content: •ƒá¿¥ã.¹âÈZæòVŞ°LÛ’BGs]öšú­ìww1Ì.Í§¿Ê:ÔêdE#*|õ­s7+1ÑØ[Z?º	¥À`à!Qø‹K¶×4ác{{±3ºA9ôç ¤!U|Ö—nxÜO_Îª]İÄ«åüÎİÙH
package End---------------------------------------
iPos: 12576
datakind: 0
iPos: 13616
datakind: 1
iLastBufferSize: 2928

SIZE: 13140
HEAD_SIZE:5248
Package Start-------------------------------------
Recv_Data:
file_index: 305
file_name: testfile!
file_size: 4096
package_size: 5248
total_size: 1852262
package_content: ^ƒšÕÒ|â[Cz¾i-c›3¡º
è¡°Iœc¾*ş¿¬^øn'ÔŸJµ´’rÉ`¨KA€dvÉ±€8šŞÓQæî”å.n[&føÓÏ›À·Ò<é†)¦›9Yqıß¾äúı*‹âï]ºGu¤$“Gï¯¾iÆÄ”/?Zèl´›-WO³Õ-æ?kw‘µ¢€€ËĞ½ú;Õ]KÂ—:amŒÑç;”/¯éYJ„mbëR©ÈšW$Ö&—ìpYİÎc™Ó*’p$~¤:â°n
package End---------------------------------------
iPos: 5248
datakind: 0
iPos: 6288
datakind: 1
Package Start-------------------------------------
Recv_Data:
file_index: 306
file_name: testfile!
file_size: 4096
package_size: 5248
total_size: 1852262
package_content: E6¼¾ş©¼¸w-n-I¥÷ßĞàol¯té–ëg…™¨`²‡éÁ¦+3ÇsYÚ›ßkÚ†™á)f½ğöpğ}ºêA$²\PXXn9œi¡I`K”»„‡æ0$˜tÎ;ŠûL³3†a„V¹[éæ|Îc—KŠtãª_Ö¤Şc¸şTñ!úö«şğ_ˆ¼qs%—†¬„íçÌ
Éï“ÓŞ¯êß¼_¡èk®ê°áîşÌÖ±ÌtltSƒƒí]/…odæ¹»_S‘á1.—´P|½Ì=ùäzpA§o9ä÷ç~¹aïNÆA•t­YÊË*ıÈ§+ü£æüª“=ÆqéNWù¹#ó§f"pàü¿sNR{}ê¸r¤”õ~6ƒÍa­Y>ò{ı)CçüŠƒ¹ÇaNsØÈõ¤\›~î3J¬AİœsÔÔ!Æ9o¡§«~5`JäÁ†íÙúıiÅ¶ãiúb¢cã¥)bó4ƒb@Ü{{RîÀÈõ›:ş=)C©\¯>Ô®K¿$ƒô¥@È=}*0ÜgwÖŒçIÏò m+~ÔãïĞTy=83““A$›ûc¿¥.îH<ãj=ØûÙä÷ ü ç×­'¨ıß6{RîêO&™§¥°OÂØyb9İ×®(Şpyç¶EG“œç>Ô<äş¸ıÌËòãz7ƒëÛ½3'òéŠB@<·£óŞ“yéÆGJiaœÛ¥&NN4Õ,Ç·Öš[ªã¹¤Ü;ñHXz´k‹»¹?Jk9ê;R:¿JnãŒŸ\ŠC<ëyxÍEÄWQ%Ä-¹\eHî(º9àhY‰V\pk?Ca›Ú.ì@ûaÛµ0¸İS¸ÒbkÙÆm•”»Æ¼Æ3÷=R}>•$×İ–kfVCó8|äöÇÖ¦–â	7C#)Âá”óÁõ®viağî¬ª®ŸÙï»ÌŠ4¹nbº2;u5“½sZMB)™-ŒL^@NÅşÎ2OjtqZÛ X T?ukMÔ¬æGÿ
package End---------------------------------------
iPos: 11536
datakind: 0
iPos: 12576
datakind: 1
iLastBufferSize: 3492

SIZE: 16060
HEAD_SIZE:5248
Package Start-------------------------------------
Recv_Data:
file_index: 307
file_name: testfile!
file_size: 4096
package_size: 5248
total_size: 1852262
package_content: å]O\†Úİ'ÿ
package End---------------------------------------
iPos: 5248
datakind: 0
iPos: 6288
datakind: 1
Package Start-------------------------------------
Recv_Data:
file_index: 308
file_name: testfile!
file_size: 4096
package_size: 5248
total_size: 1852262
package_content: ¡òáO¡ê~´œãÜ˜ÓŠWd:_|=¨Ïs™c4bCûÏ0•ózv¿ú\î.£ÙœE9#Û5€ÿ
package End---------------------------------------
iPos: 11536
datakind: 0
iPos: 12576
datakind: 1
Package Start-------------------------------------
Recv_Data:
file_index: 309
file_name: testfile!
file_size: 4096
package_size: 5248
total_size: 1852262
package_content: µ3q£©Z°|°‹ØÙĞü-âø²?hvvés18"°a‚w^1€I>Õ‘«M¯i­ö©tñÛ»²Ç(C\`g9<…ü+Öf}.ÆÙîõ˜¦Y/tëI‰–ƒ·ñ8úf™â…×^<’7“Z°O*pìÍ r˜wŒ`àâ¸ê{g%ìÕß^‡?	í\v÷<ŸàŞ©oã-ìÑIi'òÁù€í¸ó^€¶>"Ö.ßM²†áê‘F5ãÛ=òy®‹Ağw…¼Â8-”Ü0Ç+‚Î{=+OW¿ğ”ˆú‹*Îøò–'äşUÛF0i»k¯ùl'…>îıüs\ø]®iZTg‹tË™dB;¢Dÿ
package End---------------------------------------
iPos: 17824
datakind: 0
iPos: 18864
datakind: 1
iLastBufferSize: 688

SIZE: 16060
HEAD_SIZE:5248
Package Start-------------------------------------
Recv_Data:
file_index: 310
file_name: testfile!
file_size: 4096
package_size: 5248
total_size: 1852262
package_content: ¯HğŠnş j6×º§€£0ØÚ5«ë3‘¬…@uHˆÎÒ¸Á>œ+ZÆÏG»Óôëÿ
package End---------------------------------------
iPos: 5248
datakind: 0
iPos: 6288
datakind: 1
Package Start-------------------------------------
Recv_Data:
file_index: 311
file_name: testfile!
file_size: 4096
package_size: 5248
total_size: 1852262
package_content: ¹üëÏî¼}â=JE´ÔôX­j“ª¼æG‘È*{q^¯|.¸ñ7‚ìno¯aMkº{ŒøŞ0HîyÆ~•ÅŒ­Q¸:®ÚôêˆÄR§)_›G±ç>&øcã;}WÀ^$¿xmÖOô8Õ¢çø†á”Ù§Öõíµ¯YJ²ß¶a”ıÓõê+ñÑ·ğôPòEè²Ëq³ëî+§ğeö»£xsAñŒì¦Ô4åtÒomïU¼ë¤?2ºõv¶GµuÔ‹8½5Ñ-›ôş¶DÆ„§CSÙ|!¡éşğò_ê·Á]¡Ş{Æpcj_ìõ+ı>ÇA˜Ëqw3d…ÎÔéôq^.øç >¿ao±4ñÇ2›û[Hƒp7qœv5cÃ^$ÑP›_ğ¦>iÇ[TüOÏs’æıQÒ¿´¯¯c8áTh¹7ïv:=cIÒ/5yìüI¨¢¢FÊ?%óÑj–»áÿ
package End---------------------------------------
iPos: 11536
datakind: 0
iPos: 12576
datakind: 1
iLastBufferSize: 4172

SIZE: 14600
HEAD_SIZE:5248
Package Start-------------------------------------
Recv_Data:
file_index: 312
file_name: testfile!
file_size: 4096
package_size: 5248
total_size: 1852262
package_content: mäò‘äuIãÒ²rdÍ^V$±Ôe¹Ó–î‡1üª%qûb†ã®;{šÚÆîÆòW¨FHä{Šæºƒt¶r!S÷„ƒ¨¥ñ; ä‘-‰5½&ä&‘©MnXüÛdÂı+Ğt6­h¾!ñn¦eÖÏk»z½kÎL* iü’	
package End---------------------------------------
iPos: 5248
datakind: 0
iPos: 6288
datakind: 1
Package Start-------------------------------------
Recv_Data:
file_index: 313
file_name: testfile!
file_size: 4096
package_size: 5248
total_size: 1852262
package_content: z¡=³Å8TŸ/3},tSÅÖsä›éo—ÈÔøi¥jvZÕÆ™ª¦"Y²T’@dãğıkJêúÚëÅEŞöóC¿8ÙÈÚ=>•?†üq'Š/`öØ[ÇlÏo=¬G:1'’zsXúÎ¡t."m6v[ÇHãÁ9¸lÂ±§?h®÷ZVtãhÅİ#gH—O·Õ…-gDo>=ïåS®à}NkgÇPi,º}•nmå“ı25}¬yÆå“¼VCèv÷º„ZµºJo6
package End---------------------------------------
iPos: 11536
datakind: 0
iPos: 12576
datakind: 1
Package Start-------------------------------------
Recv_Data:
file_index: 314
file_name: testfile!
file_size: 4096
package_size: 5248
total_size: 1852262
package_content: –Î09çµrºz¦£ãK[xbFåïn‚	ŸÓò¯32—2…¼Ÿàw`­:¯¢üYŞé©•”6Q€–5°\ùÃ½8ªîm£òÕ¸NÓÉ9ÏAŞ½Dì¬qnËÑ°%ã"É’Góª	<¬x'¯AÅY†^yÇ·5W¾Å%bÒ·=ªTqÇÖª$€ŸnŸLÔ‚P2~ Óh2Ïã“R¬„®ïÅTµùÔ‚Cê(ÒIòò
package End---------------------------------------
iPos: 17824
datakind: 0
iLastBufferSize: 948

SIZE: 16060
HEAD_SIZE:1040
iPos: 1040
datakind: 1
Package Start-------------------------------------
Recv_Data:
file_index: 315
file_name: testfile!
file_size: 4096
package_size: 5248
total_size: 1852262
package_content: [5ëÿ
package End---------------------------------------
iPos: 6288
datakind: 0
iPos: 7328
datakind: 1
Package Start-------------------------------------
Recv_Data:
file_index: 316
file_name: testfile!
file_size: 4096
package_size: 5248
total_size: 1852262
package_content: œf»	ük«­¸[=`2€ŒÜc¶(”e-±ÓF*¢»vHÎÔôÉ-£YÌ{âcÄˆ8÷Å@m¼¨ßË`I<>2?.Õjİ_ÚÉc¨ù[*F*¡q©Â’í…JerèH#5Pæl÷´)Ë¥< OÃƒ“µ³ÍIh¢Iœ$è?‹Ş§…bkiI#–\Õ›]îIVK”8q„$ÿ
package End---------------------------------------
iPos: 12576
datakind: 0
iPos: 13616
datakind: 1
iLastBufferSize: 3392

SIZE: 16060
HEAD_SIZE:5248
Package Start-------------------------------------
Recv_Data:
file_index: 317
file_name: testfile!
file_size: 4096
package_size: 5248
total_size: 1852262
package_content: æô;UùVÇIğ½àÓµsEiò—g7R£ æ³µo±\Üévú‘`&H €35t·|uáËËc^ÓlâKYm®¥²ºùK'ÚªOá©%û2İ_X³[Ç²4YœùÆ¹W%Y)Åİ¥ËU9tı¡ßÜøhì½‘áïj|Ø¬Ÿ6±
package End---------------------------------------
iPos: 5248
datakind: 0
iPos: 6288
datakind: 1
Package Start-------------------------------------
Recv_Data:
file_index: 318
file_name: testfile!
file_size: 4096
package_size: 5248
total_size: 1852262
package_content: ®ÉŸ‘êo®x_áÜVşğæ±§G5ÍÏ™©jb7-ænaÏÌı1Sİx“Rñ÷º%ç¬ÛIŠ–T‘„rÈ’€årzä×#.¢x–xôıRSÔÌ÷ò­©Xá€xş#Ö¸dğÇ…¼+©>·|×÷Qzn%Ş˜¬hƒ
9=Éé^6/¥V.u~/CÛTÜáÏ5¿Èô¿…>*Ò4û}q|+¦²ÎÖøalq<ûX•›åïÆ0+ÆhOÚ"¯
iş’Ú}>è»-FèK4¬êŠci88ç½{…´¯ø{@‚ëÃ¬vw1,7vºt"V±Árí€£¾s^ñÃÃşX]éŞºÔÒúçÉÔó8ˆ½Âç•9wã©Íƒ•
˜éICoÍUY¥?wcsÃšƒ¾®¯â_®­§0

Èsò¢“Îá7w"¼æßI±O\ë
Ëv¾Uœ—Hm¤Eıêôÿ
package End---------------------------------------
iPos: 11536
datakind: 0
iPos: 12576
datakind: 1
Package Start-------------------------------------
Recv_Data:
file_index: 319
file_name: testfile!
file_size: 4096
package_size: 5248
total_size: 1852262
package_content: õIĞjnßmÆ 3z1#;O|f³õoŒú½Üºn£¢ØÄËlÅçÓ…_¶äısZ×şĞ,KkZ¼ìGe´I2OİÚ9ÚSQø‡P´Šèø›MğÅ„6º€	m0í[vÀJqÇ_zè‡°º÷oêvóÆqæJç±èµ‹_ƒrøÕµû[›Ø¼¸f±´µ–ÌãˆòÇ,À“ÓÒ¼¸|Sñ‡Ä‹k¿¯Štİ.Ä¦Âóe˜êàç¯Ö¶>ÚøsÇWš®ŸñKÂ
package End---------------------------------------
iPos: 17824
datakind: 0
iPos: 18864
datakind: 1
iLastBufferSize: 588

SIZE: 16060
HEAD_SIZE:5248
Package Start-------------------------------------
Recv_Data:
file_index: 320
file_name: testfile!
file_size: 4096
package_size: 5248
total_size: 1852262
package_content: [©ãH$ål’Wiõ"µ·åfñºÖ=YŸÆï‡g°ÖàK˜ñödBÁığxâ¸x4›MvòâmFÔ±T26yÉ?^•—¦øÚÓBÔŒZÍ¤×hªHn¾µÑi'—ÅŒm¼1áæ‚S€×"¹çNp“šV0¯*ßds_…,®æàË1µL:†Spk­³‹N‚ÍáğòËs®xÏ ÷¨5æğí¬¶…º,³ç|ò²{óĞÕ-í­ÍäZÈJÄ}•GôúûÓ¼ª+¶U:“Jìd¾*Õ4d\Z Ôåm¤ûWiáíSÔ4áª_ÚÁj÷,K ¤ûäqšó­KM7Wqß;1vĞI æ»m7^ˆY*uiªîW0²wÇ±ª«´¹QéĞ’—3oOÔÕÕílRt¶ÖRI1Ëúğ:{Ö=ß‡®.¯XXÛÇ®pûGn¹ô¦ßëú½öÙF–±««”d²ıu.“ª_[‰4Í:g&<¼’®zõ«§O–ÍÔ¹¬Šğ³\ºF—¼àºŸ”ŸZõÿ
package End---------------------------------------
iPos: 5248
datakind: 0
iPos: 6288
datakind: 1
Package Start-------------------------------------
Recv_Data:
file_index: 321
file_name: testfile!
file_size: 4096
package_size: 5248
total_size: 1852262
package_content: ƒí0EERó¦ÿ
package End---------------------------------------
iPos: 11536
datakind: 0
iPos: 12576
datakind: 1
iLastBufferSize: 4072

SIZE: 16060
HEAD_SIZE:5248
Package Start-------------------------------------
Recv_Data:
file_index: 322
file_name: testfile!
file_size: 4096
package_size: 5248
total_size: 1852262
package_content: I¦Ü^l’Wß%ÃÏ¶p8ëY)M+5¡\êÖêdxí·:İÄ'—a§™înv®Ğ{qó
package End---------------------------------------
iPos: 5248
datakind: 0
iPos: 6288
datakind: 1
Package Start-------------------------------------
Recv_Data:
file_index: 323
file_name: testfile!
file_size: 4096
package_size: 5248
total_size: 1852262
package_content: [^2A+î;‘ÔÌ‡”ôÍyxÌ|0i¹;ÿ
package End---------------------------------------
iPos: 11536
datakind: 0
iPos: 12576
datakind: 1
Package Start-------------------------------------
Recv_Data:
file_index: 324
file_name: testfile!
file_size: 4096
package_size: 5248
total_size: 1852262
package_content: ,²[Äè“É´lLŒw½k¤Õl/µè“ÄƒÃòÜB¬²¬²áLkÛœœ“×#¥pNÖıãÓ BœïyKäÙÕY|LµÔ<)©ksß™ïpw!O(>Óª¾ƒÚ¤ø}âA{
package End---------------------------------------
iPos: 17824
datakind: 0
iPos: 18864
datakind: 1
iLastBufferSize: 1268

SIZE: 16060
HEAD_SIZE:5248
Package Start-------------------------------------
Recv_Data:
file_index: 325
file_name: testfile!
file_size: 4096
package_size: 5248
total_size: 1852262
package_content: Èy»²râ*íµø»0”rFI¨,DŒKn±Hˆ?»’¿Ö¢»½¾Ôdßö7
package End---------------------------------------
iPos: 5248
datakind: 0
iPos: 6288
datakind: 1
Package Start-------------------------------------
Recv_Data:
file_index: 326
file_name: testfile!
file_size: 4096
package_size: 5248
total_size: 1852262
package_content: 9çë:’©UêÁNJéŸŠ|%ã2Ö[»aÜhÿ
package End---------------------------------------
iPos: 11536
datakind: 0
iPos: 12576
datakind: 1
iLastBufferSize: 4752

SIZE: 14600
HEAD_SIZE:5248
Package Start-------------------------------------
Recv_Data:
file_index: 327
file_name: testfile!
file_size: 4096
package_size: 5248
total_size: 1852262
package_content: zGœ(ÅWd`*òNq]İëÅg{oÚïŞkm$[®÷XŞjÆ£€ªrç$Üq_8±“§wÏmQ…Irµs¿ğ÷´İAN«â»›]K7‘Z.¡<Şh39
G”£vİä(#9È®·ãÂK;D¶ŸOVÒí”[_­¸s¹*Áœù£Nı+’ø[ñŞ×àÃøSÄ¿o5='÷şeöså\Cxçı!
package End---------------------------------------
iPos: 5248
datakind: 0
iPos: 6288
datakind: 1
Package Start-------------------------------------
Recv_Data:
file_index: 328
file_name: testfile!
file_size: 4096
package_size: 5248
total_size: 1852262
package_content: ,ôë×Ô¬#¸T¸‹Ë•‰Îc`>î÷«ú‚ü=YèZ&—ko©İª¥ÂËºQi$†Œ—Æğr0İ«Z“¥E½MaO‘»ôş¾gm…5­ÉûÓ¦3–ö«K©ù#Ì¼´*b8J»®01ßŞºOü1ğÛYß—:å–¦ašÅYM¿ÎCnãoLs\ÔñêAok¢´²Î »Ij†F'œc{R…HUW‹ş¿ÈŞVM+“hqi2ëÚ$^ZM3B‚x	+!±ÕÑhöÏ êÖútÉ=åéºÄfİÈ;N1ôéÚ¹ı?ÆzÍÈeÔ.ÕÃ|Ê(qõ
package End---------------------------------------
iPos: 11536
datakind: 0
iPos: 12576
datakind: 1
Package Start-------------------------------------
Recv_Data:
file_index: 329
file_name: testfile!
file_size: 4096
package_size: 5248
total_size: 1852262
package_content: ŒpÌQ·};×ªhúD^<°³ÑVE¶[v’[erT™
package End---------------------------------------
iPos: 17824
datakind: 0
iPos: 18864
datakind: 1
iLastBufferSize: 488

SIZE: 16060
HEAD_SIZE:5248
Package Start-------------------------------------
Recv_Data:
file_index: 330
file_name: testfile!
file_size: 4096
package_size: 5248
total_size: 1852262
package_content: Ë°y½k^ûQµ¶…µ	¥X£ ±ódñ'Ò¼¾_æ!«kÔ»q¨Å¦[‰."†!—’Il“^oâj:ÕÃM;àÂÆ4|¹áÏ©8Ï°¬k7Ş9×¤{›cs2´Š5.œq¸Á>õ£¢|7ñ÷Šï¢’:ŞÚÙ´·×ó˜Âè€JÛ’—<š.ù™í{?˜eİÁ
package End---------------------------------------
iPos: 5248
datakind: 0
iPos: 6288
datakind: 1
Package Start-------------------------------------
Recv_Data:
file_index: 331
file_name: testfile!
file_size: 4096
package_size: 5248
total_size: 1852262
package_content: ZÊ+ÍNİngWıÜ‡æ•CgåãŒğkBïÄzWÃí ¸ÅûÉSO¶ˆ),HÎ[Îº¨Ö¬è*-»›MÉÅ%ÔÔñ«åÆ²]İ,pB2ìï€O¡®'Ç^:Ô|Oj<=m¸Ys(–™Šœ.;ğ:
¥£½çÄmlu‰ŞÙ^Ö9ƒ*Jÿ
package End---------------------------------------
iPos: 11536
datakind: 0
iPos: 12576
datakind: 1
iLastBufferSize: 3972

SIZE: 16060
HEAD_SIZE:5248
Package Start-------------------------------------
Recv_Data:
file_index: 332
file_name: testfile!
file_size: 4096
package_size: 5248
total_size: 1852262
package_content: Oşß5ş©«Mgo9Cssm3Lƒ
package End---------------------------------------
iPos: 5248
datakind: 0
iPos: 6288
datakind: 1
Package Start-------------------------------------
Recv_Data:
file_index: 333
file_name: testfile!
file_size: 4096
package_size: 5248
total_size: 1852262
package_content: ¼ßooÃ¡’¹‡‘Uï³£ÁÖ©kÅ›ÈäÁfÏ/‘“õ¿ã	J‹Ui¹¿ÓâÎé£21n¥X¿áXú›k%ğÌ3M¦nZ,1`¡‡sÍ:i4šÚæwM_f_²ñ}Ö’æKé Y`7*œqØùsZV¶ş
ñ0¸¿¹±+É'(Tfï{aXË£Û]i:uæ½ñ‹[VIc’	
package End---------------------------------------
iPos: 11536
datakind: 0
iPos: 12576
datakind: 1
Package Start-------------------------------------
Recv_Data:
file_index: 334
file_name: testfile!
file_size: 4096
package_size: 5248
total_size: 1852262
package_content: ‡µÏj¹mÓÆd*¼\»Æn/£Š@r»kÕüm®,Úd‘1Ôq•ÿ
package End---------------------------------------
iPos: 17824
datakind: 0
iPos: 18864
datakind: 1
iLastBufferSize: 1168

SIZE: 21900
HEAD_SIZE:5248
Package Start-------------------------------------
Recv_Data:
file_index: 335
file_name: testfile!
file_size: 4096
package_size: 5248
total_size: 1852262
package_content: y#–o¥û.nµí1ŸIğç†®.ãqı£©[:A•¸,xôõkM×uMğÉcV÷PyJU
package End---------------------------------------
iPos: 5248
datakind: 0
iPos: 6288
datakind: 1
Package Start-------------------------------------
Recv_Data:
file_index: 336
file_name: testfile!
file_size: 4096
package_size: 5248
total_size: 1852262
package_content: 5î?¾=[ø«_:zäf+)Kß;Ì£}ÃdìĞyô¬15§—4uå×^ëc¯1ÆSú‚“]ÿ
package End---------------------------------------
iPos: 11536
datakind: 0
iPos: 12576
datakind: 1
Package Start-------------------------------------
Recv_Data:
file_index: 337
file_name: testfile!
file_size: 4096
package_size: 5248
total_size: 1852262
package_content: ¨h×"ÛUd
`ıĞó™İÇbMy?†fÕtmdêq @û¸§”ó“¤~=Géßğ²<ã?_[xÄfêf)ÙÁY?ÙF<dtÅp–š†~L×ŒdL	;u,›}Ç8<tü+ÓÁÂt#(É0U#¥Š“YZø“PËÄšMÅìf2XÇáH$d°çğj×ÃÈâøiãéuˆ¼9/Ù¤ÒÙvÎÛ¿‡œãÑøSXğß‡¤ë%­Ìác·¹äV‰Ü$zÿ
package End---------------------------------------
iPos: 17824
datakind: 0
iPos: 18864
datakind: 1
iLastBufferSize: 4204

SIZE: 16060
HEAD_SIZE:5248
Package Start-------------------------------------
Recv_Data:
file_index: 338
file_name: testfile!
file_size: 4096
package_size: 5248
total_size: 1852262
package_content: †”÷ÏqëV<;á‹º†Eå—•u‹ºxí]¢>»zşUåf¥^I]'Şç*„éKE¡êÚuéˆß]Ë¸íSd}ßZñŠŸ³ÏÄxæëÆÚ~—lĞÏ…H–ø,…GrøÖÜšÇÄ .5(%û"îAø×+â|^ZÒ?Éä2†IR0 óÈ'X,6'Wš¾»Êµ
‘qmêci~µÑµAk¯éN²G*‰pûXvëNñ=„v:ÃÇ‘’Ó¦Ù_-Üõ§éâäWº2Ü31ùù¯4ÙõÖv²hCçÛ¹ôÔ•Ni3–3…5dºîféşšâà‘´[³–fÆÁõ®ÃLø!¬Ñ,Ş,Ó\]ªT%ˆ=²@ë\ı¨61Ï3Œœ+É®ÛÀš«ilĞLä0ĞÅ´ş=³SŒ”¢¯c²‚§RiI6ß<e£\İÛÎ¶ËNA¸C•cØú+SCøig$2Şx‡Ä
package End---------------------------------------
iPos: 5248
datakind: 0
iPos: 6288
datakind: 1
Package Start-------------------------------------
Recv_Data:
file_index: 339
file_name: testfile!
file_size: 4096
package_size: 5248
total_size: 1852262
package_content: ÚØ7mÍÓLy²¾ylrI5bæÚ!)q‚IÛÀ$Ö/Äm[YĞìa²´¹‘#¿°+,l€©]Ø8'={‘\Ór•EÔši·kœ—Œ¼TuÍRëTŠ6g”°zı8ïÇ5ÉİÏ¨ß>l¨Ã
package End---------------------------------------
iPos: 11536
datakind: 0
iPos: 12576
datakind: 1
Package Start-------------------------------------
Recv_Data:
file_index: 340
file_name: testfile!
file_size: 4096
package_size: 5248
total_size: 1852262
package_content: Ë¹	¯ªƒW……­†¡%íÛ)YØ,ø¤r	;GSZúÕ¿Ø¬Ö¡pA @~QŒàûÒ(ÃU'wØ‡?vìÆÓ4¦Õ†±}'“k¼IQT.;ztÍ/Ä?ÚBK>ğÈ–f‰
³BH»» ÷ö¬ê·>21i¿ğ’IcjœkxùnásŸJå®>i·ó©¾–êk,ä¤N0:àã“Ÿzä£¦åÍSîÿ
package End---------------------------------------
iPos: 17824
datakind: 0
iPos: 18864
datakind: 1
iLastBufferSize: 1400

SIZE: 16060
HEAD_SIZE:5248
Package Start-------------------------------------
Recv_Data:
file_index: 341
file_name: testfile!
file_size: 4096
package_size: 5248
total_size: 1852262
package_content: #ãWÇ{Ïk—q[ëw‰;%¬`—x²qòç©ÎO<b¾_>Ì§…¥Éùİ‚ÜÅk«s­Iiaâ;w²µ\[CLˆğ7Í±ò66áık“Ö<Yi.˜J·Dİ¸™‹9 mÛÙíZŸˆïlõ¥ñWˆ®,Ì’¡h`±µòÒLª®À«7c×5NÅÛÅPj½İš®bše]ÇiRÃø6üÜcœ“+óHÍ¸óTw‘‡´Š“[.ƒ<!®ª;_Üè—W>o•¶5.¨Ç9-˜ëÍk_GwA}>­gbÖ²/Ú‹©bÀßĞ/p x®oWVşĞ¸‡Lq‚)r›Âœ3>l0~¹æ¬Má½>ÂäÛÅÈ.Ô`J¬áW7û õÆ}êå;«#:‰Ji§¹ÒøÓÅ—ºåË[Ûëå´ûFVy×?8#æa¼2;ôÅ?Ã‡á«kÍK½Óõ™ïœÍö¹n»äe9ù@ãŒ~5ÎO2^AoáÈ[9O-¢P$SÓŸB{ñUî>>‡©Åvx‹.èîrG‡áÔtÍb­	YéäsTŒœ¹d?Áø{¥øŠ[zÆIã3OÛ9ÇrJã·Jé4[ÃÏŒ<3T¶ÒÌğkuu.Ù\ª¦î9#¾:Wá¿\ØjookesûĞ!Kidv)$®XƒíÓµ_ñÏ…5mJÚG¤Î¿+´šßhJä4g¤‹şĞü«UeRó4«Ëe¯Cã„|Y¯xŞOk>>±ÕµÖòÂçÀãzƒÎ	©t?ê­u±+3Ü#Ü¬hB\:%
package End---------------------------------------
iPos: 5248
datakind: 0
iPos: 6288
datakind: 1
Package Start-------------------------------------
Recv_Data:
file_index: 342
file_name: testfile!
file_size: 4096
package_size: 5248
total_size: 1852262
package_content: t®ŞŒäq«*‰ŞÈòsÂvº^‘Æ³¬H×·.Ä0z{Qq¨ø‡OÖl|>HñM'l÷½ÁïRøCÕ5›«È,<=q†;¤ŠİZ}¤s¹ˆ-A i×Z4w ñ-•Ñ_/ıI(ŠB{ö«çŠÓ›QK’1³z²»¢Mg|ÒIe,ç0Hdß¾©T¡5­ôvh¯ãæGŒ¡âî{t­ùü[®gy:êfì·‡Š\õ
package End---------------------------------------
iPos: 11536
datakind: 0
iPos: 12576
datakind: 1
iLastBufferSize: 4884

SIZE: 16060
HEAD_SIZE:5248
Package Start-------------------------------------
Recv_Data:
file_index: 343
file_name: testfile!
file_size: 4096
package_size: 5248
total_size: 1852262
package_content: ·+gO¥bê4¶Œ¶108Ó£Ú¦³2Ú!rQK.<²Ãæ5×{·/¸ôèâçí%Që§È½âOè:½¼××n‘Ë>`Xöçı }}«‚Â->ì›{“sêİÅvºLjÍåÍ
package End---------------------------------------
iPos: 5248
datakind: 0
iPos: 6288
datakind: 1
Package Start-------------------------------------
Recv_Data:
file_index: 344
file_name: testfile!
file_size: 4096
package_size: 5248
total_size: 1852262
package_content: j–¾ĞŸ=ÄÁdXÀç'²äûWi/…uó~ÉÑ®N×PW]ğËáş™wo.»u§[4–‚Õ 6}î9Ï¥tÔœ0´µFª ¶5ímL7ñ;Hãè
package End---------------------------------------
iPos: 11536
datakind: 0
iPos: 12576
datakind: 1
Package Start-------------------------------------
Recv_Data:
file_index: 345
file_name: testfile!
file_size: 4096
package_size: 5248
total_size: 1852262
package_content: €w5ô±XzT—×'vµ¼»ùâ¡ˆ–4ãîÿ
package End---------------------------------------
iPos: 17824
datakind: 0
iPos: 18864
datakind: 1
iLastBufferSize: 2080

SIZE: 13140
HEAD_SIZE:5248
Package Start-------------------------------------
Recv_Data:
file_index: 346
file_name: testfile!
file_size: 4096
package_size: 5248
total_size: 1852262
package_content: í‘ïdY®gøB¾ŸJÇÚ:5£¦ï÷h_²”aÌÒûõûÕ´ÿ
package End---------------------------------------
iPos: 5248
datakind: 0
iPos: 6288
datakind: 1
Package Start-------------------------------------
Recv_Data:
file_index: 347
file_name: testfile!
file_size: 4096
package_size: 5248
total_size: 1852262
package_content: ˜æÎ9cOÿ
package End---------------------------------------
iPos: 11536
datakind: 0
iPos: 12576
datakind: 1
iLastBufferSize: 2644

SIZE: 8760
HEAD_SIZE:5248
Package Start-------------------------------------
Recv_Data:
file_index: 348
file_name: testfile!
file_size: 4096
package_size: 5248
total_size: 1852262
package_content: <g¡‡QÛ5ÍKày´_Kg[¶ÎÄxP’ù—×µ(J”¹·èD“eÏø~mn{]#w˜—’nBcíkÒ4Ûh´Ï*ÃOlp«µ²©úõı+›Ò´;
ÚE©k [¨ŒÇå³ääõb¾hh^"Ó$–67£Ìä2nû¿şºe'fËk¡FW»>&Ô"’áŸdÌığØÀãÜÖ§†ô’Ÿa‡W%K·õ'Û¶*Kk;;z÷T²p¯&q»q•%½9ííX“ø×ÅVÎ“ZÚ#´™eµa/–@\ó“Ôğ:àW4ghò­ÂÛ…ät~3±ºÕ&¶°‚f—ı\!êˆ:`sU´=[O*†–f""ÀÇ
£'ù­…#ğĞÒåñŒ-n$ŠØypX§&y
}7c5‘¨h§Åš$Ğc{¨£g´‘‡N¸?ì˜ô®ªXXĞQmë/ÁqÃÁ8º²øµÓ±™ãË‹Ÿ«BÌBò²ß3’sœáõ#®+œĞ­SS¼…îcy~´^’>P eû“‚}«KLøaâjKiüK¯ZÚÛù
cG¸ÜÊ£Š?º	®óFğ×„®­®¬ôÙ–Ş;x7»İ8Fè0ã<šé¥‚Äs9M¯+›,²´Û{%µô¹çšÆ¹ ø6Ñ¼Eã-H)óŒé2^B1„N¬qÓúW™ø“ãÏŠ¼ipú~ƒo&Ÿ§££,bLË1 »ƒÑTıIé^Ñ{ğáf¯p5;‹¥yrD¿h>c/ıôN8À‘â…ôß2Şä[LfŒgÊ…”·°eï]¡:Í]ú¡,%J»}èó-;ãF ÚuŞ…âMCík."e™²ªÎqœ™&«é¶×Ÿ|GöŞw8Š,a EÇğ¨ÿ
package End---------------------------------------
iPos: 5248
datakind: 0
iPos: 6288
datakind: 1
iLastBufferSize: 5116

SIZE: 8760
HEAD_SIZE:5248
Package Start-------------------------------------
Recv_Data:
file_index: 349
file_name: testfile!
file_size: 4096
package_size: 5248
total_size: 1852262
package_content: ş0ÖbğíÜŞğ”—Ú‚³yVĞ`FxÈbIëôëP|$øË¢x–öæo‹"M>[\´Á´ls÷JÃúÕ¿Ğmâ¶Òï[rç¹=É÷ªºÿ
package End---------------------------------------
iPos: 5248
datakind: 0
iPos: 6288
datakind: 1
Package Start-------------------------------------
Recv_Data:
file_index: 350
file_name: testfile!
file_size: 4096
package_size: 5248
total_size: 1852262
package_content: éIæy¯‚’’äÇ
package End---------------------------------------
iPos: 11536
datakind: 0
iPos: 12576
datakind: 1
iLastBufferSize: 1300

SIZE: 16060
HEAD_SIZE:5248
Package Start-------------------------------------
Recv_Data:
file_index: 351
file_name: testfile!
file_size: 4096
package_size: 5248
total_size: 1852262
package_content: d$©ğ{U=kE±¼B¦)f¹Qˆ6QÜĞúÖè†;¸.ßI…n Ê¬Ä¦29Î;zªş Ğµ¸²ÕKMÊ¦ŞæÙ²¬ë×è9¯ºoÈä¯âœŠ7:¦ˆ–íi$ÿ
package End---------------------------------------
iPos: 5248
datakind: 0
iPos: 6288
datakind: 1
Package Start-------------------------------------
Recv_Data:
file_index: 352
file_name: testfile!
file_size: 4096
package_size: 5248
total_size: 1852262
package_content: —­KäÇÈq!<ŠÊ¬ù—6ÆÕ?yËcRšî –,ÿ
package End---------------------------------------
iPos: 11536
datakind: 0
iPos: 12576
datakind: 1
iLastBufferSize: 4784

SIZE: 16060
HEAD_SIZE:5248
Package Start-------------------------------------
Recv_Data:
file_index: 353
file_name: testfile!
file_size: 4096
package_size: 5248
total_size: 1852262
package_content: ¦xZá–\~òêU†5ôÉb0?
ëï?fÏ	ÛÇo¬xÓâ`¶‚+hŞşŞÍ•ÂKœ	HéÓ®¸OA(·÷jiyóX¡ªİé—Vj–—RË
package End---------------------------------------
iPos: 5248
datakind: 0
iPos: 6288
datakind: 1
Package Start-------------------------------------
Recv_Data:
file_index: 354
file_name: testfile!
file_size: 4096
package_size: 5248
total_size: 1852262
package_content: cıŞ•ãO_H©¨İ\*#‘˜d`®‡¸Àë^ùûgü$±ğÅ9<GáKt¶·Ô›è’Ş^9ãŒ>Iôë^/¨XK+<V—Í$™gW’>¼
üÓ„•
î/t7=Î[H·†	Yt«Y]—|R.O¦UCßŠŞµ»¿ŠÑİ|?éç…ÅÌ¡ş¡J‡ÎE]ÓÛI´Ø.lšYP†hğ#¯<ÿ
package End---------------------------------------
iPos: 11536
datakind: 0
iPos: 12576
datakind: 1
Package Start-------------------------------------
Recv_Data:
file_index: 355
file_name: testfile!
file_size: 4096
package_size: 5248
total_size: 1852262
package_content: zÕ>/xwR‚+ßZ‰VXÀ–3ÔŸ§§µsÚ®…á\¶¤¾e¤áIØ€Mq×ÃÔö—¦Î
øHÊîŒ¯äsß.%ÓöÙßÙyöÑŒ;»˜úÕ/üT³ÓŞx´ı)Ò;flÛÚÇ¹¨ÏzÙÖ®äğmª4Ú+²`l‘S*O|Şµ&¹¦jş%ğ+Òü'VÖùægÛæ¼¤×L\=š§}KöÆ‡*·2G‘'‹ôŸèò]	œop¾x
HíbíéŠÆ»ñ|Z†md¶™g·B#·xÙ„Äzqœ×cá
§Œ¬µyïìSÌ†äª.Ò%'!¿ŞãŠÂñ½¦_è^%µÓñ-½Ë¾a9û¬95àTÅĞ…IÇ³ëıj|Ş&··i·§Tg|!ñ=ş›¤^è>,Ğo¬-¯d—&Ş@€É}k¤Ôìí¬^]Î%‚ER—H@>Ÿ0èqù×­øçÇšC‘¡ø†ò!qúlù”q½s;×MáİcÆ'±HüG [ùÀùŒDç¯Ë\X¬2¿<íßú¹Q¥KŞfäÖQ¦aÜ¥#iGÈLóUä¿eğ—öxcˆÊ¯óqŸJ©6›¢Ş‹k/©Rä…
package End---------------------------------------
iPos: 17824
datakind: 0
iPos: 18864
datakind: 1
iLastBufferSize: 1980

SIZE: 16060
HEAD_SIZE:5248
Package Start-------------------------------------
Recv_Data:
file_index: 356
file_name: testfile!
file_size: 4096
package_size: 5248
total_size: 1852262
package_content: Ç±ô®|ëî$+>[Ï&½KÅş·×´/ím?uÜ÷²ÆFY=Ç|W”\ÚZ›‡‹a­{8zñ•;¤\®ÕÖÄÃT°œï,Qˆá—ƒôÍkh¾/¾Ò­šÎÇÄ$hN?*æsşò3À=J°Ïª]-­©"~ë9Ç>ŸZ©¸OtKRZz”Iæı±¤B{I¸U·×¬Ø
package End---------------------------------------
iPos: 5248
datakind: 0
iPos: 6288
datakind: 1
Package Start-------------------------------------
Recv_Data:
file_index: 357
file_name: testfile!
file_size: 4096
package_size: 5248
total_size: 1852262
package_content: ;GP}}jÇ‡.Dñ¼Wñò÷S"´’U“pàzÖ|³nèâ§Nò±İxîâÆ’{ò-‘c+×(2=£Áöés/ö„°+Ç–`ùIªòµ¾¡yŒ?×:¢·ñ`ğ+FÉ£‹Bk+ûD[XwHÇø}†k’´¬º“&Ûd>(Ö/üUª¼†pñÀ¢†~Xœuâ¨Çh.›xfùK'~çùUË=6D³^N¶Ä(V=ÿ
package End---------------------------------------
iPos: 11536
datakind: 0
iPos: 12576
datakind: 1
Package Start-------------------------------------
Recv_Data:
file_index: 358
file_name: testfile!
file_size: 4096
package_size: 5248
total_size: 1852262
package_content: `‚%-´D¹*>f¹ôÏzì-<E>—Ú;(QxÏQœ!ã:ñO|^ñ^Ÿâ¸³Ò^;Y.ğes¹Y31íë^ò“§ï«ØíÌkÊ•5Ë»<ãÅ÷Q\Å=¾•-µ„Q>bµ•LêFè^;ûÖök‹[[çk¨£™š®G˜qŸZõø{Hñ…w¯YhğÛÜÛfyM“6{à1^_¬øwW±ÑbÖoÕaYı›÷êy'¡@Çµz4æªBÍXó)Öu#uó:m{^Õ’ê[iãbË²[uÆ{àu5›¬i>+¼HuM_Ë1`e‘ÔŒwŠĞø]¦^+‘¨B·
™råXéxú×k'…[Uğù¢ÇgmŒQà‰Š«±á®EDªÂ›å7¼e%ÌOK{g§¦Ù=Ì~X$¦Ö8ìšáæñˆ~ßæêóJªfoômûr	ÁÓ+§_k6·–÷:ÿ
package End---------------------------------------
iPos: 17824
datakind: 0
iLastBufferSize: 216

SIZE: 16060
HEAD_SIZE:1040
iPos: 1040
datakind: 1
Package Start-------------------------------------
Recv_Data:
file_index: 359
file_name: testfile!
file_size: 4096
package_size: 5248
total_size: 1852262
package_content: MXkãí:À™•C‰‰ãiÇqIâšv]G{hÎáu«Ÿ4ê‹
ÜjD.OÌÈÍŠì´Ï‡z6e­Ggã¨î%±‘ÕMb÷jORrã½EO'Ã{ıæ¿¹’İ®åw’„
package End---------------------------------------
iPos: 6288
datakind: 0
iPos: 7328
datakind: 1
Package Start-------------------------------------
Recv_Data:
file_index: 360
file_name: testfile!
file_size: 4096
package_size: 5248
total_size: 1852262
package_content: ê·¨ã­Z³)¢;—Ë÷8®{ÄW2Go(.¥‚•'¬èÒ\ÜİÉ©&ìŒñãÔ–9$*“©]Ã±Çz¿£xãRĞ$óšO6;eõ…¤]¢êP±RXÈg~xüêÂh:”×³YXÛI?ïj¢ŞÙØéFi¦®L9¯xîz0¾³ÖíD¶ŠÁ—æÚİŒò?­R»kkSk*TFù½ë—Hñ‡†b¯¥ßZ•Şğ¿ŸJÖÒ|^uÈÌ7‰åÈ8ş.:×ğR¥ªØîŒ¤¦¬Én/^Cœè½+ÚÜDÍ¹R‡ƒV®tM2DA>½o7ä…k*kÛ<¬÷`º­¶MÀ}=«ÜËáËJÏ©èQRoŞê-ı­è‹í1Ü£%ŞâMJ)ÖŞFF‰GQ–úÕ«mJia	1ÉSŒîæª_ZCq¤¦³m,QÜE;$ğdîqÙı=«ªQ[¥GX³¢y~ß
´xÉ##©]„¶/ËAãŸ¥PÓµ™í£ò>wíV.5IT,qÄ\H~öcÊš´•éKAÚl‘	ÃÏÈçz†‹ùD÷-5ÆéÏ99â›m0ÛSœñÒ­ùÍû·×*pk)Ñ„©òXu)ÆPå2Z%‰ˆL?úõNKe2’r®1Ö¶d±xå1o\öÁ5Z{6\É€9ë×šâ	5±Ìğ²¶ÆL”‰Ó®áÈô5ÎëÚ<Z´™r!$3) ûW]$ ‚¤süë>úÜÁ)(ƒ•åFÈ°®”ù¢ÎyP»94ÚmóÎ
œ#
package End---------------------------------------
iPos: 12576
datakind: 0
iPos: 13616
datakind: 1
iLastBufferSize: 2660

SIZE: 16060
HEAD_SIZE:5248
Package Start-------------------------------------
Recv_Data:
file_index: 361
file_name: testfile!
file_size: 4096
package_size: 5248
total_size: 1852262
package_content: ±ÕxN]dÅ}ÓN@X÷d¶}=½{¯àÙßàÅävó+Éf­)*y-Â¼×ÁPÛévßğ8F”Ÿ.
package End---------------------------------------
iPos: 5248
datakind: 0
iPos: 6288
datakind: 1
Package Start-------------------------------------
Recv_Data:
file_index: 362
file_name: testfile!
file_size: 4096
package_size: 5248
total_size: 1852262
package_content: —Škkú¤©RÂVQšºë¢ü.>çàgÄ+]-_]ºĞÚåo<‹ËKò>Ê	!·«*ŒZ6ƒà]UN­«sQ¶ÛL´˜ùQÍ$XNÑÖ´tÍ;Çºš¹Ğgx–íu·gÈsóİ¸íÖ³4[}òÿ
package End---------------------------------------
iPos: 11536
datakind: 0
iPos: 12576
datakind: 1
Package Start-------------------------------------
Recv_Data:
file_index: 363
file_name: testfile!
file_size: 4096
package_size: 5248
total_size: 1852262
package_content: .ÌÅñtšÒíY]•¤U8ã5ÓØ¸¶µ$]»PdV¿o,%m[æ$V²JVbF@ÁÅaNœ)I¸«JNQZ™×ú‹i2¶”"¬wpHÛùŞ0ÃÎº/…ÔTW5ç?î§·Óí5{y^ÚùN;äwú×Yá¦ŸC€ÌÄ¿”7dõ8æ°§YıfT¾xÜW"fìñÍv‚&SÁ5GMğÌvº€¼`»Çˆç•£ms¾ WéÁ§¤'kÌ½xõ5¼ã¸â…Õ4È$ƒÍDË˜àrx¬Í*#a©‹ØÜ€§%wcŠÛY£ÙËôYÓIeÖ$ƒ Œ0zŠÎqÔŒ¤ä´:ï62nFÈ ö¬«ûhnc-t#ØÇvƒÇ¾}jÖ4rYùjÃäÊñÓ¿JŠù#yVF
0ylt®Ù{Ñ!Ÿÿ
package End---------------------------------------
iPos: 17824
datakind: 0
iLastBufferSize: 896

SIZE: 16060
HEAD_SIZE:1040
iPos: 1040
datakind: 1
Package Start-------------------------------------
Recv_Data:
file_index: 364
file_name: testfile!
file_size: 4096
package_size: 5248
total_size: 1852262
package_content: Tû*ŞŞ}™ø%O?ˆªçŒ£di’÷YÌ_Ù>¯zÑ-üSämXÚ@²ûœgó®Â‹{öæ·%¬i1[Ø¢i'¦ÑÔıN+MğŒÓê²ê·‘	ä…?y‡ ëWïô«¤Y!¹òİèâ‰‰ {ú
ñå%	ß±æ©ÔŒœ¬zº|Kğv¨#Ó´mVM°£yO}8,çÂğXş]«Ã_uZ^êº>“¶iD°«uƒéƒØ× £éyªX)“vÁ.T’SÅn[İ%İÃCi#˜‹sÉ'ÒºéãjU’q[‚Ä9ò»X§igã-RYüQª²F×O¹À„d/®‚´ßC“YUÓî¥HÛ¯"È>œgŠÑ¿Sk-Œ":ä1şéUbY-­|¹XÉØsõ®™a½¯ÅcEIÍkÔ‡ÅHâ]ĞIh G0ùƒûŸC\íÄ7Z\™°f8ûşd|0ş•Úi¿ÚQ ·áHÁåqî=k?ÄsIqFrNŸö®u„Œ5Kb>­ŞIF·¢[ë¶Fşá¶š>C¬|«zdt¨mµMjX¼X´F›Zã#l‹Øäw÷®ƒNÑ-¦yc½™T0Ã8úı++\ğ5ıœÀÿ
package End---------------------------------------
iPos: 6288
datakind: 0
iPos: 7328
datakind: 1
Package Start-------------------------------------
Recv_Data:
file_index: 365
file_name: testfile!
file_size: 4096
package_size: 5248
total_size: 1852262
package_content: 3Ò[›ÔW's,ÎLí‘Ñˆäzç‹uSf)6¹‹š¤ö§Ì‚é†§Ozì4Mhø’ÈÛJÑµÀOİÊısÛê+‰‚'æÒ}¬Gİ<©­M
Y,®“~ÕpzÆ°ãª3RÔ³‹t•’M?W¶{k«wÚûäu=
]GÃZF·º´	uÎè±Éô5[ÆV±ÜkzaÊƒ.
package End---------------------------------------
iPos: 12576
datakind: 0
iPos: 13616
datakind: 1
iLastBufferSize: 3340

SIZE: 16060
HEAD_SIZE:5248
Package Start-------------------------------------
Recv_Data:
file_index: 366
file_name: testfile!
file_size: 4096
package_size: 5248
total_size: 1852262
package_content: aÂ}[# tÉö¬¿Xê1xŞÒæhvZØ›©fa)½Øä“ØmÇj’ûPº»×,4y­ y~ÙæIvßyƒ•Uè	Onİj©>j·{#ÚË ¡(OµÛùZß‹;»“ÃÒymn·7É¦­·Ú˜Ë•ÉUú¦°oµKkX#ÓìU^^#†(Æg<—>Ù<ŸJ›â©6ƒ«j·Bæ ‘DªáUY†H,Hèç£Ö¼çVñ'Ä=3Oº>o‡´½Pİö(.µtİkn:|à7%p[
package End---------------------------------------
iPos: 5248
datakind: 0
iPos: 6288
datakind: 1
Package Start-------------------------------------
Recv_Data:
file_index: 367
file_name: testfile!
file_size: 4096
package_size: 5248
total_size: 1852262
package_content: ëÉ§ëP!™n,I@@xÈÖ½Êr£N<«KuO~£=›á]ñ½ğ¶¹¥h–ÆãZšĞ6M†XòªªX
¹BkŸñgæ3ƒNğß‹&ÏÃ0=²HÇı!ËæâgSò¿›&x<mUÁ=[Â·—úæ—1·ï@ºŠ™¿xDR®1ÇsíXz7„µ-wÃöŞ4pÍö™Ì/oLˆÃrz|ÿ
package End---------------------------------------
iPos: 11536
datakind: 0
iPos: 12576
datakind: 1
Package Start-------------------------------------
Recv_Data:
file_index: 368
file_name: testfile!
file_size: 4096
package_size: 5248
total_size: 1852262
package_content: ÑE:ŠÒß¹xY5[İ7µ{‹9mÒ#µwo‘ÑF¯j±&±cöíŒQ²²æBéœã½GkóGæOb¾^ÃÊ‡>•^îì&%¦ÄBˆX>~˜ëÍzô%pQ¹ô§«²¬Z”­5¤1°–;‡Ëøt®âW†|?âUu-KspXùÜT^ùæµáñº©«ZèRÆ¥y0U$ãéŞ²ïµ=_ExİBK0d 2€zsYÏITåº8qªRN7V3|A)Ñ<).µ°‚ ˆñDü³g
package End---------------------------------------
iPos: 17824
datakind: 0
iPos: 18864
datakind: 1
iLastBufferSize: 536

SIZE: 16060
HEAD_SIZE:5248
Package Start-------------------------------------
Recv_Data:
file_index: 369
file_name: testfile!
file_size: 4096
package_size: 5248
total_size: 1852262
package_content: ½ª:­~M6ãC:Ë¶%t\7}+†“Å‚Êåd¸—+ƒòÎ+7Å_Ã¶òxcVµd©‚Ã8 Æ¦øyceªcÅ›,ºTR2!ºˆi?¹Ç\gô¯f¶.t¢âzx¬uH4¢‡ê~3-T¾Ñ®#G|@pì¿Şr=úU«İŞ^ °ÔŠ²("…?cIâ=CÆš”ğÈª`lnòDNpzqS7Ã}.À]JIîâƒ$aQã'Ğ×*ÜÎò“ÜáX™Êi¶tş;Õ,vµá!ÌùÁ gÇêÿ
package End---------------------------------------
iPos: 5248
datakind: 0
iPos: 6288
datakind: 1
Package Start-------------------------------------
Recv_Data:
file_index: 370
file_name: testfile!
file_size: 4096
package_size: 5248
total_size: 1852262
package_content: F{…(zdXôÀù­«g··Ó¦ŠDHEÂmšâBKÈ?çšúÖkµ=¶3"zÆÇ‹ZørÊçS’6öyåÈhí— ×æèqõ¯¤~h±Yü½‚K"OØÚYeYTIè=[Ş¸m;áî‹ây–ñÖÊÙ°@q“^«£ÛØŞ| }"Á¼¸ßNhã`¸8ƒZOzi¤UJ’úœ¯Ï˜Î±®M¬ÂEI$æ8>i$şcÿ
package End---------------------------------------
iPos: 11536
datakind: 0
iPos: 12576
datakind: 1
iLastBufferSize: 4020

SIZE: 16060
HEAD_SIZE:5248
Package Start-------------------------------------
Recv_Data:
file_index: 371
file_name: testfile!
file_size: 4096
package_size: 5248
total_size: 1852262
package_content: e»Ly¶pªF‡ È,yï]Æ‰â¶±W_Ò¬­ßxÂ,ØÜrìçO5èKVO™Y/ëb=œ®vù>ü?Ğ¼%¤Íe{mı¢óÎ&2LÇh`¡GÊ¼Áüë¼oëCH:Z¼[H@*ÕQ˜÷rzÿ
package End---------------------------------------
iPos: 5248
datakind: 0
iPos: 6288
datakind: 1
Package Start-------------------------------------
Recv_Data:
file_index: 372
file_name: testfile!
file_size: 4096
package_size: 5248
total_size: 1852262
package_content: ÈV_•ğ?Z¡§Ş.píq|®ê„üàÕñ†…$úåËø~8Œ×?½¸{–<a
package End---------------------------------------
iPos: 11536
datakind: 0
iPos: 12576
datakind: 1
Package Start-------------------------------------
Recv_Data:
file_index: 373
file_name: testfile!
file_size: 4096
package_size: 5248
total_size: 1852262
package_content: }Œ;À3ß^.¥4\Œà‚B¦s‘™î+´ñ„<'e—*®g,Y i8v8;‡§5SN{½:¬!€L×h³[8]Á•ùı;Ö×Š¼1o†`Öµ‹Èã“ËeKˆÁÆãƒÁïŠÑÂÑVF±¢¥Â7ó,Ewmâ?ÍË¾IL`Úyùæ/<{áo"]MU"xÕ-¢l8êĞ‘Zş	½[‡êQjPLÑ 1¦…Ä£ø¹®¿ÆOt^ÎÃWĞãI;‚”,v‘Ãô¯-Ş•EÔä««WÒÈËğ>Ÿ.¡yO’g\…„ä.{ıAí^£cû9ŞxªÔK¨xát× 0Ÿ×é^{àÍ}¼;âm?HšÕ yH
‚à6vŒ÷äWgâKêPIöM^X¦æ[yåğ¯^”°>ÇßqÓ
Ùu*<¸‰n`Ûü ñ
|V>
package End---------------------------------------
iPos: 17824
datakind: 0
iPos: 18864
datakind: 1
iLastBufferSize: 1216

SIZE: 13140
HEAD_SIZE:5248
Package Start-------------------------------------
Recv_Data:
file_index: 374
file_name: testfile!
file_size: 4096
package_size: 5248
total_size: 1852262
package_content: ÏûTT‹h„ÛÜÄÖt½[N¾YtËidpÙP¼¬ Şıx5£o¦Ø¢ÿ
package End---------------------------------------
iPos: 5248
datakind: 0
iPos: 6288
datakind: 1
Package Start-------------------------------------
Recv_Data:
file_index: 375
file_name: testfile!
file_size: 4096
package_size: 5248
total_size: 1852262
package_content: zN«ñ2Ÿ³YºÉ#AäÇ€qğ3\NµöË­"t»Y$¼•¼î§CôÉâ¸V=z;‰/öÎò>Ôİg|{vQõ®¿K½•´(¡Šq5êÇ¶Iû­ßÛŞ"\ÅÖ®ª­?¿Ò®ô½ml®o¬üÀÁb°¶›Ì•	ìT)>æºK;	|;£Cc¦ÂÔìR<‘ı]Ï¨\ş'¨i¸ÓüPŞ ºº_"i@7‘Û¹9­ø.4‹—K†¹h„D¬œ…Â¯_SOx«’V‚;ƒVÏ©köñ,ÆTµ€™n
package End---------------------------------------
iPos: 11536
datakind: 0
iPos: 12576
datakind: 1
iLastBufferSize: 1780

SIZE: 8760
HEAD_SIZE:5248
Package Start-------------------------------------
Recv_Data:
file_index: 376
file_name: testfile!
file_size: 4096
package_size: 5248
total_size: 1852262
package_content: 
package End---------------------------------------
iPos: 5248
datakind: 0
iPos: 6288
datakind: 1
iLastBufferSize: 4252

SIZE: 8760
HEAD_SIZE:5248
Package Start-------------------------------------
Recv_Data:
file_index: 377
file_name: testfile!
file_size: 4096
package_size: 5248
total_size: 1852262
package_content: |±ñ‹Çø‰ñ?\ño…†¤Ö7W˜C©ÊRB€Äc#*½…{~eqÅçî³‹ä¤®´rz-{¥©áT„á†ç—ÚÑ~§7“r[npœ¯âu2ém.£Ÿ¨­Oh·.¸ºĞü$«>µl›ÆŸs0n‚†7ñ1šÖ‹á¶ªƒÇ6¯§Kà\i³FDÛi =3×½~ÏˆÎ²èá«FU”nš{ŞÚ[½úXòªÎ*“æ8­~×Äê¹—Éˆ²¬*Î"#l÷zÆŸsğËâdZŒ7w^Õ¢yaG•¶Z)qŸºGùÍ{Ï|iÿ
package End---------------------------------------
iPos: 5248
datakind: 0
iPos: 6288
datakind: 1
Package Start-------------------------------------
Recv_Data:
file_index: 378
file_name: testfile!
file_size: 4096
package_size: 5248
total_size: 1852262
package_content: À¶†¯§]G%ÇïQÅÍ¾H1qï¶³m<}o®ØÇ»,Ó†_$¸%Jõ£¥_[[Ü¬¥JJ¬¬‡!·ü¿Èş•nß³‹ÑîsG–	·×CRÉô(ìc·»Ñ"šå>y.•Šg=:Ui­¼9u©í´f2)Âã¿ÿ
package End---------------------------------------
iPos: 11536
datakind: 0
iPos: 12576
datakind: 1
iLastBufferSize: 436

SIZE: 16060
HEAD_SIZE:5248
Package Start-------------------------------------
Recv_Data:
file_index: 379
file_name: testfile!
file_size: 4096
package_size: 5248
total_size: 1852262
package_content: mæåDÊ§#xöö­áñÂŞëa¸ÓÄsªäÈ§­y¤Ú5ÌSC9ºEÄ%T99ÆxíÅY´ÓV;½¦â"$LŸ›$Vª¬¯kšG0Äs%Ó¬¾!ø{ÄP™og0KÀ.@zãŠº,Òæ²’¸ˆHÍ÷½ëÉµ]!Q~Ùi<£Éa•üı*ë·såÜ
package End---------------------------------------
iPos: 5248
datakind: 0
iPos: 6288
datakind: 1
Package Start-------------------------------------
Recv_Data:
file_index: 380
file_name: testfile!
file_size: 4096
package_size: 5248
total_size: 1852262
package_content: ºoO«Úü)ºÔõh€¹ÓõÈæŠw0XŠsÓ~•µ•Üºeìg$şæˆ.¾›f¶¸‹Y{iâ„,Ayõäœs]“£/ˆ,_LñVŸlßµu==v¹ÀÀ¯FïÈæ¥Óîg[T¾’äql	¸Ævş¥hxZâØ+^Üİ9œ¬q“ıæcÀúW<›¶¦Jé¸½Q‡'†,şØ†»‚(†ZY×z2}q^w©A}âÛ›ÍgÃ:ígn›†·œùá²{ı?õÏêv>+U³šÚ9í<ÂdWbÊÄqÎ~÷ÿ
package End---------------------------------------
iPos: 11536
datakind: 0
iPos: 12576
datakind: 1
iLastBufferSize: 3920

SIZE: 16060
HEAD_SIZE:5248
Package Start-------------------------------------
Recv_Data:
file_index: 381
file_name: testfile!
file_size: 4096
package_size: 5248
total_size: 1852262
package_content: õ«ÒİHË+ówüÿ
package End---------------------------------------
iPos: 5248
datakind: 0
iPos: 6288
datakind: 1
Package Start-------------------------------------
Recv_Data:
file_index: 382
file_name: testfile!
file_size: 4096
package_size: 5248
total_size: 1852262
package_content: Y†6/ä’vÆ›…@>ç5¶Y‚­˜ã×$_$u}¯æöĞÒ…Ô çmvWüşG™A©ØÜÈ¿b»s !A‘¸ vÇáÖ®i›d–À+ÌŒŞ^9\óòúŒæºşÏú•Œ)u¥Ãq	û(™Öâ0/\ò§#Œr}k¾ğt‰Äòi‚T<©,ßzäàœıkêÕ
±¼­tº­Wás‚Xj°mN,Ö¸1cËl´)ØsĞœş3W<©ÜB^ÿ
package End---------------------------------------
iPos: 11536
datakind: 0
iPos: 12576
datakind: 1
Package Start-------------------------------------
Recv_Data:
file_index: 383
file_name: testfile!
file_size: 4096
package_size: 5248
total_size: 1852262
package_content: s\G‚4+É5›{K;s$Û™cˆ7˜ü¹¯A·Ñ¼W'l4­KG½ó–Æh#’H÷y¢9EÜ8ÎÖà“È[àŞ™{¤|\Ó,µ]¸yİgÌò"‘¸ç×?*Óì•WKwß¸©ÒUkEKf?Ç‘ê>ñáÙ„ˆöZ*$‘IC9ÜìIéÔş•ÎêRéúÈ³¾¼…e‚	ÄĞ4G	+`‚öşé¯fıµ¾Ú,ü[¦_\™pVA#"•Cÿ
package End---------------------------------------
iPos: 17824
datakind: 0
iPos: 18864
datakind: 1
iLastBufferSize: 1116

SIZE: 16060
HEAD_SIZE:5248
Package Start-------------------------------------
Recv_Data:
file_index: 384
file_name: testfile!
file_size: 4096
package_size: 5248
total_size: 1852262
package_content: 8*ò„g{™¶~>›D…AÒ˜4sÆpÃÖ³®5+]RëÏ†ÁbYp1ƒ]O‰âşÈ·û>®ÑOğĞ¹ÃB­fCk£KmÆŸqò8ãÍh=Æ{SN0ø+SÅi	ÛCVÀ[kšÚºQ6œW•k^DÔe
package End---------------------------------------
iPos: 5248
datakind: 0
iPos: 6288
datakind: 1
Package Start-------------------------------------
Recv_Data:
file_index: 385
file_name: testfile!
file_size: 4096
package_size: 5248
total_size: 1852262
package_content: ¯ dÿ
package End---------------------------------------
iPos: 11536
datakind: 0
iPos: 12576
datakind: 1
iLastBufferSize: 4600

SIZE: 8760
HEAD_SIZE:5248
Package Start-------------------------------------
Recv_Data:
file_index: 386
file_name: testfile!
file_size: 4096
package_size: 5248
total_size: 1852262
package_content: LaÛÓ>ƒØVF«ª°•<=áâ$Ô'8¸vñè ıà¼yú­r¾i;²#ìtpønßRğü¶š}Ìö{Ã)¹³;d
package End---------------------------------------
iPos: 5248
datakind: 0
iPos: 6288
datakind: 1
Package Start-------------------------------------
Recv_Data:
file_index: 387
file_name: testfile!
file_size: 4096
package_size: 5248
total_size: 1852262
package_content: ÇCYÿ
package End---------------------------------------
iPos: 11536
datakind: 0
iPos: 12576
datakind: 1
iLastBufferSize: 784

SIZE: 16060
HEAD_SIZE:5248
Package Start-------------------------------------
Recv_Data:
file_index: 388
file_name: testfile!
file_size: 4096
package_size: 5248
total_size: 1852262
package_content: ´³×¢VãÏ2«
package End---------------------------------------
iPos: 5248
datakind: 0
iPos: 6288
datakind: 1
Package Start-------------------------------------
Recv_Data:
file_index: 389
file_name: testfile!
file_size: 4096
package_size: 5248
total_size: 1852262
package_content: \ı¢Å²å·*«ßº¿éÖúu‡Úc_S’?»N­EÉ ¤¬;â¥¾”-wyl~ãÔû×=¢ßŞ¥‹ùß0ÛÕ¹§|@¿K«¦ÎÜ–tƒCŠV³–Ñ¾RàœUĞºV5Šq²eßÜ,Ó>øñóGCT¼Y¿Ì/ipÀ6Cì|ŸÂ‰‰$P[ŸzÏñ‹MêÜ[qê}jÚs†¤ÅÙÜÍÕ59,áO.0ÀÃO>‡3<†ñF^qÚ£KˆoOúb 
package End---------------------------------------
iPos: 11536
datakind: 0
iPos: 12576
datakind: 1
iLastBufferSize: 4268

SIZE: 33580
HEAD_SIZE:5248
Package Start-------------------------------------
Recv_Data:
file_index: 390
file_name: testfile!
file_size: 4096
package_size: 5248
total_size: 1852262
package_content: ½zwÃÉİ=Ä£MJï©ÛÙøÃÃÚ/‡cÑ.¡Fò,V¶óHe#q
package End---------------------------------------
iPos: 5248
datakind: 0
iPos: 6288
datakind: 1
Package Start-------------------------------------
Recv_Data:
file_index: 391
file_name: testfile!
file_size: 4096
package_size: 5248
total_size: 1852262
package_content: ”o×¡ƒ“–èñ¹¦’éXÎ¹Y~n¸ÅeG}¨ÛŞ%Å¤òEq¿÷rÀå	Ï Œß‘ë^ÁªşÆÿ
package End---------------------------------------
iPos: 11536
datakind: 0
iPos: 12576
datakind: 1
Package Start-------------------------------------
Recv_Data:
file_index: 392
file_name: testfile!
file_size: 4096
package_size: 5248
total_size: 1852262
package_content: Äwö²éÑ¤×MäæùTñ°rç;ª~Úşø•}¨xCÅ]øº¸—MÔà%ÓĞ€¡P£É3ÿ
package End---------------------------------------
iPos: 17824
datakind: 0
iPos: 18864
datakind: 1
Package Start-------------------------------------
Recv_Data:
file_index: 393
file_name: testfile!
file_size: 4096
package_size: 5248
total_size: 1852262
package_content: ;†zàôúUjZ|—0Ş^\IrŒ*´¿÷éÅW×Í‰´M2ßİJ (ª¬Ã¹n¼Ïk@‚ÃÁ5¤¬®–â3rÈ-Ô¸ÿ
package End---------------------------------------
iPos: 24112
datakind: 0
iPos: 25152
datakind: 1
Package Start-------------------------------------
Recv_Data:
file_index: 394
file_name: testfile!
file_size: 4096
package_size: 5248
total_size: 1852262
package_content: ½7á½7R¶½û9“ÍŒ©Û´bÂÁ•xm¸ëğ\5ƒ=ä>yÜ*ß‰õØ¬í<©i<c=ê&¹êYëÏ©çúş«,ÚÜ]Ÿ».#`:WKá÷ûN]IÁ\05‰®ÛYê)æÂ‹çÈÁûÇúUoj÷êRØŞ«¸È=G½tù®…]JZv™m¤Ò„\ÜŸZæ<A©‹‹Ù¬$ÉnLlÕ½§^\IªÉm&
package End---------------------------------------
iPos: 30400
datakind: 0
iPos: 31440
datakind: 1
Package Start-------------------------------------
Recv_Data:
file_index: 395
file_name: testfile!
file_size: 4096
package_size: 5248
total_size: 1852262
package_content: 7á—ÃMLwÕ¦¶’Öşí·w2ÎY———İOz‡âGÄí'I…<;¦Ş\İÍ#Qæˆ Œó’O<sš£Š¼Mâ‡h-dŠÎl¯Û6•‰@'?7
package End---------------------------------------
iPos: 36688
datakind: 0
iPos: 37728
datakind: 1
iLastBufferSize: 120

SIZE: 16060
HEAD_SIZE:5248
Package Start-------------------------------------
Recv_Data:
file_index: 396
file_name: testfile!
file_size: 4096
package_size: 5248
total_size: 1852262
package_content: ­Ÿ:íÉh×=póï¹}ëìğy½:ùdñw†yô·©Ò4£uw×ô>”øwà„­|`°µôà½åÄ1íó§å<áWÏE¯(ı©ui|?ñcÃº5µÄFk?£ ‚]ÍM!ûãVÿ
package End---------------------------------------
iPos: 5248
datakind: 0
iPos: 6288
datakind: 1
Package Start-------------------------------------
Recv_Data:
file_index: 397
file_name: testfile!
file_size: 4096
package_size: 5248
total_size: 1852262
package_content: :b›à-.êÔ˜õ[éeŸí!®¬Hcİ™³Ó¯¤­<&e„q}uG³Ï0u0^Æœ]ÿ
package End---------------------------------------
iPos: 11536
datakind: 0
iPos: 12576
datakind: 1
iLastBufferSize: 3604

SIZE: 7300
HEAD_SIZE:5248
Package Start-------------------------------------
Recv_Data:
file_index: 398
file_name: testfile!
file_size: 4096
package_size: 5248
total_size: 1852262
package_content: ]¦t—“†ûÍ×ˆ®Ïá,Ô¼K¡ã«¼HãÛ¸d`0ãëÈ§N3ÄMFZ3ª%RQQf/‚<;âŸÙ¥ÙOæÁšB¦4•OB=}ÅzNƒğo_…lõGÂIt7ƒö¹³æ!R£Ü)=»×¦Ÿ|?´–Kg´‰íQRÖâIÇsYÚßÅ½ßQ¼ŸOños˜<ÉˆvÚİ 
package End---------------------------------------
iPos: 5248
datakind: 0
iPos: 6288
datakind: 1
iLastBufferSize: 4616

SIZE: 16060
HEAD_SIZE:5248
Package Start-------------------------------------
Recv_Data:
file_index: 399
file_name: testfile!
file_size: 4096
package_size: 5248
total_size: 1852262
package_content: rH—'Ì¼‹š¨Ê«8_½÷H¨`¸’x>Ô½W®*=@gVµW²¼–ÍwÆøPyâ¢¤üL¼÷©t„ò>÷µméV÷Ök R&÷}êæ š»™%€a³‡NÍï[z-ÚÀ¬ËÔéïVáÜqJú¾ƒb¼6œŠ‚[õ#Áùpr;ÖÎ¦-5EÄ,¡¶àã½sW<jÑœå[JÆŸ»tK\¬èm<Es¥´ÙŞƒ§Ï7Ö…æã%óÄ^UÒpsÁ#ëÜWmWlEÓàƒÔö®Zµşƒwäw&ç²‚ªüÊ’rWâ_ÜxZò]BÚÑš&9icçh÷”º*İŞ•–á_ÊnŒF9®ÏÄê*°İ|²q¸}êêky.DhqÇÊ½j¥ã®ãRÓRM5ã†#
package End---------------------------------------
iPos: 5248
datakind: 0
iPos: 6288
datakind: 1
Package Start-------------------------------------
Recv_Data:
file_index: 400
file_name: testfile!
file_size: 4096
package_size: 5248
total_size: 1852262
package_content: 
package End---------------------------------------
iPos: 11536
datakind: 0
iPos: 12576
datakind: 1
Package Start-------------------------------------
Recv_Data:
file_index: 401
file_name: testfile!
file_size: 4096
package_size: 5248
total_size: 1852262
package_content: ë&ÓÓü+µ9ÆK×ÙV¿ºs·¶–zì¯{·ufn“cı“”ÊOIöè8äæ¹ï|Ğ¦Ò®'ğ#KmuEµ¹º—$³d‚y=y&ºNøh“¬üLÓ!s¿i•†Á;@ÉÈ…dÛüLøl.ÌKãğÑá‹Nö.¨
wrN@“Ì©ÉNvô	Ò©8¥4|ıñÒÿ
package End---------------------------------------
iPos: 17824
datakind: 0
iPos: 18864
datakind: 1
iLastBufferSize: 1812

SIZE: 16060
HEAD_SIZE:5248
Package Start-------------------------------------
Recv_Data:
file_index: 402
file_name: testfile!
file_size: 4096
package_size: 5248
total_size: 1852262
package_content: ì÷'@gYÂ•?#jÜß3eıGÅZn˜²I¢gÏWÇÛe%T`í^ßÏšë~Çá_xz÷Å¾!†iµå–(æ8Bå¤W/ŒÕExÆÉ>&ø"-|caqy{o2A¨\;£8XĞñ»w¨õ¯V²Õu‹.)uk«Ÿ´Åi
?ÚÜy†EP$V cïı=+Š¤]x«½%÷éùsœhC™Zıkã}ç‰4étİWÃ¹¸¶h®dx@&E‘·œã<©
package End---------------------------------------
iPos: 5248
datakind: 0
iPos: 6288
datakind: 1
Package Start-------------------------------------
Recv_Data:
file_index: 403
file_name: testfile!
file_size: 4096
package_size: 5248
total_size: 1852262
package_content: ÷»€}ê|GÖl<-†ôí+ñtQ$x‘!v¤Œ/#JË1­Š¡ƒå¤“»Oäzxl<cGêø•e¹Çê,ºñG…ü3ªëpˆï´™ÚÎñŒFQ$EÀuãˆ¢Ş{+m6ŞÕ‹G OÊnã“·úŠ¯ñ7WÑ|7àÍOÂwÊÉ}oâ{™líË(‘b™ŒÁÈÃ¸‘Ç¥Q‡Ç ğ|–š¦olí×cştbrB±ä©"±Esr´®×ù?CËÆPöu¬Úş´7µÙ|=©øZËS¹vi¬ŸmÌ°da	Ú³İÆ}ºÔww÷ñu=Íå^Ç¾Ù‰*ë€HÏNyÁ¬ÿ
package End---------------------------------------
iPos: 11536
datakind: 0
iPos: 12576
datakind: 1
Package Start-------------------------------------
Recv_Data:
file_index: 404
file_name: testfile!
file_size: 4096
package_size: 5248
total_size: 1852262
package_content: 9Ú´R:«ĞXóDò½+[{=NG$+Üó]æ»qÎ–Ó‰•ş@A=ó^uªøgS³˜²ÚÉ„lĞ×a¢èz•ö—›Æş\Ñ
package End---------------------------------------
iPos: 17824
datakind: 0
iLastBufferSize: 48

SIZE: 16060
HEAD_SIZE:1040
iPos: 1040
datakind: 1
Package Start-------------------------------------
Recv_Data:
file_index: 405
file_name: testfile!
file_size: 4096
package_size: 5248
total_size: 1852262
package_content: ½õ¾½î÷ùœ³ÄÑm[òéäuw>)Ñ¾øf[Í.òÇOŠ$>¹~ëGØ*gİ‚¯çšáôŸÚKÀş"ñ>ÒN£2\‰"¼Ô®vn6¤xƒÏÌzƒ½p?|3ı»%Ç‰/5iîÅ•´•>dƒvÒFÄş›œ{Wéš‹l-Äöö÷G<l7ê	@ã;‡Ay8­èåôàï=ût×óùšCBK•^Ë¿ŸkA7£øsãİ^+ÌZjh,í¦”ã«ö
package End---------------------------------------
iPos: 6288
datakind: 0
iPos: 7328
datakind: 1
Package Start-------------------------------------
Recv_Data:
file_index: 406
file_name: testfile!
file_size: 4096
package_size: 5248
total_size: 1852262
package_content: ³e•6Âö³²L$8òØqórH#<æ¹Ïëş$Ô¦gñ©gªÛ‚ğK$çÉ¸\ıÂsÃĞûT¾"ñO†ü+áÈõ«ËØä!·b!˜Ê9*@BòOjóŸşĞ7¿Úöš_…mLL²yòÜ9—p#åëŒGoZêÃà‡º¼ÏN5kÎÜÉ/Ãú±½ãoø›Â#€ë:€ÆßÛË0"3Œ:œãƒG\õê+©¸ñ¶¿­è–zlºÄ’C3nµ
package End---------------------------------------
iPos: 12576
datakind: 0
iPos: 13616
datakind: 1
iLastBufferSize: 2492

SIZE: 8760
HEAD_SIZE:5248
Package Start-------------------------------------
Recv_Data:
file_index: 407
file_name: testfile!
file_size: 4096
package_size: 5248
total_size: 1852262
package_content: A§]‰‘H¹‘ï‰1nª½@ì=kv/‡Ş–ÈÙÛA%¢Ê¢Ç7İ8ëóuç¯­mW€”RŠg<jT‹²há®ue†2Í¨%µ¼CbÌS¿P ubyş¸¬KŸjB\h:u±·—|sMpû¦é×ÑAà‚£Ôv«¿<­ø*óN¾mE'´,V	ãlş÷;‡bzş•›ájº¬Vú‹}öi&Á*Hã¡5ÛQ«MI?rİÏìÖ×~e™4MO[¶K­cÄ÷B­jÛ¤-“¯À=ñÛ´—I—F·1è;Ş0C³Lå›p=}¹ô©5‰—-sk2¢>C÷W°=¿•aM5ÅÍ×ö-•ñy'“lPÆ¬pHèzÎ•ß˜ÎUêÊ[•üQ©^êw‘Í¨ Â
îUÆôÉ$qœ¥eYİä¶Óf¼]‘N²å¢ö#×'ú×a{ğê/ Z=åä±­ÔÚ—µIÜ]Ç Œ”~5—‰tK¨V'ÀÚ8X‡Ï¶‡z“‚­œö9Æ=óZÃM.U©§±­5ÌÕ‰m.ä
‰ùAÉäddãñÅz‡~xCU·‹V¸am©Kk3·Ì¤`s·³Æ}«€Ñc±ÕÊÌÚLw
@;DÂ2¤Œœ÷Îkµ“RX!GÓ§>ZşíXämu©ô>ıxÙŞ!¨EBN-³JQä“o[gÆøïáßãÓüOàK‹¯
}›#S³}êr@ÇÊËıÎœMQñO„4é×©æÛ\)}7S‰Bœt1·qØÌW®i^$:¤x[RUšÚæ0,éA+¯ó®ßÃ:†ŞëC·´1iW·’5éo)ş%ÇaÓäSÄ7%¬×ãÿ
package End---------------------------------------
iPos: 5248
datakind: 0
iPos: 6288
datakind: 1
iLastBufferSize: 4964

SIZE: 8760
HEAD_SIZE:5248
Package Start-------------------------------------
Recv_Data:
file_index: 408
file_name: testfile!
file_size: 4096
package_size: 5248
total_size: 1852262
package_content: ®ç	ep­=Êœ‡ûÅ	8ÇvÁÀÏ<w§éúZ2˜ó9q.%Ll+B¡ìHÉÁô®Z¼Ôââ‰Å`ê)¹òÙ;œÏÅ;f°ñSİF“Gö€²$¢#³v0À¶1É:÷«>ÿ
package End---------------------------------------
iPos: 5248
datakind: 0
iPos: 6288
datakind: 1
Package Start-------------------------------------
Recv_Data:
file_index: 409
file_name: testfile!
file_size: 4096
package_size: 5248
total_size: 1852262
package_content: İ÷ƒSum)mâó£Œºc?(éQ{3£ÙK—^‡-ö|§vøÉêO­3ÅRÛkFH°É —ƒV4ùíŠ¨Vè3PxÎİ¢Õc\½FéUfå©Q÷é6Ì=Bâcr‚8‰F<œr*9mÄÇÁ5&£tÖWëüçwøÕ»³-º+Œ´n>Vªö[Ê>ê)Ci;œ2wïEYf™TÉ:6:ÑRÙ—*"û2AÍÓqŠ~ï×Ò¢yTe‘0=XÔmÅÔ¸eCzÔ®€†8q^¶ìö‰ÒSå‡s“Û”»Õ[pmÄ@şT©k¶Éî¤”*Œmº¹¨X
package End---------------------------------------
iPos: 11536
datakind: 0
iPos: 12576
datakind: 1
iLastBufferSize: 1148

SIZE: 16060
HEAD_SIZE:5248
Package Start-------------------------------------
Recv_Data:
file_index: 410
file_name: testfile!
file_size: 4096
package_size: 5248
total_size: 1852262
package_content: >8m¤¶ÁxóG™Ö7
	íTïCYJ'°¿]“uRÀ+ Ôoîuk”¶•cL€ÀSÆgk_uù¼Ëı<ÚøÜa·waÛİêœÔw2¼bî†k¾$şÊğÉıäÏ%Är$Û,êÄœ5‹áKj÷[ÍÅ¼¾cÙ“*‘7½ÏÇ¹¨¥ğåÆ‘<Ö-FYIPX¨ÇëÍejŸôoÎ4»]^kÙ‚Ì°`Å	 ¿ÇqòúV”¥tkí%hìvºÏÄK_øbû]•œ…-Sv×ya@ÇLu$tæÖRÉ7ˆà˜°dœ g-œ—Aœ“êO5‰ôm_Ä6qëv×bâÙ7íƒ–äsøŸz[™µ("Õ'óà#Hã¬‰Æ¾(©¯¼ŠåQºÜí¼»-îá"…c¼Fy¸­Ÿé+«xşÙ™¦`Ò©+Q»q÷½êŒ%a»6„±,Òcè*ß‰ü[—£O9šşæ2––±íÉr:àğ
package End---------------------------------------
iPos: 5248
datakind: 0
iPos: 6288
datakind: 1
Package Start-------------------------------------
Recv_Data:
file_index: 411
file_name: testfile!
file_size: 4096
package_size: 5248
total_size: 1852262
package_content: Ò>8½»ñ¥®­¹t`¯çKk¦Ó‘€1œŒdúæº¿…_´Ç‰5=,j¾-²Ò|ˆmK´[VY›•U;¸85ÑNšQ½¬¿à’ÀÖŞéıç®Yè>%m<J×vMtóáQìˆt'©ÎzñY±èº„$ê“¹È<œw®/Mı°>^êæ+ûÍ5ÕMÊ6 O?00×®úÓÄÒkÚZÿ
package End---------------------------------------
iPos: 11536
datakind: 0
iPos: 12576
datakind: 1
iLastBufferSize: 4632

SIZE: 16060
HEAD_SIZE:5248
Package Start-------------------------------------
Recv_Data:
file_index: 412
file_name: testfile!
file_size: 4096
package_size: 5248
total_size: 1852262
package_content: ßüãè.µ]â½h¤UY!u
package End---------------------------------------
iPos: 5248
datakind: 0
iPos: 6288
datakind: 1
Package Start-------------------------------------
Recv_Data:
file_index: 413
file_name: testfile!
file_size: 4096
package_size: 5248
total_size: 1852262
package_content: ¸çî?ÃØ­zqÓ5}y ø“áÆ1>Ó{¥™‹,/ßn€G¦k¤ñ¿…»ÌŞ™>Ñœ\i·fëÇ÷O¿J¥ğÒê(…Æ•}'Ù›îKnzÄŞ˜î¾õçWÆÁSu-fºJ4îÜ¯¡ÔŸOAòu³ö{«²6ÖdaÛÔ×šk_üKàÏK¦K«\Ÿ$dIó·± ğkÓ¼C£øwÅööê×Io,.c7}JÛ±×¥y¿Å?„©wâïoµûXdò<µ”&Ñ‡çÒºpxŠ8Ü2©5g°bISæèé¼?ûCk÷ök{§ê	4ªG–æ,}=k øûHkĞx{NñŸöo›i}˜nLH|È¥QÏæ3Çµxõ§Ã¨ü1‹«İrÖ(&qS’Ã¦­néóÛêBóÂEãÍQ4	;áZ@2ôÍféAI©mÒæ415Ô$ªvĞÔğ‡íhº„š†˜‘ŞÂß4ˆ9ÀÏ ¯PÃõ®öŠ>
package End---------------------------------------
iPos: 11536
datakind: 0
iPos: 12576
datakind: 1
Package Start-------------------------------------
Recv_Data:
file_index: 414
file_name: testfile!
file_size: 4096
package_size: 5248
total_size: 1852262
package_content: áQòÃÉªÑù÷3dçæ$ÔöñCö„ImÇğ/?•8ÓQ÷º™(êløGK‡R¼[€÷U#Ë‚Ö-ÎŞùè+¨½k{¡5Õ¬1ê3Ú;.?‰Ôp=»×5ˆ.ô?û/EÔg·2HMÇ–¡]½2ãœ{Um>ÚçQÔ#³°ˆÍwu&ÄLõ$ã¯õ¨”9õgTyd’/xWÔüHû¯ŒrCŒÎ@
­ßã5JÖú[2ÃGyc
ï#æ“>İ‡¥\ñ¥ºi7) ZÜ¤ÍlŸ¾ò[äó?‹¸éšÏ€][*]Ë1Œ‘•
ü€;ŸJ¨Å[As>bÆ—kv%‘šÒYnJ“’ÙÇS¸&™äÚ¼½¸ØªvÍ.ÒXùæ£Ôô¨Vúá¥ÅràÁÎI«‰­êWÚ”aİ
"à²à»7BI#ƒüª'˜ãËÔÛşÅiîá¥hd‘„¶áNÕ·ŒKÏ1êiº™â=EÓüÉ¥´r|»tùØv;GZ}æ ll-¥±wxÜƒvK4ÁNB“Ô÷â®è¾<Du­+Iw
¹%ø‚~µÆÓb«M5 ¾¶¸ğ÷†ocÅ-­¢‰ˆÉ‘øË·sÍexv-çP_évK…-A¹¸sÚºx§HñŸj#Î‰ò3Ú°/µÕ$›LµO.p­æ(Mø'Ú³´j\ËVpªue{­Yé\‚;››˜æD*Ò,\*ubqÓÓ5RâÆşîå"^³†Èv*;…öõ=é.mngk=.İvÁtj-‰fc’yöã¿ãZºN“a¦G5İ¼æ%'Ë7ş|»3ü?í÷íÅ4ì4”U›i¤.‰ª‹»ÈZ—,Pªıç§°êME{{m¯k+¢K¢3üØó$Û„\d¶zSQx›WñÏÙ¡±…"ÓmºdŞ?O0ç–>„ÕXj!™çx%KXÛ÷ÓL1‘×#İê;®i¥ÕŞÄºŠx~ŞK}JÔ]$º—7W’(ÔtDöÇ\ÕiÖÖÉ>y÷KòÈ²K¿¶ıUVşé5]LÙéÉö‰•Ø'—Êœã¯®:×@Ö_„ü=öŸ_›íJCûˆç[aÜg©?¦k¢1i&÷œÈ«?‰,m¼<4ĞCñó(Ü¤†Ç'>¦²tû=ONÑ§k¤ùÉ<›V(ªF=¸’:è´O^ø¢8õiôøô‹Y÷và/™"÷f•úŸZë4õÑluH¼'ej÷ğª©‰C ú—éŠe²ÖáiNi%©‹á©õ»Ó•`7l6Ê›ğ!ã…±õô¨|I¥ëQ_G¥´d+æànb^?AWßÃÿ
package End---------------------------------------
iPos: 17824
datakind: 0
iPos: 18864
datakind: 1
iLastBufferSize: 1828

SIZE: 16060
HEAD_SIZE:5248
Package Start-------------------------------------
Recv_Data:
file_index: 415
file_name: testfile!
file_size: 4096
package_size: 5248
total_size: 1852262
package_content: ›pdÇ8úšúËYøqà¿ÙKgªxjÂE¸oßÊöã,zõäã­yGÆÏÙ[Ãš>‹sâO‡ò]G4J_û)ó*ÉÏ!	åp;tâ»"OOÈİb“~úş¿Ã¯<[âFOÜ
ó€q«:_Œ¼a¦Á4xtK¨™D¹'#¨ìİ²+y®7y^s}ìAÎy½ûWWá/§|™“ˆßşYƒık¢¯³„uGT¦ÒÜ£‚¤¸ŒK©İÈ €D`øş†­Ûéšnm-‡#˜e¿3ô­k‘%Ïú¨°9ÉÖ¨Üééƒ$’>{wãë\R©9nÎw)3;P¾M¦ßhÉê§¡§Yhiw£İêmhƒbì·HùÏCø
package End---------------------------------------
iPos: 5248
datakind: 0
iPos: 6288
datakind: 1
Package Start-------------------------------------
Recv_Data:
file_index: 416
file_name: testfile!
file_size: 4096
package_size: 5248
total_size: 1852262
package_content: ı†›¢GÇˆ/gµa¨j¶~ZÅÙÇ–ªì¬ªÊAİ€ãœféW…Dù¤“]?­é^<éëıu+Ø/‰Èò2U3”28\œûóKâëº<FK­2Ûr™#¹ûÃğ®fïÇ°Eyskqâ'k)7„ŞÄÀ€wdöÎ2+ŸñgÅÏù‘ik~Ú”¯&×Áw„,xRÇ
package End---------------------------------------
iPos: 11536
datakind: 0
iPos: 12576
datakind: 1
Package Start-------------------------------------
Recv_Data:
file_index: 417
file_name: testfile!
file_size: 4096
package_size: 5248
total_size: 1852262
package_content: ñœÚİ®•%™¶·Õã<zsß¡¬½g@nävT‚BÃ2)Áa‚qïZıEF<ë_"ÕI7fw£ç†­.,A™d‹eÄŒ~q0ûÀÿ
package End---------------------------------------
iPos: 17824
datakind: 0
iLastBufferSize: 64

SIZE: 16060
HEAD_SIZE:1040
iPos: 1040
datakind: 1
Package Start-------------------------------------
Recv_Data:
file_index: 418
file_name: testfile!
file_size: 4096
package_size: 5248
total_size: 1852262
package_content: "ßµSßÒ¸ê`©Â\Ô´ò;ğñ­Z¢o¡Øü=ñG…şÜÜéRY$´…Ûxã'½IãïŠ¾9»±gÑ\Û¸!ZÉù^=*ŠWSÅv÷ †(Lğ,ÍÀ2.3ŠÄñm¿‚"ÑÛ^ğÅûZ3A.S>ø®Ås·³}ÿ
package End---------------------------------------
iPos: 6288
datakind: 0
iPos: 7328
datakind: 1
Package Start-------------------------------------
Recv_Data:
file_index: 419
file_name: testfile!
file_size: 4096
package_size: 5248
total_size: 1852262
package_content: R
package End---------------------------------------
iPos: 12576
datakind: 0
iPos: 13616
datakind: 1
iLastBufferSize: 2508

SIZE: 16060
HEAD_SIZE:5248
Package Start-------------------------------------
Recv_Data:
file_index: 420
file_name: testfile!
file_size: 4096
package_size: 5248
total_size: 1852262
package_content: olç­c%îJ)t¢ãbÇ„¼ugğùÚë_“ş%ÑİÄ·wÌy™6
¼¶‡9Ï5ê:õ…Äpá6©”ƒœ~Ÿ•|åñJBÿ
package End---------------------------------------
iPos: 5248
datakind: 0
iPos: 6288
datakind: 1
Package Start-------------------------------------
Recv_Data:
file_index: 421
file_name: testfile!
file_size: 4096
package_size: 5248
total_size: 1852262
package_content: ½õ®ÊXŠ˜Ê)7çÓĞª5]'ÑúŸ+jºtºĞY4K…œ’B‚=qŞ±|©ÚøJåt{U[ÍAÆmÒ4Bƒ€ïÄôğ{WÓ_?f¯
package End---------------------------------------
iPos: 11536
datakind: 0
iPos: 12576
datakind: 1
Package Start-------------------------------------
Recv_Data:
file_index: 422
file_name: testfile!
file_size: 4096
package_size: 5248
total_size: 1852262
package_content: Ÿ¼CªXêĞE:^Ø#i:…¬„ÛßÂÃFO§9_¼§ƒÆìêÅÒ•9ïÿ
package End---------------------------------------
iPos: 17824
datakind: 0
iLastBufferSize: 744

SIZE: 16060
HEAD_SIZE:1040
iPos: 1040
datakind: 1
Package Start-------------------------------------
Recv_Data:
file_index: 423
file_name: testfile!
file_size: 4096
package_size: 5248
total_size: 1852262
package_content: E½’jzt.çÙTòyÀÇã]5Ö­à¨ì#ÔÚhí~ÙµÑœ>óàñÏ¥:‘v×cxàÖ)')İ%·oĞŞûv‡¼ùÔ‹ÊÎ›p}ˆ¯;ñwÅ]u£i“ÜÃ4dùª£æÜx'ŠßÔnl´+«GeŒëµ&İ¹{ÿ
package End---------------------------------------
iPos: 6288
datakind: 0
iPos: 7328
datakind: 1
Package Start-------------------------------------
Recv_Data:
file_index: 424
file_name: testfile!
file_size: 4096
package_size: 5248
total_size: 1852262
package_content: ¦sŠ«§;¸UOWšr×Mµ³õÿ
package End---------------------------------------
iPos: 12576
datakind: 0
iPos: 13616
datakind: 1
iLastBufferSize: 3188

SIZE: 13140
HEAD_SIZE:5248
Package Start-------------------------------------
Recv_Data:
file_index: 425
file_name: testfile!
file_size: 4096
package_size: 5248
total_size: 1852262
package_content: à+;ÀÂİv[\%í¹htù3ŒI“ó¸ä•22j§Æ_„´‡m.ü5áY4;&æO²Í·„Ïp o3ü‰‘´(;¹ãšòŸşÆ´‡Äİé–7fæ&g·µÕ1S™@%³ÀQÆQÍ{¸¿	%íq5ÖÑÿ
package End---------------------------------------
iPos: 5248
datakind: 0
iPos: 6288
datakind: 1
Package Start-------------------------------------
Recv_Data:
file_index: 426
file_name: testfile!
file_size: 4096
package_size: 5248
total_size: 1852262
package_content: ‰Úç—K˜ĞíG|½×"½ãÄy|%lşÓîY5[¤”ƒoƒ‚gn˜ì½y5ŒBæx"’âI£T…ï®á‘ôÆkÓËğî0uªi}½ºPää·:¯„³İê:Æµyn†ĞˆfÎÉŸáøïÚ»	õ7•<·¸³÷Ü8Z³¤èú&gö/MŠ(73G<rzòj¦tËWËÃ“8ÃÇŸÒ°”ùê9GDs¹^NÆT¶¶w35v•·w¹¥T–ÒÆÍÔI™0pD+ŸÏµ^»†I%-&ÕLüËçğÏsïÒ’=%|±nÄŸ¹¿«7ëS*Ğ†äó$VK›¥ˆÉkvÑíäàgÿ
package End---------------------------------------
iPos: 11536
datakind: 0
iPos: 12576
datakind: 1
iLastBufferSize: 3752

SIZE: 16060
HEAD_SIZE:5248
Package Start-------------------------------------
Recv_Data:
file_index: 427
file_name: testfile!
file_size: 4096
package_size: 5248
total_size: 1852262
package_content: Ÿ$¯ş“ò3Ì‘`}ÈïíF£ß‡<BE…Ô7^É$p®Ã¨*zdz~™/›âëú<	Ì`˜`C…›•'®xÇ=©¹©Sä’ôf²§E5£[ç†õ?øJ¦ƒH¹xî
package End---------------------------------------
iPos: 5248
datakind: 0
iPos: 6288
datakind: 1
Package Start-------------------------------------
Recv_Data:
file_index: 428
file_name: testfile!
file_size: 4096
package_size: 5248
total_size: 1852262
package_content: –mba…iÎ=CL\¦×ÙB¿™i&3Èş•n™ZÇ(ñ=k™ş×-†ŸNµ£¦ë/,TÒn9ëSnà—.¥ëíj+‹!m,]_"p~eöúU{]eìïb–ñ›
Ö/LzTœÉ?»Sy5‹?ú)‡åaÂqô¦Õ‹çmİ“¡üSÑí¢×#iaˆØµZ¿ñF«ƒåmé^Exq}•àeCqŸQVôQ).÷H8äzè…gd™Ü³
¼œ¬èuÍHµÁ0J
¯¨¼0_j ´j¼òAëX—ƒZ\N‚Iû¦ŸáÍxY]†‘“I¥Ís9ªóHë|[á]Fsuar%<g­`ézœVçlÉ»‰¥më¾)W±Ií®9#•Ï_jå†£İÉicÆã†÷§S•¤tb½šânÜ@“Ä.-Ht?xÒ­i¶=¾çNzŠÏĞ.ÒÆqkæ.A€Iõ­'}NÍ„kä2ƒ8úV-s{¶05'r;­$œ•NsÖ³/tÖ¶©ÙÇC]©³šØ›ë`7.+t5•ªhPİFÓ;¸	óG¸u­}›Š5I\ä¤W	£8é‘Ö«ö×!­ÜÔ‚:Ö†£pN!fÚßÆjÅ´ˆä™
package End---------------------------------------
iPos: 11536
datakind: 0
iPos: 12576
datakind: 1
Package Start-------------------------------------
Recv_Data:
file_index: 429
file_name: testfile!
file_size: 4096
package_size: 5248
total_size: 1852262
package_content: o§ÚeÛ'îÅ
IÈ?…&­¬`bC³~Åé´u,¥sşk½Jò]O\¢>VÚÜ?\â?¥E¹vDy–¦šêşá¡…‰3µ@ãóîMsüA…|cºE‹ûAÊ,Œ3û•8ü¨Ïjèõ›­?L²ŸTº“É¶´„ÈìÜ…Û»zzùÏâ'/>%øÈ®.WM…öÛÚy€ùH
package End---------------------------------------
iPos: 17824
datakind: 0
iPos: 18864
datakind: 1
iLastBufferSize: 948

SIZE: 16060
HEAD_SIZE:5248
Package Start-------------------------------------
Recv_Data:
file_index: 430
file_name: testfile!
file_size: 4096
package_size: 5248
total_size: 1852262
package_content: ÙGdÉkbQZ&œd®
package End---------------------------------------
iPos: 5248
datakind: 0
iPos: 6288
datakind: 1
Package Start-------------------------------------
Recv_Data:
file_index: 431
file_name: testfile!
file_size: 4096
package_size: 5248
total_size: 1852262
package_content: £ˆ[I4?kùc-…ô
package End---------------------------------------
iPos: 11536
datakind: 0
iPos: 12576
datakind: 1
iLastBufferSize: 4432

SIZE: 16060
HEAD_SIZE:5248
Package Start-------------------------------------
Recv_Data:
file_index: 432
file_name: testfile!
file_size: 4096
package_size: 5248
total_size: 1852262
package_content: .e£2Sœ}×©Òˆ./|)u¥êğ2Ï¤>ÙŒo'·p+Á<oği,5ö½·”,2|êˆ>Wïkß|ãv—_ƒÂŞ*·ûNŸ}	¶ûSIo—»àààÕ|=½Ó¬n´íÃP]:VVtûêş%<«wô5¥9ÎŠOn‡¡â0öNí{á16ØµëxH*.Iú]>Ÿ¨è¾ÓÑV%T’8úõ÷£SğåÅäZ¤V¢P2wäã§È=«øƒswqb¶Ÿ2œÀáò+³3kC’-êLş(Ğ5ßiì.æš5Ê4³mX°„•ĞÃãoøXI‡—±eş«wü¼ÅİsØŠóİ5â³²ØU‹¹Û×Ôâ›·:‰’æÙü© ¸löïõ«”c5±£rjıObğ¹Ö´«¿ë £İ#yNx9©ö9ãğ¯9†ZÅô—°Ùx¾EœÈŞu¥nÆ4`…ù>•İxÅÖ—šÌWs°Œå|™}=¨÷®ß[³òn¾ßkx¸PÇ{×gV“q‹Ô‰Utç¡ó¬ÿ
package End---------------------------------------
iPos: 5248
datakind: 0
iPos: 6288
datakind: 1
Package Start-------------------------------------
Recv_Data:
file_index: 433
file_name: testfile!
file_size: 4096
package_size: 5248
total_size: 1852262
package_content: íQ´Óîå]JæP‹k¢–ØpzçPéŞ°×#•¼–ûÙ’C³këüª*Ö5·ÌŒD¡§*wşºm“K›QŠÊ{ôYf“kNÀ°ÁGZèíllm.’Á'Ú¾T,7ÌG=;}M`·‚ï´›‡¸²•\gI/1œzÔŞÓ¡ğõ­çˆµK²e¹c±…2d
package End---------------------------------------
iPos: 11536
datakind: 0
iPos: 12576
datakind: 1
Package Start-------------------------------------
Recv_Data:
file_index: 434
file_name: testfile!
file_size: 4096
package_size: 5248
total_size: 1852262
package_content: Ç­RQ´îßp¦ğÒ§tû¯òÿ
package End---------------------------------------
iPos: 17824
datakind: 0
iPos: 18864
datakind: 1
iLastBufferSize: 1628

SIZE: 16060
HEAD_SIZE:5248
Package Start-------------------------------------
Recv_Data:
file_index: 435
file_name: testfile!
file_size: 4096
package_size: 5248
total_size: 1852262
package_content: P†öÚ+ò¹ùß?)#¦Hõêàsˆš‹gbŒjaÜâõ]:Ø±û"›–ø…¨J“-‰WfKîmÁí‚~µíz¬x-*€H,AÏåÅx¯ì¿ªèşñåÎ…â9¦µ–öµËáTJ~xÕ³Ï-‘Ÿz÷(Ób{›˜ğˆB•^§ßZàÌ¿ŞÜÍ+U¡-1õ{{TA VªpsıNMr:±{ëã.¤ÉÛªÂ%Ş=©®šâÆâîúKÍMä[îÚ¬„N¿X:†~Ëöm6'ŠfëqsHıkÍ•[Ù%ó9ÖGŸx§ÄÚ€mïˆ%ó/]@¶Ò ˜oäd;/céÏSÚ»x×H×şi^%ñ½üVñ)–9ã·@£šØ‰IçĞ
ÊÔ~xY½ºÕ¥½ÔŞö`JÍwveQ.Ò9ä€pqœb¼ÿ
package End---------------------------------------
iPos: 5248
datakind: 0
iPos: 6288
datakind: 1
Package Start-------------------------------------
Recv_Data:
file_index: 436
file_name: testfile!
file_size: 4096
package_size: 5248
total_size: 1852262
package_content: Í¨jñ‡Hó¾Iª±Ç@zâ²aĞ53Şœ%»¼ÑnÊÍm\Hˆ)û½ı©Â®ÖÅÒ|©½R×s­Ò¼Kmwà˜ìVà;Bä0CÄŠ{óù×]èğø‚vµ¸•¢»°œÉhXœ·<®=Æ+|ÛèĞˆí­ïJKc7îæXÉûşØ=©uÿ
package End---------------------------------------
iPos: 11536
datakind: 0
iPos: 12576
datakind: 1
iLastBufferSize: 5112

SIZE: 16060
HEAD_SIZE:5248
Package Start-------------------------------------
Recv_Data:
file_index: 437
file_name: testfile!
file_size: 4096
package_size: 5248
total_size: 1852262
package_content: \÷‰ôË¹uÓ”lLß»$uúU'öv—™=|U{rjúÜ·¤•‰u{ÃšŒ&{8$Yœşò)U½ıPÆŞr%ÓîŠ0 ùRX’³:R-ÕÀ9G>â¶T¬¬™M#¬–Xo'0$2#ã;\…V¸·^Œ?:ÌĞ5{åÔ¡Q1 ¸\0ìk Ô¡HîL0[ =+>W	X†µĞÅb¬›¢$ô­‹XMÅ˜Ï2GÊsP}™”å†xcN•­ezäS–¨qkc¹ÑÖ?ø0é·J<è†ŸQÒ¹m:ËQ°i· …÷XVç‚ï%Òõ‰fºs]6§¢$ó»kuË˜t÷”RiÂæ‘‚–†Š$Ú2~õlErŒ¹W9î<x~p»²£pEW”Z[ŒJù#®§ÙM	Ğ­FÜNySœÕ#u–ÚÂŸ=İ„¬#ß´ç<Õá¥ZÏsŸâfî™³›f%Ä‰»rş•Z[ÂW3]ø^Yâ%9ÇJÂÔ´‰¬¤ep:QgÕ
TçÑN;‚_o–yèh¥¶|ç¿z+A­ŒdY~n™8À©Z1Î8'“I‚’ü~´­‘–99í^«±ë¥añL¤¬:õ4„üÄ’{šTà0õâ)Â‚¸ÈëíHcT0İŸÆœÉ“Éçv6æ£mÎÁ¸<òic¹€†W‘—¹luúU=ƒ¨öfŒâ\ÊÇ æ¡¹¸šO!á²cÔo®Idtí±‡á¤+—5VÜÍ¨İ„f.ÌßÄrI=*,Øœµ²5µ=BK6ÎíàE•—9PxÇ¿5@«Üó1>¦­ëª-=*&æÑ0FxÜy5œ©tï¹‰ã#µ8¥aM¾fZCFc‰’y&–U4]£?NI5
package End---------------------------------------
iPos: 5248
datakind: 0
iPos: 6288
datakind: 1
Package Start-------------------------------------
Recv_Data:
file_index: 438
file_name: testfile!
file_size: 4096
package_size: 5248
total_size: 1852262
package_content: ßS7Hów4,ô¨Šbê$ò‡Ë!İéøı*×ö+XO±:Ém&J«÷sÓ>”ÛõH˜ØÃ*ÆŞ?+VÂi-æ2ı‰dù‰•>ØïMÅ-Q‹HÆÔôHo%ïcíø}yïüĞ¨Â¶7#Æ}ôô¯g¹³ÓuAç¼g‘ØRr„úf°¼WáÕ°]*c‘JÏs•ùÔÆ|²¸Fnœ®ˆ~şĞ6¾'µ—ÃŞ)ÛMvl7Ly®ÀÖ¶íïnåµ“m»í1–‰Çu<ƒì03^Qâÿ
package End---------------------------------------
iPos: 11536
datakind: 0
iPos: 12576
datakind: 1
Package Start-------------------------------------
Recv_Data:
file_index: 439
file_name: testfile!
file_size: 4096
package_size: 5248
total_size: 1852262
package_content: šK½µÓúÔ×ÚÔÌÚ¤ågŸG~š~ä$ş0Ó¼Q?Úm&D«±ĞŒu ûÿ
package End---------------------------------------
iPos: 17824
datakind: 0
iPos: 18864
datakind: 1
iLastBufferSize: 2308

SIZE: 5840
HEAD_SIZE:5248
Package Start-------------------------------------
Recv_Data:
file_index: 440
file_name: testfile!
file_size: 4096
package_size: 5248
total_size: 1852262
package_content: ©ø^auqÆo-$9g`Ã’	9ôÁÆ3Vt/é¾>Ó7Z\® âš1ÓÌ~¼Tô¯
kºÏ‹áÖí¥·D²´x5_´Éµ^qŒw<×]H¥Nï¡xYÖ¦İ8îÏ>×ng—KŸÆ°.u{Xà@?¾ÎYÿ
package End---------------------------------------
iPos: 5248
datakind: 0
iPos: 6288
datakind: 1
iLastBufferSize: 1860

SIZE: 8760
HEAD_SIZE:5248
Package Start-------------------------------------
Recv_Data:
file_index: 441
file_name: testfile!
file_size: 4096
package_size: 5248
total_size: 1852262
package_content: ŞŞÛÅ~šU°@«{e+x˜“ó)şáàcøqï]¸LM>UF®dÿ
package End---------------------------------------
iPos: 5248
datakind: 0
iPos: 6288
datakind: 1
iLastBufferSize: 4332

SIZE: 16060
HEAD_SIZE:5248
Package Start-------------------------------------
Recv_Data:
file_index: 442
file_name: testfile!
file_size: 4096
package_size: 5248
total_size: 1852262
package_content: DÕZC“÷Hù_®Op£½v~—NÑ>ßjšµÏ–—zŒVÃä#	ï@œœ/¾jeïF÷5¢ä©ÍEé×úõg=¨øzõd¶ĞôØf’êH~dˆã,y<úsúf½ÄZ<~ø9eáí>ú	ŞgT¹–ÙóÁå€õ^ŞõT]i‰> ğÚ‰/îÔ™äc·È‡?ˆ[Zø¯­YC¤èúU¶3l¯C¹\
package End---------------------------------------
iPos: 5248
datakind: 0
iPos: 6288
datakind: 1
Package Start-------------------------------------
Recv_Data:
file_index: 443
file_name: testfile!
file_size: 4096
package_size: 5248
total_size: 1852262
package_content: …õ›Æ¸¶ä¼¶—e<¹Hè
package End---------------------------------------
iPos: 11536
datakind: 0
iPos: 12576
datakind: 1
Package Start-------------------------------------
Recv_Data:
file_index: 444
file_name: testfile!
file_size: 4096
package_size: 5248
total_size: 1852262
package_content: ¼o[ÒµOHºN¹¥\X0ÿ
package End---------------------------------------
iPos: 17824
datakind: 0
iPos: 18864
datakind: 1
iLastBufferSize: 1528

SIZE: 5840
HEAD_SIZE:5248
Package Start-------------------------------------
Recv_Data:
file_index: 445
file_name: testfile!
file_size: 4096
package_size: 5248
total_size: 1852262
package_content: '´°2Ì°ÇûÈ1ÁÜ¿Ä8úW_ám#DÆÑÏ$L¤„I`Ö»™ü	o~ĞÎ®‚DŒıÕ!°H#¡¸5ÎêÂ„ö:§—Á{ÔÏ’ü9âOèZ¹Õ,5›‰7çA4­™GpAÈc^“¡x’9n!×"Òmäfå&‹0Ê­õW¬Oû:ø;X•šËL*çïÛ¢ßn{{v«zWìÙk4awHù8õªXê^ÑI˜Ò„áSß8Í4ÙŞZBb[–Ì¶Ò/Ê‡¾1ÛÒºÏÉ›I´Ç;£xÉCœæ´&ø/wa6mÕ¾Q…x"³ŸÁ¾(ğíø)¾ËÉ2ªüÑ’8cê+Ö§¡Ë¤£§Š§NšHåcÕ5ÙüQÿ
package End---------------------------------------
iPos: 5248
datakind: 0
iPos: 6288
datakind: 1
iLastBufferSize: 1080

SIZE: 16060
HEAD_SIZE:5248
Package Start-------------------------------------
Recv_Data:
file_index: 446
file_name: testfile!
file_size: 4096
package_size: 5248
total_size: 1852262
package_content: ŒqŸZĞºŠY6Æà†íQJ;×èjyw"TeÊ%®ƒbG5¤£n~ı+Mc·”•€'¡ªzÏ‡µP\°r=*ıæ·%Æ¤£}ÌkÑç6ğ˜Á¢¤¹R±#§SïE	¤Ñƒ
package End---------------------------------------
iPos: 5248
datakind: 0
iPos: 6288
datakind: 1
Package Start-------------------------------------
Recv_Data:
file_index: 447
file_name: testfile!
file_size: 4096
package_size: 5248
total_size: 1852262
package_content: ¦YFDÅüÏ,É¸cH=«Œñ
x¢k{6¤×¯ûˆæùQXô
package End---------------------------------------
iPos: 11536
datakind: 0
iPos: 12576
datakind: 1
iLastBufferSize: 4564

SIZE: 7300
HEAD_SIZE:5248
Package Start-------------------------------------
Recv_Data:
file_index: 448
file_name: testfile!
file_size: 4096
package_size: 5248
total_size: 1852262
package_content: N¦]&ïOñÿ
package End---------------------------------------
iPos: 5248
datakind: 0
iPos: 6288
datakind: 1
Package Start-------------------------------------
Recv_Data:
file_index: 449
file_name: testfile!
file_size: 4096
package_size: 5248
total_size: 1852262
package_content: ’D-m~m•Ô[À’9â<:•$äràõ¯^*¬g+/?ó.iÔÒjŞvü×ù	ã/è>7ÒWÆú&„f¼Ú¦å,åÙ9ãŒcås™0ïW/ü+uö|âù¦³ÔşÎ'Ò—QAÀ^ 	G*}C‚+Ú¾è_³ŸíñÓÄş‰~xÏíRgÃ*º°Ñ9,Dôi<Ï˜t$àç#ªı¤>_øæÉ¼;¯ØË¥ëV×MÄ˜
package End---------------------------------------
iPos: 11536
datakind: 0
iLastBufferSize: 328

SIZE: 16060
HEAD_SIZE:1040
iPos: 1040
datakind: 1
Package Start-------------------------------------
Recv_Data:
file_index: 450
file_name: testfile!
file_size: 4096
package_size: 5248
total_size: 1852262
package_content: “òç½øéåw¿§ğÔ‡H±ğí½³!!Œ«½³õ­\[àyUğ•ğ³å‘ØÛ\O™S‘Tu×½W×å¼kf´Ñì˜—@Âb@ØkÖ<[®kZßÛêÎ'HøZMoXº“Âú^¤×6âÑO†9b9•;œê<’Dèş3¸¿’KÙIÇË8¡µVïÃz¦ŠL7—qm+ÔgŒúFöªWúºÛbârÍ	Æ×ÎqŸZÓÒ<@^ÅÌ2¬¡SÄü‡NÄQëZË™­¥ÔŸ¾÷êzoÂ¸Î£à¸|ÆËD¥$ÉçƒÖ›wæima•úV'ÃZé:UÜS»¤ÊƒÏZ“Sø£Ùƒz·a•¸ùznëŠP‹’³]Nog&İ¤¸…c‚E<ğG
RUy|sÚ°o¾"Ç¨2ˆ~e¿µ6ÃÇî·²n@V@r1ĞĞá4ô²™Ò5Œ¯_¹{Dé÷Ÿ`•‘¤–İ	ÉR®KSø‰©9ÿ
package End---------------------------------------
iPos: 6288
datakind: 0
iPos: 7328
datakind: 1
Package Start-------------------------------------
Recv_Data:
file_index: 451
file_name: testfile!
file_size: 4096
package_size: 5248
total_size: 1852262
package_content: |gfO‹<¾”Q_U“üu½WäwËã~¬µoÌ;OCdz×Û~Ô/î¾éW7³I+ê6òI!,Ëæ¨Á'œcµVÙ§ÃRßğíä]ø¼ˆ¾‘•
package End---------------------------------------
iPos: 12576
datakind: 0
iPos: 13616
datakind: 1
iLastBufferSize: 2772

SIZE: 4556
HEAD_SIZE:5248
Package Start-------------------------------------
Recv_Data:
file_index: 452
file_name: testfile!
file_size: 870
package_size: 5248
total_size: 1852262
package_content: ˆÙC+$3[N&‰['îÁù‡CÏ<×üL‚<N"\å†vŒã(¢ºáü{9ğ#ó0ü KEtÈØx=*Üÿ
package End---------------------------------------
iPos: 5248
datakind: 0
iPos: 6288
datakind: 0
total size: 1852262
total recv: 2849504
