----xkboundary
Content-Disposition: form-data; name= "file"; filename="test.test.op"
Content-Type: application/octet-stream

   p   |       ï¿½  |       ##include "pString.hpp"adfafs
#include <vector>
#include <cstdio>
#include <cstdlib>
#include <stdarg.h>
#include <sys/stat.h>

enum class TokenFlag{
    FLAG_COMMENT,
    FLAG_BLANK,
    FLAG_PUNCUATION,
    FLAG_ACTION,
    FLAG_NAME,
    FLAG_TABLE_FILED_NAME,
    FLAG_TABLE_FILED_TYPE_NAME,
    FLAG_TABLE_FILED_SIZE,
    FLAG_TABLE_FILED_ATTRIBUTE,
    FLAG_TABLE_PRIMARY_KEY,
    FLAG_TABLE_FILED_COMMENT,
    FLAG_TABLE_OTHER_ATTRIBUTE,
    FLAG_OTHER
};

struct Token{
    TokenFlag flag;
    WString   content;
    Token(TokenFlag tf):flag(tf){}
    Token(){}
    virtual bool is(WString ct) = 0;
    virtual ~Token(){};
};

struct ActionToken:Token{
    AString action;
    ActionToken(AString ac):Token(TokenFlag::FLAG_ACTION),action(ac){};
};

struct NameToken:Token{
    AString action;
    NameToken(AString ac):Token(TokenFlag::FLAG_NAME),action(ac){};
};

struct Filed{
    AString FiledName;
    AString FiledComment;
    AString OtherDesc;
    AString FiledType;
    AString FiledSize;
};

struct ForeignKey{
    AString ForeignKeyName;
    AString ForeignReferenceTable;
};

struct CreateExpression{
    AString TableName;
    Filed   PrimaryKey;
    AString OtherTableDesc;
    vector<Filed> FiledList;
    vector<ForeignKey> ForeignList;
};

constexpr const char* REPEATCOND  = "%NOREPEAT%";
constexpr const char* FILEREFCOND = "%FILEREF%";
constexpr const char* ALTERCOND   = "%ALTER%";


class Parse{
    public:
    static vector<AString> mList;
    static vector<CreateExpression> mCreateList;
    static bool   twocond;

    template<typename U>
    static size_t SkipBlank(U* src){
        U* temp = src;
        while(*src && (*src == ' ' || *src=='\r' || *src=='\n')) src++;
        return src-temp-1;
    }

    static bool IsInterface(const AString & src){
        return src.Equal("'") || src.Equal('`') ? true : false;
    }

    static void init(const char * filename){
        auto file = fopen(filename,"r");
        char buf[2048];
        int size = 0;
        AString temp = "";
        while(1){
            size=fread(buf,sizeof(char),sizeof(buf),file);
            
            for(int index =0;index<size;index++){

                if(buf[index] == ' ' || buf[index] == '\r' || buf[index] == '\n') 
                {
                    if(!temp.Empty()) mList.push_back(temp);
                    temp = "";
                    index += SkipBlank(&buf[index]);
                }else if(buf[index] == ';' || buf[index] == '\'' || buf[index] == '(' || buf[index] == ')' || buf[index] == '=' || buf[index] == ',' || buf[index] == '`'){
                    if(temp._length() > 1){
                        mList.push_back(temp.substr(0,temp._length()));
                        mList.push_back(buf[index]);
                    }else{
                        mList.push_back(buf[index]);
                    }
                    temp = "";
                }else{
                    temp+=buf[index];
                }
            }
            if(feof(file)) break;
        }
        fclose(file);
    } 

    static void parse(){
        decltype(mList)::iterator it;

        auto SkipSingle = [&](decltype(it) temp){
            while(it->Equal("'") || it->Equal("`")){
                it++;
            }
            return it;
        };

        for(it = mList.begin();it!=mList.end();it ++){
            if((it->ToUpper()) == "CREATE" && it+1 != mList.end() && (it+1)->ToUpper() == "TABLE"){
                it+=2;
                CreateExpression temp;
                
                SkipSingle(it);
                temp.TableName = *it++;
                SkipSingle(it);
                it++;
                while(1){
                    if(it->Equal(")") && (it+1)!=mList.end() && (it+1)->Equal(")")) break;
                    Filed filed;
                    bool  PushFlag = true;
                    
                    if(it->Equal(",")) it++;
                    if(it->ToLowwer().Equal("p      ï¿½     ï¿½  	  ï¿½      index).TableName;
            AString ClassName = Normalize(TableName);
            AString FolerName = ClassName;
            AString FileName  = ClassName+".php";
            AString GFileName = FolerName+"/"+ClassName+".php";
            mkdir(FolerName.c_str(),0755);
            Filed PrimaryKey  = Parse::mCreateList.at(index).PrimaryKey;
            auto   ThisFiled  = Parse::mCreateList.at(index);
            auto   FiledList  = Parse::mCreateList.at(index).FiledList;
            size_t FiledSize  = FiledList.size();
            ret+="    //TableName: "+TableName+"\n";
            ret+="    Class "+ClassName+"{\n";
            for(int indexY = 0;indexY<FiledSize;indexY++){
                ret+="        public $"+Parse::mCreateList.at(index).FiledList.at(indexY).FiledName+";\n";
            }
             ret+="\n";
            //construct
            ret+="        public function __construct(";
            for(int indexY = ;indexY<FiledSize;indexY++){
                AString temp;

                //emit AUTO_INCREMENT record
                if(FiledList.at(indexY).OtherDesc.ToUpperN().Contain("AUTO_INCREMENT")) continue;

                if(indexY == FiledSize-1) 
                    temp = "){\n";
                else temp =",";
                ret+= "$"+Parse::mCreateList.at(index).FiledList.at(indexY).FiledName+temp;
            }
            for(int indexY = 0;indexY<FiledSize;indexY++){
                //emit AUTO_INCREMENT record
                if(FiledList.at(indexY).OtherDesc.ToUpperN().Contain("AUTO_INCREMENT")) continue;

                ret+= "            $this->"+Parse::mCreateList.at(index).FiledList.at(indexY).FiledName+" = $"+Parse::mCreateList.at(index).FiledList.at(indexY).FiledName+";\n";
            }
            ret+="        }\n\n";

            //Check
            ret+="        public function Check(){\n            ";
            for(int indexY =0;indexY<FiledSize;indexY++){
                AString TempFiledName = FiledList.at(indexY).FiledName;
                if(FiledList.at(indexY).FiledComment.ToUpperN().Contain(REPEATCOND) || FiledList.at(indexY).OtherDesc.ToUpperN().Contain("UNIQUE")){
                    ret+= "if(!empty($this->"+TempFiledName+")){\n                $ret=MysqlHelper::S_IsEmptySet(\"SELECT * FROM "+TableName+" WHERE "+TempFiledName+" = ?\",'"+ToType(TempFiledName)+"',$this->"+TempFiledName+");\n";
                    ret+= "                if($ret->resultcode<0) return $ret;\n                if($ret->data !=0) return new ReturnObject(-233,\""+TempFiledName+" can not repeat\");\n            }\n\n            ";
                }
            }
            ret+= "return new ReturnObject(0,\"\");\n        }\n\n";

            //Add
            ret+="       public function Add(){\n            $ret = $this->Check();\n            if($ret->resultcode!=0) return $ret;\n            MysqlHelper::$UseUTF8 =true;\n\n            ";
            ret+="$insertSql = \"INSERT INTO "+TableName+"(\n                ";
            for(int indexY = 0;indexY<FiledSize;indexY++){
                AString temp;
                //emit AUTO_INCREMENT record
                if(FiledList.at(indexY).OtherDesc.ToUpperN().Contain("AUTO_INCREMENT")) continue;

                if(indexY == FiledSize-1) {
                    temp = ")VALUES(";
                    for(int indexZ = 0;indexZ <FiledSize;indexZ++){
                        //emit AUTO_INCREMENT record
                        if(FiledList.at(indexZ).OtherDesc.ToUpperN().Contain("AUTO_INCREMENT")) continue;

                        temp+=(indexZ==FiledSize-1?"?)\";\r":"?,");
                    }
                }
                else temp =",\n                ";
                ret+=FiledList.at(indexY).FiledName+temp;
            }
            ret+="\n\n            return MysqlHelper::SafeQuery($insertSql,\"";
            for(int indexY = 0;indexY<FiledSize;indexY++){
                //emit AUTO_INCREMENT record
                if(FiledList.at(indexY).OtherDesc.ToUpperN().Contain("AUTO_ 0     ï¿½       @     ï¿½       P     ï¿½      `  &
  ï¿½       ique);";
                ret+="\n        }\n\n        ";
            }
            ret+="//DELETE FUNCTIONS END----------------------------------------------------\n\n        ";

            //DeleteAction
            AString DeleteCode = "<?php \n    include_once(\'"+FileName+"');\n\n    echo json_encode((function(){\n        header(\"content-type:application/json\");\n        return "+ClassName+"::DeleteBy"+Normalize(ThisFiled.PrimaryKey.FiledName)+"(\n            GetRealValueSafe('value')\n        );\n    })());\n        ";
            auto DeleteFile = fopen(FolerName+"/Delete.php","wr");
            fwrite(DeleteCode.c_str(),sizeof(char),DeleteCode._length(),DeleteFile);
            SAFE_CLOSE(DeleteFile);

            //DeleteArray
            ret+="//DELTE ALL FUNCTIONS START----------------------------------------------------\n";
            for(int indexY=0;indexY<FiledSize;indexY++){
                ret+="        public static function DeleteArrayBy"+Normalize(FiledList.at(indexY).FiledName)+"($IdArray){\n            foreach($IdArray as $item){\n              if(($ret="+ClassName+"::DeleteBy"+Normalize(FiledList.at(indexY).FiledName)+"($item))->resultcode<0) return new ReturnObject(-224,\"failed when delete {$item} failed reason: {$ret->data}\");\n            }\n            return new ReturnObject(0,\"Delete All Ok!\");"+"\n        }\n\n";
            }
            ret+="        //DELETE FUNCTIONS END----------------------------------------------------\n\n";
            AString DeleteArrayCode = "<?php \n    include_once(\'"+FileName+"');\n\n    echo json_encode((function(){\n        header(\"content-type:application/json\");\n        return "+ClassName+"::DeleteArrayBy"+Normalize(ThisFiled.PrimaryKey.FiledName)+"(\n             GetRealValueSafe('array','none')\n        );\n    })());\n";
            auto DeleteArrayFile = fopen(FolerName+"/DeeteArray.php","wr");
            fwrite(DeleteArrayCode.c_str(),sizeof(char),DeleteArrayCode._length(),DeleteArrayFile);
            SAFE_CLOSE(DeleteArrayFile);

            ret+="    }\n";
            auto file = fopen(GFileName,"wr");
            fwrite(ret.c_str(),sizeof(char),ret._length(),file);
            SAFE_CLOSE(file);
        }
    }
};

vector<AString> Parse::mList;
vector<CreateExpression> Parse::mCreateList;
bool Parse::twocond = false;

int main(int argc, char const *argv[])
{

    {
        // SHOW_MESSAGE(*++argv++,1);
        Parse::init(argc>1?*++argv:"xk_show.sql");
        // Parse::init("xk_show.sql");
        if(argc>2) {
            Parse::twocond = AString(*++argv).ToUpperN().Equal("COMPLEX")?true:false;
        }

        Parse::parse();
        Parse::Test();

        // SHOW_MESSAGE(Parse::mCreateList1.size(),1);        

        // for(int index=0;index<Parse::mCreateList.size();index++){
             
        //      for(int indexY=0;indexY<Parse::mCreateList.at(index).FiledList.size();indexY++){
        //          SHOW_MESSAGE(Parse::mCreateList.at(index).FiledList.at(indexY).FiledName.c_str(),1);
        //      }
        //  }
        
        // SHOW_MESSAGE(Parse::mList.size(),1);
        // for(int index=0;index<Parse::mList.size();index++){
        //     SHOW_MESSAGE(Parse::mList.at(index).c_str(),1);
        // }
    }

    return 0;
}
return 0;

mrx
----xkboundary--

